Archive member included to satisfy reference by file (symbol)

/usr/bin/../lib/gcc/arm-none-eabi/7.3.1/thumb/v7-m/libgcc.a(_aeabi_ldivmod.o)
                              rtos.o (__aeabi_ldivmod)
/usr/bin/../lib/gcc/arm-none-eabi/7.3.1/thumb/v7-m/libgcc.a(_aeabi_uldivmod.o)
                              rtos.o (__aeabi_uldivmod)
/usr/bin/../lib/gcc/arm-none-eabi/7.3.1/thumb/v7-m/libgcc.a(_udivmoddi4.o)
                              /usr/bin/../lib/gcc/arm-none-eabi/7.3.1/thumb/v7-m/libgcc.a(_aeabi_ldivmod.o) (__udivmoddi4)
/usr/bin/../lib/gcc/arm-none-eabi/7.3.1/thumb/v7-m/libgcc.a(_dvmd_tls.o)
                              /usr/bin/../lib/gcc/arm-none-eabi/7.3.1/thumb/v7-m/libgcc.a(_aeabi_ldivmod.o) (__aeabi_ldiv0)

Allocating common symbols
Common symbol       size              file

__dso_handle        0x4               bmptk_cortex.o

Discarded input sections

 .group         0x0000000000000000        0x8 KeypadTaak.o
 .group         0x0000000000000000        0x8 KeypadTaak.o
 .group         0x0000000000000000        0x8 KeypadTaak.o
 .group         0x0000000000000000        0x8 KeypadTaak.o
 .group         0x0000000000000000        0x8 KeypadTaak.o
 .group         0x0000000000000000        0x8 KeypadTaak.o
 .group         0x0000000000000000        0x8 KeypadTaak.o
 .group         0x0000000000000000        0x8 KeypadTaak.o
 .group         0x0000000000000000        0x8 KeypadTaak.o
 .group         0x0000000000000000        0x8 KeypadTaak.o
 .group         0x0000000000000000        0x8 KeypadTaak.o
 .group         0x0000000000000000        0x8 KeypadTaak.o
 .group         0x0000000000000000        0x8 KeypadTaak.o
 .group         0x0000000000000000        0x8 KeypadTaak.o
 .group         0x0000000000000000        0x8 KeypadTaak.o
 .group         0x0000000000000000        0xc KeypadTaak.o
 .group         0x0000000000000000        0xc KeypadTaak.o
 .group         0x0000000000000000        0xc KeypadTaak.o
 .group         0x0000000000000000        0xc KeypadTaak.o
 .group         0x0000000000000000        0xc KeypadTaak.o
 .group         0x0000000000000000        0xc KeypadTaak.o
 .group         0x0000000000000000        0xc KeypadTaak.o
 .group         0x0000000000000000        0xc KeypadTaak.o
 .group         0x0000000000000000        0xc KeypadTaak.o
 .group         0x0000000000000000        0xc KeypadTaak.o
 .group         0x0000000000000000        0xc KeypadTaak.o
 .text          0x0000000000000000        0x0 KeypadTaak.o
 .data          0x0000000000000000        0x0 KeypadTaak.o
 .bss           0x0000000000000000        0x0 KeypadTaak.o
 .text._ZN3due11ad_pin_infoENS_7ad_pinsE
                0x0000000000000000       0x1c KeypadTaak.o
 .text._ZN3due11ad_seq_infoEm
                0x0000000000000000       0x20 KeypadTaak.o
 .text._ZN5hwlib19uart_char_availableEv
                0x0000000000000000        0x4 KeypadTaak.o
 .text._ZN5hwlib9uart_getcEv
                0x0000000000000000        0x4 KeypadTaak.o
 .rodata._ZZN3due11ad_pin_infoENS_7ad_pinsEE17ad_pin_info_array
                0x0000000000000000        0xc KeypadTaak.o
 .rodata._ZZN3due11ad_seq_infoEmE12ad_seq_array
                0x0000000000000000       0x70 KeypadTaak.o
 .group         0x0000000000000000        0xc InputControlTaak.o
 .group         0x0000000000000000        0x8 InputControlTaak.o
 .group         0x0000000000000000        0xc InputControlTaak.o
 .group         0x0000000000000000        0xc InputControlTaak.o
 .text          0x0000000000000000        0x0 InputControlTaak.o
 .data          0x0000000000000000        0x0 InputControlTaak.o
 .bss           0x0000000000000000        0x0 InputControlTaak.o
 .text._ZN6sam3xa10SystemInitEv
                0x0000000000000000       0x7c InputControlTaak.o
 .text._ZN3due8pin_infoENS_4pinsE
                0x0000000000000000       0x20 InputControlTaak.o
 .text._ZN3due11ad_pin_infoENS_7ad_pinsE
                0x0000000000000000       0x1c InputControlTaak.o
 .text._ZN3due11ad_seq_infoEm
                0x0000000000000000       0x20 InputControlTaak.o
 .text._ZN3due14port_registersEm
                0x0000000000000000       0x54 InputControlTaak.o
 .text._ZN3due12ticks_per_usEv
                0x0000000000000000        0x6 InputControlTaak.o
 .text._ZN3due9now_ticksEv
                0x0000000000000000       0x80 InputControlTaak.o
 .text._ZN5hwlib9uart_putcEc
                0x0000000000000000        0x4 InputControlTaak.o
 .text._ZN5hwlib19uart_char_availableEv
                0x0000000000000000        0x4 InputControlTaak.o
 .text._ZN5hwlib9uart_getcEv
                0x0000000000000000        0x4 InputControlTaak.o
 .bss._ZZN3due9now_ticksEvE4high
                0x0000000000000000        0x8 InputControlTaak.o
 .bss._ZZN3due9now_ticksEvE8last_low
                0x0000000000000000        0x4 InputControlTaak.o
 .bss._ZZN3due9now_ticksEvE9init_done
                0x0000000000000000        0x1 InputControlTaak.o
 .data._ZN6sam3xa15SystemCoreClockE
[...]
Memory Configuration

Name             Origin             Length             Attributes
rom              0x0000000000000000 0x0000000000080000 xr
ram              0x0000000020000000 0x0000000000018000 xrw
nul              0x0000000020018000 0x0000000000000000 xrw
*default*        0x0000000000000000 0xffffffffffffffff

Linker script and memory map

LOAD /usr/bin/../lib/gcc/arm-none-eabi/7.3.1/thumb/v7-m/libgcc.a
LOAD KeypadTaak.o
LOAD InputControlTaak.o
LOAD switch_to.o
LOAD coroutine.o
LOAD rtos.o
LOAD hwlib.o
LOAD main.o
LOAD bmptk_cortex.o
LOAD bmptk_heap_bmptk.o
LOAD bmptk_fixed_size_stack.o
LOAD /usr/bin/../lib/gcc/arm-none-eabi/7.3.1/../../../../arm-none-eabi/lib/thumb/v7-m/libm.a
LOAD /usr/bin/../lib/gcc/arm-none-eabi/7.3.1/thumb/v7-m/libgcc.a
LOAD /usr/bin/../lib/gcc/arm-none-eabi/7.3.1/../../../../arm-none-eabi/lib/thumb/v7-m/libc.a
                0x0000000000000000                __rom_start = ORIGIN (rom)
                0x0000000000080000                __rom_size = LENGTH (rom)
                0x0000000000080000                __rom_end = (__rom_start + __rom_size)
                0x0000000020000000                __ram_start = ORIGIN (ram)
                0x0000000000018000                __ram_size = LENGTH (ram)
                0x0000000020018000                __ram_end = (__ram_start + __ram_size)
                [!provide]                        PROVIDE (__rom_start = __rom_start)
                [!provide]                        PROVIDE (__rom_size = __rom_size)
                [!provide]                        PROVIDE (__rom_end = __rom_end)
                [!provide]                        PROVIDE (__ram_start = __ram_start)
                [!provide]                        PROVIDE (__ram_size = __ram_size)
                [!provide]                        PROVIDE (__ram_end = __ram_end)

.text           0x0000000000000000     0x28c8
                0x0000000000000000                . = ALIGN (0x4)
                0x0000000000000000                __text_start = .
                [!provide]                        PROVIDE (__text_start = __text_start)
                0x0000000000000000                . = ALIGN (0x4)
 *(.vectors)
 .vectors       0x0000000000000000       0x20 bmptk_cortex.o
                0x0000000000000000                __vectors
                0x0000000000000020                . = ALIGN (0x4)
 *(.text .text.* .gnu.linkonce.t.*)
 .text._ZN5hwlib21port_direct_from_in_t14number_of_pinsEv
                0x0000000000000020        0x8 KeypadTaak.o
                0x0000000000000020                hwlib::port_direct_from_in_t::number_of_pins()
 .text._ZN5hwlib21port_direct_from_in_t4readEv
                0x0000000000000028       0x18 KeypadTaak.o
                0x0000000000000028                hwlib::port_direct_from_in_t::read()
 .text._ZN5hwlib21port_direct_from_in_t7refreshEv
                0x0000000000000040        0x2 KeypadTaak.o
                0x0000000000000040                hwlib::port_direct_from_in_t::refresh()
 .text._ZN5hwlib21port_direct_from_oc_t14number_of_pinsEv
                0x0000000000000042        0x8 KeypadTaak.o
                0x0000000000000042                hwlib::port_direct_from_oc_t::number_of_pins()
 .text._ZN5hwlib21port_direct_from_oc_t5writeEj
                0x000000000000004a       0x18 KeypadTaak.o
                0x000000000000004a                hwlib::port_direct_from_oc_t::write(unsigned int)
 .text._ZN5hwlib21port_direct_from_oc_t4readEv
                0x0000000000000062       0x18 KeypadTaak.o
                0x0000000000000062                hwlib::port_direct_from_oc_t::read()
 .text._ZN5hwlib21port_direct_from_oc_t5flushEv
                0x000000000000007a        0x2 KeypadTaak.o
                0x000000000000007a                hwlib::port_direct_from_oc_t::flush()
 .text._ZN5hwlib21port_direct_from_oc_t7refreshEv
                0x000000000000007c        0x2 KeypadTaak.o
                0x000000000000007c                hwlib::port_direct_from_oc_t::refresh()
 .text._ZN5hwlib7istream11getc_nowaitEv
                0x000000000000007e       0x1a KeypadTaak.o
                0x000000000000007e                hwlib::istream::getc_nowait()
 .text._ZN3due6pin_in4readEv
                0x0000000000000098       0x10 KeypadTaak.o
                0x0000000000000098                due::pin_in::read()
 .text._ZN3due6pin_in7refreshEv
                0x00000000000000a8        0x2 KeypadTaak.o
                0x00000000000000a8                due::pin_in::refresh()
 .text._ZN3due6pin_oc4readEv
                0x00000000000000aa       0x10 KeypadTaak.o
                0x00000000000000aa                due::pin_oc::read()
 .text._ZN3due6pin_oc5writeEb
                0x00000000000000ba       0x10 KeypadTaak.o
                0x00000000000000ba                due::pin_oc::write(bool)
 .text._ZN3due6pin_oc5flushEv
                0x00000000000000ca        0x2 KeypadTaak.o
                0x00000000000000ca                due::pin_oc::flush()
 .text._ZN3due6pin_oc7refreshEv
                0x00000000000000cc        0x2 KeypadTaak.o
                0x00000000000000cc                due::pin_oc::refresh()
 .text._ZN5hwlib6keypadILi16EE4getcEv
                0x00000000000000ce       0x24 KeypadTaak.o
                0x00000000000000ce                hwlib::keypad<16>::getc()
 *fill*         0x00000000000000f2        0x2 
 .text._ZN6sam3xa10SystemInitEv
                0x00000000000000f4       0x7c KeypadTaak.o
                0x00000000000000f4                sam3xa::SystemInit()
 .text._ZN3due8pin_infoENS_4pinsE
                0x0000000000000170       0x20 KeypadTaak.o
                0x0000000000000170                due::pin_info(due::pins)
 .text._ZN3due14port_registersEm
                0x0000000000000190       0x54 KeypadTaak.o
                0x0000000000000190                due::port_registers(unsigned long)
 .text._ZN3due6pin_inC2ENS_4pinsE
                0x00000000000001e4       0x34 KeypadTaak.o
                0x00000000000001e4                due::pin_in::pin_in(due::pins)
                0x00000000000001e4                due::pin_in::pin_in(due::pins)
 .text._ZN3due6pin_ocC2ENS_4pinsE
                0x0000000000000218       0x34 KeypadTaak.o
                0x0000000000000218                due::pin_oc::pin_oc(due::pins)
                0x0000000000000218                due::pin_oc::pin_oc(due::pins)
 .text._ZN3due12ticks_per_usEv
                0x000000000000024c        0x6 KeypadTaak.o
                0x000000000000024c                due::ticks_per_us()
 *fill*         0x0000000000000252        0x2 
 .text._ZN3due9now_ticksEv
                0x0000000000000254       0x80 KeypadTaak.o
                0x0000000000000254                due::now_ticks()
 .text._ZN5hwlib9uart_putcEc
                0x00000000000002d4        0x4 KeypadTaak.o
                0x00000000000002d4                hwlib::uart_putc(char)
 .text._ZN5hwlib6keypadILi16EE7pressedEv
                0x00000000000002d8       0x70 KeypadTaak.o
                0x00000000000002d8                hwlib::keypad<16>::pressed()
 .text.startup._ZN10KeypadTaak4mainEv
                0x0000000000000348      0x148 KeypadTaak.o
                0x0000000000000348                KeypadTaak::main()
 .text._ZN5hwlib6keypadILi16EE14char_availableEv
                0x0000000000000490       0x4a KeypadTaak.o
                0x0000000000000490                hwlib::keypad<16>::char_available()
 .text._ZN16InputControlTaak10KeyPressedEc
                0x00000000000004da       0x4a InputControlTaak.o
                0x00000000000004da                InputControlTaak::KeyPressed(char)
                0x000000000000051a                non-virtual thunk to InputControlTaak::KeyPressed(char)
 .text._ZN5hwlib7ostream6fillerEi
                0x0000000000000524       0x1a InputControlTaak.o
                0x0000000000000524                hwlib::ostream::filler(int)
 .text._ZN5hwliblsERNS_7ostreamEPKc
                0x000000000000053e       0x54 InputControlTaak.o
                0x000000000000053e                hwlib::operator<<(hwlib::ostream&, char const*)
 *fill*         0x0000000000000592        0x2 
 .text.startup._ZN16InputControlTaak4mainEv
                0x0000000000000594      0x214 InputControlTaak.o
                0x0000000000000594                InputControlTaak::main()
 .text          0x00000000000007a8       0x24 switch_to.o
                0x00000000000007a8                switch_from_to
 .text._ZN4rtos8callback6cancelEv
                0x00000000000007cc        0xa rtos.o
                0x00000000000007cc                rtos::callback::cancel()
 .text._ZN5hwlib7ostream7reverse10add_prefixERKS0_.part.2
                0x00000000000007d6       0x4c rtos.o
 .text._ZN5hwlib7ostreamlsEc
                0x0000000000000822        0xe rtos.o
                0x0000000000000822                hwlib::ostream::operator<<(char)
 .text._ZN5hwliblsERNS_7ostreamEi
                0x0000000000000830       0x92 rtos.o
                0x0000000000000830                hwlib::operator<<(hwlib::ostream&, int)
 .text._ZN5hwliblsERNS_7ostreamEx
                0x00000000000008c2       0xc4 rtos.o
                0x00000000000008c2                hwlib::operator<<(hwlib::ostream&, long long)
 .text._ZN5hwliblsERNS_7ostreamEj
                0x0000000000000986        0xc rtos.o
                0x0000000000000986                hwlib::operator<<(hwlib::ostream&, unsigned int)
 .text._Z6strlenPKc
                0x0000000000000992       0x10 rtos.o
                0x0000000000000992                strlen(char const*)
 .text._Z6strcpyPcPKc
                0x00000000000009a2       0x14 rtos.o
                0x00000000000009a2                strcpy(char*, char const*)
 .text._Z15string_allocatePKc
                0x00000000000009b6       0x26 rtos.o
                0x00000000000009b6                string_allocate(char const*)
 .text._Z12nr_from_maskj
                0x00000000000009dc       0x1a rtos.o
                0x00000000000009dc                nr_from_mask(unsigned int)
 *fill*         0x00000000000009f6        0x2 
 .text._Z15task_trampolinev
                0x00000000000009f8       0x34 rtos.o
                0x00000000000009f8                task_trampoline()
 .text._ZN4rtos9task_base7releaseEv
                0x0000000000000a2c       0x24 rtos.o
                0x0000000000000a2c                rtos::task_base::release()
 .text._ZN4rtos9task_base7suspendEv
                0x0000000000000a50        0x8 rtos.o
                0x0000000000000a50                rtos::task_base::suspend()
 .text._ZN4rtos9task_base6resumeEv
                0x0000000000000a58        0x8 rtos.o
                0x0000000000000a58                rtos::task_base::resume()
 .text._ZN4rtos9task_base7unblockEv
                0x0000000000000a60       0x14 rtos.o
                0x0000000000000a60                rtos::task_base::unblock()
 .text._ZN4rtos9task_base5blockEv
                0x0000000000000a74       0x70 rtos.o
                0x0000000000000a74                rtos::task_base::block()
 .text._ZNK4rtos9task_base5printERN5hwlib7ostreamEb
                0x0000000000000ae4      0x154 rtos.o
                0x0000000000000ae4                rtos::task_base::print(hwlib::ostream&, bool) const
 .text._ZNK4rtos4flag5printERN5hwlib7ostreamEb
                0x0000000000000c38       0xcc rtos.o
                0x0000000000000c38                rtos::flag::print(hwlib::ostream&, bool) const
 .text._ZN4rtos5timer3setEm
                0x0000000000000d04        0xe rtos.o
                0x0000000000000d04                rtos::timer::set(unsigned long)
 *fill*         0x0000000000000d12        0x2 
 .text._ZNK4rtos5timer5printERN5hwlib7ostreamEb
                0x0000000000000d14       0xd0 rtos.o
                0x0000000000000d14                rtos::timer::print(hwlib::ostream&, bool) const
 .text._ZNK4rtos5clock5printERN5hwlib7ostreamEb
                0x0000000000000de4       0xd4 rtos.o
                0x0000000000000de4                rtos::clock::print(hwlib::ostream&, bool) const
 .text._ZN4rtos12waitable_set17waitable_allocateEv
                0x0000000000000eb8       0x38 rtos.o
                0x0000000000000eb8                rtos::waitable_set::waitable_allocate()
 .text._ZN4rtos8waitableC2EPNS_9task_baseEPKc
                0x0000000000000ef0       0x2c rtos.o
                0x0000000000000ef0                rtos::waitable::waitable(rtos::task_base*, char const*)
                0x0000000000000ef0                rtos::waitable::waitable(rtos::task_base*, char const*)
 .text._ZN4rtos12waitable_set3setERKNS_8waitableE
                0x0000000000000f1c       0x14 rtos.o
                0x0000000000000f1c                rtos::waitable_set::set(rtos::waitable const&)
 .text._ZN4rtos5timer7time_upEv
                0x0000000000000f30       0x10 rtos.o
                0x0000000000000f30                rtos::timer::time_up()
                0x0000000000000f3a                non-virtual thunk to rtos::timer::time_up()
 .text._ZN4rtos12waitable_set5clearERKNS_8waitableE
                0x0000000000000f40        0xc rtos.o
                0x0000000000000f40                rtos::waitable_set::clear(rtos::waitable const&)
 .text._ZN4rtos8waitable5clearEv
                0x0000000000000f4c        0xa rtos.o
                0x0000000000000f4c                rtos::waitable::clear()
 .text._ZN4rtos5timer6cancelEv
                0x0000000000000f56       0x16 rtos.o
                0x0000000000000f56                rtos::timer::cancel()
 .text._ZThn16_N4rtos5timer6cancelEv
                0x0000000000000f6c        0x8 rtos.o
                0x0000000000000f6c                non-virtual thunk to rtos::timer::cancel()
 .text._ZN4rtos12waitable_set4waitEj
                0x0000000000000f74       0x64 rtos.o
                0x0000000000000f74                rtos::waitable_set::wait(unsigned int)
 .text._ZNK4rtos5mutex5printERN5hwlib7ostreamEb
                0x0000000000000fd8       0xec rtos.o
                0x0000000000000fd8                rtos::mutex::print(hwlib::ostream&, bool) const
 .text._ZNK4rtos12channel_base5printERN5hwlib7ostreamEb
                0x00000000000010c4       0xe0 rtos.o
                0x00000000000010c4                rtos::channel_base::print(hwlib::ostream&, bool) const
 .text._ZNK4rtos9pool_base5printERN5hwlib7ostreamEb
                0x00000000000011a4       0x78 rtos.o
                0x00000000000011a4                rtos::pool_base::print(hwlib::ostream&, bool) const
 .text._ZNK4rtos12mailbox_base5printERN5hwlib7ostreamEb
                0x000000000000121c       0xc4 rtos.o
                0x000000000000121c                rtos::mailbox_base::print(hwlib::ostream&, bool) const
 .text._ZN4rtos3addEPNS_5timerE
                0x00000000000012e0       0x10 rtos.o
                0x00000000000012e0                rtos::add(rtos::timer*)
 .text._ZN4rtos3addEPNS_12channel_baseE
                0x00000000000012f0       0x10 rtos.o
                0x00000000000012f0                rtos::add(rtos::channel_base*)
 .text._ZN4rtos12channel_baseC2EPNS_9task_baseEPKc
                0x0000000000001300       0x30 rtos.o
                0x0000000000001300                rtos::channel_base::channel_base(rtos::task_base*, char const*)
                0x0000000000001300                rtos::channel_base::channel_base(rtos::task_base*, char const*)
 .text._ZN4rtos5printERN5hwlib7ostreamE
                0x0000000000001330      0x1b4 rtos.o
                0x0000000000001330                rtos::print(hwlib::ostream&)
 .text._ZN4rtos4beatEv
                0x00000000000014e4      0x148 rtos.o
                0x00000000000014e4                rtos::beat()
 .text._ZN4rtos3runEv
                0x000000000000162c       0x20 rtos.o
                0x000000000000162c                rtos::run()
 .text._ZN4rtos3addEPNS_8callbackE
                0x000000000000164c       0x10 rtos.o
                0x000000000000164c                rtos::add(rtos::callback*)
 .text._ZN4rtos8callbackC2EPKc
                0x000000000000165c       0x28 rtos.o
                0x000000000000165c                rtos::callback::callback(char const*)
                0x000000000000165c                rtos::callback::callback(char const*)
 .text._ZN4rtos5timerC2EPNS_9task_baseEPKc
                0x0000000000001684       0x34 rtos.o
                0x0000000000001684                rtos::timer::timer(rtos::task_base*, char const*)
                0x0000000000001684                rtos::timer::timer(rtos::task_base*, char const*)
 .text._ZN4rtos3addEPNS_9task_baseE
                0x00000000000016b8       0x74 rtos.o
                0x00000000000016b8                rtos::add(rtos::task_base*)
 .text._ZN4rtos9task_baseC2ER9coroutineILl0EEjPKc
                0x000000000000172c       0x4c rtos.o
                0x000000000000172c                rtos::task_base::task_base(coroutine<0l>&, unsigned int, char const*)
                0x000000000000172c                rtos::task_base::task_base(coroutine<0l>&, unsigned int, char const*)
 .text._ZN5hwlib7wait_usEi
                0x0000000000001778       0x3c rtos.o
                0x0000000000001778                hwlib::wait_us(int)
 .text._ZN5hwlib7wait_msEi
                0x00000000000017b4       0x16 rtos.o
                0x00000000000017b4                hwlib::wait_ms(int)
 .text._ZN5hwlib14pin_in_dummy_t4readEv
                0x00000000000017ca        0x4 hwlib.o
                0x00000000000017ca                hwlib::pin_in_dummy_t::read()
 .text._ZN5hwlib14pin_in_dummy_t7refreshEv
                0x00000000000017ce        0x2 hwlib.o
                0x00000000000017ce                hwlib::pin_in_dummy_t::refresh()
 .text._ZN5hwlib14pin_oc_dummy_t5writeEb
                0x00000000000017d0        0x2 hwlib.o
                0x00000000000017d0                hwlib::pin_oc_dummy_t::write(bool)
 .text._ZN5hwlib14pin_oc_dummy_t4readEv
                0x00000000000017d2        0x4 hwlib.o
                0x00000000000017d2                hwlib::pin_oc_dummy_t::read()
 .text._ZN5hwlib14pin_oc_dummy_t5flushEv
                0x00000000000017d6        0x2 hwlib.o
                0x00000000000017d6                hwlib::pin_oc_dummy_t::flush()
 .text._ZN5hwlib14pin_oc_dummy_t7refreshEv
                0x00000000000017d8        0x2 hwlib.o
                0x00000000000017d8                hwlib::pin_oc_dummy_t::refresh()
 .text._ZN5hwlib19port_in_from_pins_t14number_of_pinsEv
                0x00000000000017da        0x4 hwlib.o
                0x00000000000017da                hwlib::port_in_from_pins_t::number_of_pins()
 .text._ZN5hwlib19port_in_from_pins_t4readEv
                0x00000000000017de       0x2a hwlib.o
                0x00000000000017de                hwlib::port_in_from_pins_t::read()
 .text._ZN5hwlib19port_in_from_pins_t7refreshEv
                0x0000000000001808       0x20 hwlib.o
                0x0000000000001808                hwlib::port_in_from_pins_t::refresh()
 .text._ZN5hwlib19port_oc_from_pins_t14number_of_pinsEv
                0x0000000000001828        0x4 hwlib.o
                0x0000000000001828                hwlib::port_oc_from_pins_t::number_of_pins()
 .text._ZN5hwlib19port_oc_from_pins_t4readEv
                0x000000000000182c       0x2a hwlib.o
                0x000000000000182c                hwlib::port_oc_from_pins_t::read()
 .text._ZN5hwlib19port_oc_from_pins_t5writeEj
                0x0000000000001856       0x28 hwlib.o
                0x0000000000001856                hwlib::port_oc_from_pins_t::write(unsigned int)
 .text._ZN5hwlib19port_oc_from_pins_t7refreshEv
                0x000000000000187e       0x20 hwlib.o
                0x000000000000187e                hwlib::port_oc_from_pins_t::refresh()
 .text._ZN5hwlib19port_oc_from_pins_t5flushEv
                0x000000000000189e       0x20 hwlib.o
                0x000000000000189e                hwlib::port_oc_from_pins_t::flush()
 .text._ZN5hwlib20cout_using_uart_putc5flushEv
                0x00000000000018be        0x2 hwlib.o
                0x00000000000018be                hwlib::cout_using_uart_putc::flush()
 .text._ZN5hwlib5panicEPKcj
                0x00000000000018c0        0x2 hwlib.o
                0x00000000000018c0                hwlib::panic(char const*, unsigned int)
 *fill*         0x00000000000018c2        0x2 
 .text._ZN5hwlib10background18do_background_workEv
                0x00000000000018c4       0x3c hwlib.o
                0x00000000000018c4                hwlib::background::do_background_work()
 .text._ZN5hwlib3allENS_2xyE
                0x0000000000001900       0x16 hwlib.o
                0x0000000000001900                hwlib::all(hwlib::xy)
 *fill*         0x0000000000001916        0x2 
 .text._ZN5hwlib12port_in_fromERNS_6pin_inES1_S1_S1_S1_S1_S1_S1_S1_S1_S1_S1_S1_S1_S1_S1_
                0x0000000000001918       0x68 hwlib.o
                0x0000000000001918                hwlib::port_in_from(hwlib::pin_in&, hwlib::pin_in&, hwlib::pin_in&, hwlib::pin_in&, hwlib::pin_in&, hwlib::pin_in&, hwlib::pin_in&, hwlib::pin_in&, hwlib::pin_in&, hwlib::pin_in&, hwlib::pin_in&, hwlib::pin_in&, hwlib::pin_in&, hwlib::pin_in&, hwlib::pin_in&, hwlib::pin_in&)
 .text._ZN5hwlib12port_oc_fromERNS_6pin_ocES1_S1_S1_S1_S1_S1_S1_S1_S1_S1_S1_S1_S1_S1_S1_
                0x0000000000001980       0x68 hwlib.o
                0x0000000000001980                hwlib::port_oc_from(hwlib::pin_oc&, hwlib::pin_oc&, hwlib::pin_oc&, hwlib::pin_oc&, hwlib::pin_oc&, hwlib::pin_oc&, hwlib::pin_oc&, hwlib::pin_oc&, hwlib::pin_oc&, hwlib::pin_oc&, hwlib::pin_oc&, hwlib::pin_oc&, hwlib::pin_oc&, hwlib::pin_oc&, hwlib::pin_oc&, hwlib::pin_oc&)
 .text._ZN3due9uart_initEv
                0x00000000000019e8       0x60 hwlib.o
                0x00000000000019e8                due::uart_init()
 .text._ZN3due9uart_putcEc
                0x0000000000001a48       0x20 hwlib.o
                0x0000000000001a48                due::uart_putc(char)
 .text._ZN5hwlib20cout_using_uart_putc4putcEc
                0x0000000000001a68        0xa hwlib.o
                0x0000000000001a68                hwlib::cout_using_uart_putc::putc(char)
 .text._ZN5hwlib6now_usEv
                0x0000000000001a72       0x1c hwlib.o
                0x0000000000001a72                hwlib::now_us()
 .text._ZN5hwlib12wait_us_busyEi
                0x0000000000001a8e       0x1c hwlib.o
                0x0000000000001a8e                hwlib::wait_us_busy(int)
 .text._ZN14TestTaakKeypad12InputMessageE9E_Buttons
                0x0000000000001aaa       0x4a main.o
                0x0000000000001aaa                TestTaakKeypad::InputMessage(E_Buttons)
                0x0000000000001aea                non-virtual thunk to TestTaakKeypad::InputMessage(E_Buttons)
 .text._ZN4rtos7channelIcLi18EE5clearEv
                0x0000000000001af4       0x10 main.o
                0x0000000000001af4                rtos::channel<char, 18>::clear()
 .text._ZN4rtos7channelI9E_ButtonsLi10EE5clearEv
                0x0000000000001b04       0x10 main.o
                0x0000000000001b04                rtos::channel<E_Buttons, 10>::clear()
 .text.startup._ZN14TestTaakKeypad4mainEv
                0x0000000000001b14      0x120 main.o
                0x0000000000001b14                TestTaakKeypad::main()
 .text.startup._ZN10ButtonTaak4mainEv
                0x0000000000001c34       0xa8 main.o
                0x0000000000001c34                ButtonTaak::main()
 .text._ZN4rtos12channel_baseD2Ev
                0x0000000000001cdc       0x30 main.o
                0x0000000000001cdc                rtos::channel_base::~channel_base()
                0x0000000000001cdc                rtos::channel_base::~channel_base()
 .text._ZN4rtos4taskILi4096EEC2EPKc
                0x0000000000001d0c       0x58 main.o
                0x0000000000001d0c                rtos::task<4096>::task(char const*)
                0x0000000000001d0c                rtos::task<4096>::task(char const*)
 .text.startup.main
                0x0000000000001d64      0x148 main.o
                0x0000000000001d64                main
 .text.__startup
                0x0000000000001eac       0x48 bmptk_cortex.o
                0x0000000000001eac                __startup
 .text.__cxa_pure_virtual
                0x0000000000001ef4        0x2 bmptk_cortex.o
                0x0000000000001ef4                __cxa_pure_virtual
 *fill*         0x0000000000001ef6        0x2 
 .text.malloc   0x0000000000001ef8       0x24 bmptk_heap_bmptk.o
                0x0000000000001ef8                malloc
 .text          0x0000000000001f1c       0xa0 /usr/bin/../lib/gcc/arm-none-eabi/7.3.1/thumb/v7-m/libgcc.a(_aeabi_ldivmod.o)
                0x0000000000001f1c                __aeabi_ldivmod
 .text          0x0000000000001fbc       0x30 /usr/bin/../lib/gcc/arm-none-eabi/7.3.1/thumb/v7-m/libgcc.a(_aeabi_uldivmod.o)
                0x0000000000001fbc                __aeabi_uldivmod
 .text          0x0000000000001fec      0x2d0 /usr/bin/../lib/gcc/arm-none-eabi/7.3.1/thumb/v7-m/libgcc.a(_udivmoddi4.o)
                0x0000000000001fec                __udivmoddi4
 .text          0x00000000000022bc        0x4 /usr/bin/../lib/gcc/arm-none-eabi/7.3.1/thumb/v7-m/libgcc.a(_dvmd_tls.o)
                0x00000000000022bc                __aeabi_ldiv0
                0x00000000000022c0                . = ALIGN (0x4)
 *(.glue_7t .glue_7)
 .glue_7        0x00000000000022c0        0x0 linker stubs
 .glue_7t       0x00000000000022c0        0x0 linker stubs
                0x00000000000022c0                . = ALIGN (0x4)
 *(.rodata .rodata.* .gnu.linkonce.r.*)
 .rodata._ZTVN5hwlib21port_direct_from_in_tE
                0x00000000000022c0       0x14 KeypadTaak.o
                0x00000000000022c0                vtable for hwlib::port_direct_from_in_t
 .rodata._ZTVN5hwlib21port_direct_from_oc_tE
                0x00000000000022d4       0x1c KeypadTaak.o
                0x00000000000022d4                vtable for hwlib::port_direct_from_oc_t
 .rodata._ZTVN3due6pin_inE
                0x00000000000022f0       0x10 KeypadTaak.o
                0x00000000000022f0                vtable for due::pin_in
 .rodata._ZTVN3due6pin_ocE
                0x0000000000002300       0x18 KeypadTaak.o
                0x0000000000002300                vtable for due::pin_oc
 .rodata._ZTVN5hwlib6keypadILi16EEE
                0x0000000000002318       0x14 KeypadTaak.o
                0x0000000000002318                vtable for hwlib::keypad<16>
 .rodata._ZN10KeypadTaak4mainEv.str1.1
                0x000000000000232c       0x12 KeypadTaak.o
 .rodata._ZN3due8pin_infoENS_4pinsE.str1.1
                0x000000000000233e       0x33 KeypadTaak.o
 *fill*         0x0000000000002371        0x3 
 .rodata._ZTV10KeypadTaak
                0x0000000000002374       0x14 KeypadTaak.o
                0x0000000000002374                vtable for KeypadTaak
 .rodata._ZZN3due8pin_infoENS_4pinsEE14pin_info_array
                0x0000000000002388       0xa4 KeypadTaak.o
 .rodata._ZN16InputControlTaak4mainEv.str1.1
                0x000000000000242c       0x32 InputControlTaak.o
                                         0x34 (size before relaxing)
 *fill*         0x000000000000245e        0x2 
 .rodata._ZTV16InputControlTaak
                0x0000000000002460       0x24 InputControlTaak.o
                0x0000000000002460                vtable for InputControlTaak
 .rodata._ZTVN4rtos8waitableE
                0x0000000000002484        0xc rtos.o
                0x0000000000002484                vtable for rtos::waitable
 .rodata._ZTVN4rtos8callbackE
                0x0000000000002490       0x10 rtos.o
                0x0000000000002490                vtable for rtos::callback
 .rodata._ZTVN4rtos12channel_baseE
                0x00000000000024a0        0xc rtos.o
                0x00000000000024a0                vtable for rtos::channel_base
 .rodata._Z15task_trampolinev.str1.1
                0x00000000000024ac       0x2e rtos.o
 .rodata._ZN4rtos12waitable_set17waitable_allocateEv.str1.1
                0x00000000000024da       0x1b rtos.o
 .rodata._ZN4rtos3addEPNS_9task_baseE.str1.1
                0x00000000000024f5       0x2e rtos.o
 .rodata._ZN4rtos4beatEv.str1.1
                0x0000000000002523       0x3e rtos.o
 .rodata._ZN4rtos5printERN5hwlib7ostreamE.str1.1
                0x0000000000002561       0x83 rtos.o
 .rodata._ZN4rtos9task_base5blockEv.str1.1
                0x00000000000025e4       0x37 rtos.o
                                         0x4b (size before relaxing)
 .rodata._ZN4rtos9task_baseC2ER9coroutineILl0EEjPKc.str1.1
                0x000000000000261b        0x8 rtos.o
 .rodata._ZNK4rtos12channel_base5printERN5hwlib7ostreamEb.str1.1
                0x0000000000002623       0x23 rtos.o
 .rodata._ZNK4rtos12mailbox_base5printERN5hwlib7ostreamEb.str1.1
                0x0000000000002646       0x1b rtos.o
 .rodata._ZNK4rtos4flag5printERN5hwlib7ostreamEb.str1.1
                0x0000000000002661       0x1e rtos.o
 .rodata._ZNK4rtos5clock5printERN5hwlib7ostreamEb.str1.1
                0x000000000000267f       0x1d rtos.o
 .rodata._ZNK4rtos5mutex5printERN5hwlib7ostreamEb.str1.1
                0x000000000000269c       0x29 rtos.o
 .rodata._ZNK4rtos5timer5printERN5hwlib7ostreamEb.str1.1
                0x00000000000026c5       0x13 rtos.o
 .rodata._ZNK4rtos9pool_base5printERN5hwlib7ostreamEb.str1.1
                0x00000000000026d8       0x10 rtos.o
 .rodata._ZNK4rtos9task_base5printERN5hwlib7ostreamEb.str1.1
                0x00000000000026e8       0x39 rtos.o
 *fill*         0x0000000000002721        0x3 
 .rodata._ZTVN4rtos5timerE
                0x0000000000002724       0x24 rtos.o
                0x0000000000002724                vtable for rtos::timer
 .rodata._ZTVN4rtos9task_baseE
                0x0000000000002748       0x14 rtos.o
                0x0000000000002748                vtable for rtos::task_base
 .rodata._ZTVN5hwlib14pin_in_dummy_tE
                0x000000000000275c       0x10 hwlib.o
                0x000000000000275c                vtable for hwlib::pin_in_dummy_t
 .rodata._ZTVN5hwlib14pin_oc_dummy_tE
                0x000000000000276c       0x18 hwlib.o
                0x000000000000276c                vtable for hwlib::pin_oc_dummy_t
 .rodata._ZTVN5hwlib19port_in_from_pins_tE
                0x0000000000002784       0x14 hwlib.o
                0x0000000000002784                vtable for hwlib::port_in_from_pins_t
 .rodata._ZTVN5hwlib19port_oc_from_pins_tE
                0x0000000000002798       0x1c hwlib.o
                0x0000000000002798                vtable for hwlib::port_oc_from_pins_t
 .rodata._ZTVN5hwlib20cout_using_uart_putcE
                0x00000000000027b4       0x10 hwlib.o
                0x00000000000027b4                vtable for hwlib::cout_using_uart_putc
 .rodata._ZTVN4rtos4taskILi4096EEE
                0x00000000000027c4       0x14 main.o
                0x00000000000027c4                vtable for rtos::task<4096>
 .rodata._ZTV10ButtonTaak
                0x00000000000027d8       0x14 main.o
                0x00000000000027d8                vtable for ButtonTaak
 .rodata._ZTVN4rtos7channelIcLi18EEE
                0x00000000000027ec        0xc main.o
                0x00000000000027ec                vtable for rtos::channel<char, 18>
 .rodata._ZTVN4rtos7channelI9E_ButtonsLi10EEE
                0x00000000000027f8        0xc main.o
                0x00000000000027f8                vtable for rtos::channel<E_Buttons, 10>
 .rodata._ZTV14TestTaakKeypad
                0x0000000000002804       0x24 main.o
                0x0000000000002804                vtable for TestTaakKeypad
 .rodata._ZN14TestTaakKeypad4mainEv.str1.1
                0x0000000000002828       0x33 main.o
                                         0x67 (size before relaxing)
 .rodata._ZN4rtos12channel_baseD2Ev.str1.1
                0x000000000000285b       0x1a main.o
 .rodata.main.str1.1
                0x0000000000002875       0x53 main.o
                0x00000000000028c8                . = ALIGN (0x4)
 *(.ARM.extab* .gnu.linkonce.armextab.*)
                0x00000000000028c8                . = ALIGN (0x4)
 *(.gcc_except_table)
                0x00000000000028c8                . = ALIGN (0x4)
 *(.eh_frame_hdr)
                0x00000000000028c8                . = ALIGN (0x4)
 *(.eh_frame)
                0x00000000000028c8                . = ALIGN (0x4)
                0x00000000000028c8                __text_end = .
                [!provide]                        PROVIDE (__text_end = __text_end)

.vfp11_veneer   0x00000000000028c8        0x0
 .vfp11_veneer  0x00000000000028c8        0x0 linker stubs

.v4_bx          0x00000000000028c8        0x0
 .v4_bx         0x00000000000028c8        0x0 linker stubs

.iplt           0x00000000000028c8        0x0
 .iplt          0x00000000000028c8        0x0 KeypadTaak.o

.IF_YOU_SEE_THIS_YOU_HAVE_ONE_OR_MORE_GLOBAL_OBJECT_CONSTRUCTORS
 *(.init)
 *(.preinit_array)
 *(SORT_BY_NAME(.init_array.*))
 *(.init_array)
                0x00000000000028c8                . = ALIGN (0x4)
                0x00000000000028c8                __exidx_start = .
                [!provide]                        PROVIDE (__exidx_start = __exidx_start)

.ARM.exidx      0x00000000000028c8        0x8
 *(.ARM.exidx* .gnu.linkonce.armexidx.*)
 .ARM.exidx     0x00000000000028c8        0x8 /usr/bin/../lib/gcc/arm-none-eabi/7.3.1/thumb/v7-m/libgcc.a(_udivmoddi4.o)

.rel.dyn        0x00000000000028d0        0x0
 .rel.iplt      0x00000000000028d0        0x0 KeypadTaak.o
                0x00000000000028d0                . = ALIGN (0x4)
                0x00000000000028d0                __exidx_end = .
                [!provide]                        PROVIDE (__exidx_end = __exidx_end)

.bss            0x0000000020000000    0x1405c
                0x0000000020000000                . = ALIGN (0x4)
                0x0000000020000000                __stack_start = .
                [!provide]                        PROVIDE (__stack_start = __stack_start)
                0x0000000020000000                . = ALIGN (0x4)
 *(.bmptk_stack)
 .bmptk_stack   0x0000000020000000    0x14000 bmptk_fixed_size_stack.o
                0x0000000020000000                bmptk_stack
                0x0000000020014000                . = ALIGN (0x8)
                0x0000000020014000                __main_stack_end = .
                [!provide]                        PROVIDE (__main_stack_end = __main_stack_end)
                0x0000000020014000                . = ALIGN (0x4)
                0x0000000020014000                __stack_end = .
                [!provide]                        PROVIDE (__stack_end = __stack_end)
                0x0000000020014000                . = ALIGN (0x4)
                0x0000000020014000                __bss_start = .
                [!provide]                        PROVIDE (__bss_start = __bss_start)
                0x0000000020014000                . = ALIGN (0x4)
 *(.bss .bss.* .gnu.linkonce.b.*)
 .bss._ZZN3due9now_ticksEvE4high
                0x0000000020014000        0x8 KeypadTaak.o
 .bss._ZZN3due9now_ticksEvE8last_low
                0x0000000020014008        0x4 KeypadTaak.o
 .bss._ZZN3due9now_ticksEvE9init_done
                0x000000002001400c        0x1 KeypadTaak.o
 *fill*         0x000000002001400d        0x3 
 .bss._ZN17coroutine_context7main_spE
                0x0000000020014010        0x4 coroutine.o
                0x0000000020014010                coroutine_context::main_sp
 .bss._ZN4rtos10must_clearE
                0x0000000020014014        0x1 rtos.o
                0x0000000020014014                rtos::must_clear
 *fill*         0x0000000020014015        0x3 
 .bss._ZN4rtos17rtos_current_taskE
                0x0000000020014018        0x4 rtos.o
                0x0000000020014018                rtos::rtos_current_task
 .bss._ZN4rtos17scheduler_runningE
                0x000000002001401c        0x1 rtos.o
                0x000000002001401c                rtos::scheduler_running
 *fill*         0x000000002001401d        0x3 
 .bss._ZN4rtos5flagsE
                0x0000000020014020        0x4 rtos.o
                0x0000000020014020                rtos::flags
 .bss._ZN4rtos5poolsE
                0x0000000020014024        0x4 rtos.o
                0x0000000020014024                rtos::pools
 .bss._ZN4rtos6clocksE
                0x0000000020014028        0x4 rtos.o
                0x0000000020014028                rtos::clocks
 .bss._ZN4rtos6timersE
                0x000000002001402c        0x4 rtos.o
                0x000000002001402c                rtos::timers
 .bss._ZN4rtos7mutexesE
                0x0000000020014030        0x4 rtos.o
                0x0000000020014030                rtos::mutexes
 .bss._ZN4rtos8channelsE
                0x0000000020014034        0x4 rtos.o
                0x0000000020014034                rtos::channels
 .bss._ZN4rtos8taskListE
                0x0000000020014038        0x4 rtos.o
                0x0000000020014038                rtos::taskList
 .bss._ZN4rtos9mailboxesE
                0x000000002001403c        0x4 rtos.o
                0x000000002001403c                rtos::mailboxes
 .bss._ZN4rtos9timerListE
                0x0000000020014040        0x4 rtos.o
                0x0000000020014040                rtos::timerList
 *fill*         0x0000000020014044        0x4 
 .bss.last_run_time
                0x0000000020014048        0x8 rtos.o
                0x0000000020014048                last_run_time
 .bss._ZN5hwlib10background5firstE
                0x0000000020014050        0x4 hwlib.o
                0x0000000020014050                hwlib::background::first
 .bss._ZN5hwlib10background7currentE
                0x0000000020014054        0x4 hwlib.o
                0x0000000020014054                hwlib::background::current
 .bss._ZN5hwlib10background7runningE
                0x0000000020014058        0x1 hwlib.o
                0x0000000020014058                hwlib::background::running
 .bss._ZZN3due9uart_initEvE9init_done
                0x0000000020014059        0x1 hwlib.o
                0x000000002001405c                . = ALIGN (0x4)
 *fill*         0x000000002001405a        0x2 
 *(COMMON)
                0x000000002001405c                . = ALIGN (0x4)
                0x000000002001405c                __bss_end = .
                [!provide]                        PROVIDE (__bss_end = __bss_end)

.data           0x000000002001405c       0x30 load address 0x00000000000028d0
                0x000000002001405c                . = ALIGN (0x4)
                0x00000000000028d0                __data_init_start = LOADADDR (.data)
                [!provide]                        PROVIDE (__data_init_start = __data_init_start)
                0x000000002001405c                __data_start = .
                [!provide]                        PROVIDE (__data_start = __data_start)
                0x000000002001405c                . = ALIGN (0x4)
 *(.data .data.* .gnu.linkonce.d.*)
 .data._ZN6sam3xa15SystemCoreClockE
                0x000000002001405c        0x4 KeypadTaak.o
                0x000000002001405c                sam3xa::SystemCoreClock
 .data._ZN17coroutine_context24current_coroutine_sp_ptrE
                0x0000000020014060        0x4 coroutine.o
                0x0000000020014060                coroutine_context::current_coroutine_sp_ptr
 .data._ZN3due7hw_uartE
                0x0000000020014064        0x4 hwlib.o
                0x0000000020014064                due::hw_uart
 .data._ZN5hwlib12pin_in_dummyE
                0x0000000020014068        0x4 hwlib.o
                0x0000000020014068                hwlib::pin_in_dummy
 .data._ZN5hwlib12pin_oc_dummyE
                0x000000002001406c        0x4 hwlib.o
                0x000000002001406c                hwlib::pin_oc_dummy
 .data._ZN5hwlib4coutE
                0x0000000020014070       0x14 hwlib.o
                0x0000000020014070                hwlib::cout
 .data._first_free
                0x0000000020014084        0x4 bmptk_heap_bmptk.o
                0x0000000020014084                _first_free
 .data._last_free
                0x0000000020014088        0x4 bmptk_heap_bmptk.o
                0x0000000020014088                _last_free
                0x000000002001408c                . = ALIGN (0x4)
                0x000000002001408c                __data_end = .
                [!provide]                        PROVIDE (__data_end = __data_end)
                0x00000000000028d0                __data_init_end = LOADADDR (.data)
                [!provide]                        PROVIDE (__data_init_end = __data_init_end)
                [!provide]                        PROVIDE (__data_size = (__data_end - __data_start))
                [!provide]                        PROVIDE (__data_init_size = __data_size)
                [!provide]                        PROVIDE (__data_init_end = (__data_init_start + __data_init_size))

.igot.plt       0x000000002001408c        0x0 load address 0x0000000000002900
 .igot.plt      0x000000002001408c        0x0 KeypadTaak.o
                0x000000002001408c                . = ALIGN (0x4)
                0x000000002001408c                __heap_start = .
                [!provide]                        PROVIDE (__heap_start = __heap_start)
                0x000000002001408c                . = ALIGN (0x4)
                0x0000000020018000                __heap_end = __ram_end
                [!provide]                        PROVIDE (__heap_end = __heap_end)

.stab
 *(.stab)

.stabstr
 *(.stabstr)

.debug
 *(.debug)

.line
 *(.line)

.debug_srcinfo
 *(.debug_srcinfo)

.debug_sfnames
 *(.debug_sfnames)

.debug_aranges
 *(.debug_aranges)

.debug_pubnames
 *(.debug_pubnames)

.debug_info
 *(.debug_info .gnu.linkonce.wi.*)

.debug_abbrev
 *(.debug_abbrev)

.debug_line
 *(.debug_line)

.debug_frame    0x0000000000000000       0xa4
 *(.debug_frame)
 .debug_frame   0x0000000000000000       0x44 /usr/bin/../lib/gcc/arm-none-eabi/7.3.1/thumb/v7-m/libgcc.a(_aeabi_ldivmod.o)
 .debug_frame   0x0000000000000044       0x2c /usr/bin/../lib/gcc/arm-none-eabi/7.3.1/thumb/v7-m/libgcc.a(_aeabi_uldivmod.o)
 .debug_frame   0x0000000000000070       0x34 /usr/bin/../lib/gcc/arm-none-eabi/7.3.1/thumb/v7-m/libgcc.a(_udivmoddi4.o)

.comment        0x0000000000000000       0x7f
 .comment       0x0000000000000000       0x7f KeypadTaak.o
                                         0x80 (size before relaxing)
 .comment       0x000000000000007f       0x80 InputControlTaak.o
 .comment       0x000000000000007f       0x80 coroutine.o
 .comment       0x000000000000007f       0x80 rtos.o
 .comment       0x000000000000007f       0x80 hwlib.o
 .comment       0x000000000000007f       0x80 main.o
 .comment       0x000000000000007f       0x80 bmptk_cortex.o
 .comment       0x000000000000007f       0x80 bmptk_heap_bmptk.o
 .comment       0x000000000000007f       0x80 bmptk_fixed_size_stack.o

.debug_str
 *(.debug_str)

.debug_loc
 *(.debug_loc)

.debug_macinfo
 *(.debug_macinfo)

.debug_weaknames
 *(.debug_weaknames)

.debug_funcnames
 *(.debug_funcnames)

.debug_typenames
 *(.debug_typenames)

.debug_varnames
 *(.debug_varnames)

.note.gnu.arm.ident
 *(.note.gnu.arm.ident)

.ARM.attributes
                0x0000000000000000       0x31
 *(.ARM.attributes)
 .ARM.attributes
                0x0000000000000000       0x33 KeypadTaak.o
 .ARM.attributes
                0x0000000000000033       0x33 InputControlTaak.o
 .ARM.attributes
                0x0000000000000066       0x21 switch_to.o
 .ARM.attributes
                0x0000000000000087       0x33 coroutine.o
 .ARM.attributes
                0x00000000000000ba       0x33 rtos.o
 .ARM.attributes
                0x00000000000000ed       0x33 hwlib.o
 .ARM.attributes
                0x0000000000000120       0x33 main.o
 .ARM.attributes
                0x0000000000000153       0x33 bmptk_cortex.o
 .ARM.attributes
                0x0000000000000186       0x33 bmptk_heap_bmptk.o
 .ARM.attributes
                0x00000000000001b9       0x33 bmptk_fixed_size_stack.o
 .ARM.attributes
                0x00000000000001ec       0x1d /usr/bin/../lib/gcc/arm-none-eabi/7.3.1/thumb/v7-m/libgcc.a(_aeabi_ldivmod.o)
 .ARM.attributes
                0x0000000000000209       0x1d /usr/bin/../lib/gcc/arm-none-eabi/7.3.1/thumb/v7-m/libgcc.a(_aeabi_uldivmod.o)
 .ARM.attributes
                0x0000000000000226       0x2d /usr/bin/../lib/gcc/arm-none-eabi/7.3.1/thumb/v7-m/libgcc.a(_udivmoddi4.o)
 .ARM.attributes
                0x0000000000000253       0x1d /usr/bin/../lib/gcc/arm-none-eabi/7.3.1/thumb/v7-m/libgcc.a(_dvmd_tls.o)

/DISCARD/
 *(.note.GNU-stack)
                [!provide]                        PROVIDE (__text_size = (__text_end - __text_start))
                [!provide]                        PROVIDE (__exidx_size = (__exidx_end - __exidx_start))
                [!provide]                        PROVIDE (__bss_size = (__bss_end - __bss_start))
                [!provide]                        PROVIDE (__stack_size = (__stack_end - __stack_start))
                [!provide]                        PROVIDE (__heap_size = (__heap_end - __heap_start))
OUTPUT(main.elf elf32-littlearm)
