Archive member included to satisfy reference by file (symbol)

/usr/bin/../lib/gcc/arm-none-eabi/7.3.1/thumb/v7-m/libgcc.a(_aeabi_ldivmod.o)
                              runGameTaak.o (__aeabi_ldivmod)
/usr/bin/../lib/gcc/arm-none-eabi/7.3.1/thumb/v7-m/libgcc.a(_aeabi_uldivmod.o)
                              runGameTaak.o (__aeabi_uldivmod)
/usr/bin/../lib/gcc/arm-none-eabi/7.3.1/thumb/v7-m/libgcc.a(_udivmoddi4.o)
                              /usr/bin/../lib/gcc/arm-none-eabi/7.3.1/thumb/v7-m/libgcc.a(_aeabi_ldivmod.o) (__udivmoddi4)
/usr/bin/../lib/gcc/arm-none-eabi/7.3.1/thumb/v7-m/libgcc.a(_dvmd_tls.o)
                              /usr/bin/../lib/gcc/arm-none-eabi/7.3.1/thumb/v7-m/libgcc.a(_aeabi_ldivmod.o) (__aeabi_ldiv0)
/usr/bin/../lib/gcc/arm-none-eabi/7.3.1/../../../../arm-none-eabi/lib/thumb/v7-m/libc.a(lib_a-memcpy.o)
                              runGameTaak.o (memcpy)
/usr/bin/../lib/gcc/arm-none-eabi/7.3.1/../../../../arm-none-eabi/lib/thumb/v7-m/libc.a(lib_a-memset.o)
                              main.o (memset)

Allocating common symbols
Common symbol       size              file

__dso_handle        0x4               bmptk_cortex.o

Discarded input sections

 .group         0x0000000000000000        0xc InputControlTaak.o
 .group         0x0000000000000000        0x8 InputControlTaak.o
 .group         0x0000000000000000        0xc InputControlTaak.o
 .group         0x0000000000000000        0xc InputControlTaak.o
 .text          0x0000000000000000        0x0 InputControlTaak.o
 .data          0x0000000000000000        0x0 InputControlTaak.o
 .bss           0x0000000000000000        0x0 InputControlTaak.o
 .text._ZN3due11ad_pin_infoENS_7ad_pinsE
                0x0000000000000000       0x1c InputControlTaak.o
 .text._ZN3due11ad_seq_infoEm
                0x0000000000000000       0x20 InputControlTaak.o
 .text._ZN5hwlib19uart_char_availableEv
                0x0000000000000000        0x4 InputControlTaak.o
 .text._ZN5hwlib9uart_getcEv
                0x0000000000000000        0x4 InputControlTaak.o
 .rodata._ZZN3due11ad_pin_infoENS_7ad_pinsEE17ad_pin_info_array
                0x0000000000000000        0xc InputControlTaak.o
 .rodata._ZZN3due11ad_seq_infoEmE12ad_seq_array
                0x0000000000000000       0x70 InputControlTaak.o
 .group         0x0000000000000000        0x8 KeypadTaak.o
 .group         0x0000000000000000        0x8 KeypadTaak.o
 .group         0x0000000000000000        0x8 KeypadTaak.o
 .group         0x0000000000000000        0x8 KeypadTaak.o
 .group         0x0000000000000000        0x8 KeypadTaak.o
 .group         0x0000000000000000        0x8 KeypadTaak.o
 .group         0x0000000000000000        0x8 KeypadTaak.o
 .group         0x0000000000000000        0x8 KeypadTaak.o
 .group         0x0000000000000000        0x8 KeypadTaak.o
 .group         0x0000000000000000        0x8 KeypadTaak.o
 .group         0x0000000000000000        0x8 KeypadTaak.o
 .group         0x0000000000000000        0x8 KeypadTaak.o
 .group         0x0000000000000000        0x8 KeypadTaak.o
 .group         0x0000000000000000        0x8 KeypadTaak.o
 .group         0x0000000000000000        0x8 KeypadTaak.o
 .group         0x0000000000000000        0xc KeypadTaak.o
 .group         0x0000000000000000        0xc KeypadTaak.o
 .group         0x0000000000000000        0xc KeypadTaak.o
 .group         0x0000000000000000        0xc KeypadTaak.o
 .group         0x0000000000000000        0xc KeypadTaak.o
 .group         0x0000000000000000        0xc KeypadTaak.o
 .group         0x0000000000000000        0xc KeypadTaak.o
 .group         0x0000000000000000        0xc KeypadTaak.o
 .group         0x0000000000000000        0xc KeypadTaak.o
 .group         0x0000000000000000        0xc KeypadTaak.o
 .group         0x0000000000000000        0xc KeypadTaak.o
 .text          0x0000000000000000        0x0 KeypadTaak.o
 .data          0x0000000000000000        0x0 KeypadTaak.o
 .bss           0x0000000000000000        0x0 KeypadTaak.o
 .text._ZN6sam3xa10SystemInitEv
                0x0000000000000000       0x7c KeypadTaak.o
 .text._ZN3due8pin_infoENS_4pinsE
                0x0000000000000000       0x20 KeypadTaak.o
 .text._ZN3due11ad_pin_infoENS_7ad_pinsE
                0x0000000000000000       0x1c KeypadTaak.o
 .text._ZN3due11ad_seq_infoEm
                0x0000000000000000       0x20 KeypadTaak.o
 .text._ZN3due14port_registersEm
                0x0000000000000000       0x54 KeypadTaak.o
 .text._ZN3due12ticks_per_usEv
                0x0000000000000000        0x6 KeypadTaak.o
 .text._ZN3due9now_ticksEv
                0x0000000000000000       0x80 KeypadTaak.o
 .text._ZN5hwlib9uart_putcEc
                0x0000000000000000        0x4 KeypadTaak.o
 .text._ZN5hwlib19uart_char_availableEv
                0x0000000000000000        0x4 KeypadTaak.o
 .text._ZN5hwlib9uart_getcEv
                0x0000000000000000        0x4 KeypadTaak.o
 .bss._ZZN3due9now_ticksEvE4high
[...]
Memory Configuration

Name             Origin             Length             Attributes
rom              0x0000000000000000 0x0000000000080000 xr
ram              0x0000000020000000 0x0000000000018000 xrw
nul              0x0000000020018000 0x0000000000000000 xrw
*default*        0x0000000000000000 0xffffffffffffffff

Linker script and memory map

LOAD /usr/bin/../lib/gcc/arm-none-eabi/7.3.1/thumb/v7-m/libgcc.a
LOAD InputControlTaak.o
LOAD KeypadTaak.o
LOAD PlayerInfo.o
LOAD runGameTaak.o
LOAD SendTask.o
LOAD TransferHitsControlTaak.o
LOAD pause_detector.o
LOAD DisplayTaak.o
LOAD switch_to.o
LOAD coroutine.o
LOAD rtos.o
LOAD hwlib.o
LOAD main.o
LOAD bmptk_cortex.o
LOAD bmptk_heap_bmptk.o
LOAD bmptk_fixed_size_stack.o
LOAD /usr/bin/../lib/gcc/arm-none-eabi/7.3.1/../../../../arm-none-eabi/lib/thumb/v7-m/libm.a
LOAD /usr/bin/../lib/gcc/arm-none-eabi/7.3.1/thumb/v7-m/libgcc.a
LOAD /usr/bin/../lib/gcc/arm-none-eabi/7.3.1/../../../../arm-none-eabi/lib/thumb/v7-m/libc.a
                0x0000000000000000                __rom_start = ORIGIN (rom)
                0x0000000000080000                __rom_size = LENGTH (rom)
                0x0000000000080000                __rom_end = (__rom_start + __rom_size)
                0x0000000020000000                __ram_start = ORIGIN (ram)
                0x0000000000018000                __ram_size = LENGTH (ram)
                0x0000000020018000                __ram_end = (__ram_start + __ram_size)
                [!provide]                        PROVIDE (__rom_start = __rom_start)
                [!provide]                        PROVIDE (__rom_size = __rom_size)
                [!provide]                        PROVIDE (__rom_end = __rom_end)
                [!provide]                        PROVIDE (__ram_start = __ram_start)
                [!provide]                        PROVIDE (__ram_size = __ram_size)
                [!provide]                        PROVIDE (__ram_end = __ram_end)

.text           0x0000000000000000     0x5b34
                0x0000000000000000                . = ALIGN (0x4)
                0x0000000000000000                __text_start = .
                [!provide]                        PROVIDE (__text_start = __text_start)
                0x0000000000000000                . = ALIGN (0x4)
 *(.vectors)
 .vectors       0x0000000000000000       0x20 bmptk_cortex.o
                0x0000000000000000                __vectors
                0x0000000000000020                . = ALIGN (0x4)
 *(.text .text.* .gnu.linkonce.t.*)
 .text._ZN16InputControlTaak10KeyPressedEc
                0x0000000000000020       0x4a InputControlTaak.o
                0x0000000000000020                InputControlTaak::KeyPressed(char)
                0x0000000000000060                non-virtual thunk to InputControlTaak::KeyPressed(char)
 .text._ZN5hwlib7ostream6fillerEi
                0x000000000000006a       0x1a InputControlTaak.o
                0x000000000000006a                hwlib::ostream::filler(int)
 .text._ZN5hwliblsERNS_7ostreamEPKc
                0x0000000000000084       0x54 InputControlTaak.o
                0x0000000000000084                hwlib::operator<<(hwlib::ostream&, char const*)
 .text.startup._ZN16InputControlTaak4mainEv
                0x00000000000000d8      0x204 InputControlTaak.o
                0x00000000000000d8                InputControlTaak::main()
 .text._ZN6sam3xa10SystemInitEv
                0x00000000000002dc       0x7c InputControlTaak.o
                0x00000000000002dc                sam3xa::SystemInit()
 .text._ZN3due8pin_infoENS_4pinsE
                0x0000000000000358       0x20 InputControlTaak.o
                0x0000000000000358                due::pin_info(due::pins)
 .text._ZN3due14port_registersEm
                0x0000000000000378       0x54 InputControlTaak.o
                0x0000000000000378                due::port_registers(unsigned long)
 .text._ZN3due12ticks_per_usEv
                0x00000000000003cc        0x6 InputControlTaak.o
                0x00000000000003cc                due::ticks_per_us()
 *fill*         0x00000000000003d2        0x2 
 .text._ZN3due9now_ticksEv
                0x00000000000003d4       0x80 InputControlTaak.o
                0x00000000000003d4                due::now_ticks()
 .text._ZN5hwlib9uart_putcEc
                0x0000000000000454        0x4 InputControlTaak.o
                0x0000000000000454                hwlib::uart_putc(char)
 .text._ZN5hwlib21port_direct_from_in_t14number_of_pinsEv
                0x0000000000000458        0x8 KeypadTaak.o
                0x0000000000000458                hwlib::port_direct_from_in_t::number_of_pins()
 .text._ZN5hwlib21port_direct_from_in_t4readEv
                0x0000000000000460       0x18 KeypadTaak.o
                0x0000000000000460                hwlib::port_direct_from_in_t::read()
 .text._ZN5hwlib21port_direct_from_in_t7refreshEv
                0x0000000000000478        0x2 KeypadTaak.o
                0x0000000000000478                hwlib::port_direct_from_in_t::refresh()
 .text._ZN5hwlib21port_direct_from_oc_t14number_of_pinsEv
                0x000000000000047a        0x8 KeypadTaak.o
                0x000000000000047a                hwlib::port_direct_from_oc_t::number_of_pins()
 .text._ZN5hwlib21port_direct_from_oc_t5writeEj
                0x0000000000000482       0x18 KeypadTaak.o
                0x0000000000000482                hwlib::port_direct_from_oc_t::write(unsigned int)
 .text._ZN5hwlib21port_direct_from_oc_t4readEv
                0x000000000000049a       0x18 KeypadTaak.o
                0x000000000000049a                hwlib::port_direct_from_oc_t::read()
 .text._ZN5hwlib21port_direct_from_oc_t5flushEv
                0x00000000000004b2        0x2 KeypadTaak.o
                0x00000000000004b2                hwlib::port_direct_from_oc_t::flush()
 .text._ZN5hwlib21port_direct_from_oc_t7refreshEv
                0x00000000000004b4        0x2 KeypadTaak.o
                0x00000000000004b4                hwlib::port_direct_from_oc_t::refresh()
 .text._ZN5hwlib7istream11getc_nowaitEv
                0x00000000000004b6       0x1a KeypadTaak.o
                0x00000000000004b6                hwlib::istream::getc_nowait()
 .text._ZN3due6pin_in4readEv
                0x00000000000004d0       0x10 KeypadTaak.o
                0x00000000000004d0                due::pin_in::read()
 .text._ZN3due6pin_in7refreshEv
                0x00000000000004e0        0x2 KeypadTaak.o
                0x00000000000004e0                due::pin_in::refresh()
 .text._ZN3due6pin_oc4readEv
                0x00000000000004e2       0x10 KeypadTaak.o
                0x00000000000004e2                due::pin_oc::read()
 .text._ZN3due6pin_oc5writeEb
                0x00000000000004f2       0x10 KeypadTaak.o
                0x00000000000004f2                due::pin_oc::write(bool)
 .text._ZN3due6pin_oc5flushEv
                0x0000000000000502        0x2 KeypadTaak.o
                0x0000000000000502                due::pin_oc::flush()
 .text._ZN3due6pin_oc7refreshEv
                0x0000000000000504        0x2 KeypadTaak.o
                0x0000000000000504                due::pin_oc::refresh()
 .text._ZN5hwlib6keypadILi16EE4getcEv
                0x0000000000000506       0x24 KeypadTaak.o
                0x0000000000000506                hwlib::keypad<16>::getc()
 *fill*         0x000000000000052a        0x2 
 .text._ZN3due6pin_inC2ENS_4pinsE
                0x000000000000052c       0x34 KeypadTaak.o
                0x000000000000052c                due::pin_in::pin_in(due::pins)
                0x000000000000052c                due::pin_in::pin_in(due::pins)
 .text._ZN3due6pin_ocC2ENS_4pinsE
                0x0000000000000560       0x34 KeypadTaak.o
                0x0000000000000560                due::pin_oc::pin_oc(due::pins)
                0x0000000000000560                due::pin_oc::pin_oc(due::pins)
 .text._ZN5hwlib6keypadILi16EE7pressedEv
                0x0000000000000594       0x70 KeypadTaak.o
                0x0000000000000594                hwlib::keypad<16>::pressed()
 .text.startup._ZN10KeypadTaak4mainEv
                0x0000000000000604      0x138 KeypadTaak.o
                0x0000000000000604                KeypadTaak::main()
 .text._ZN5hwlib6keypadILi16EE14char_availableEv
                0x000000000000073c       0x4a KeypadTaak.o
                0x000000000000073c                hwlib::keypad<16>::char_available()
 .text._ZN10PlayerInfo9GetWeaponEi
                0x0000000000000786       0x14 PlayerInfo.o
                0x0000000000000786                PlayerInfo::GetWeapon(int)
 .text._ZN10PlayerInfo16GetCurrentWeaponEv
                0x000000000000079a        0x6 PlayerInfo.o
                0x000000000000079a                PlayerInfo::GetCurrentWeapon()
 .text._ZN10PlayerInfo9SetWeaponEi
                0x00000000000007a0        0x6 PlayerInfo.o
                0x00000000000007a0                PlayerInfo::SetWeapon(int)
 .text._ZN10PlayerInfo11GetPlayerIDEv
                0x00000000000007a6        0x4 PlayerInfo.o
                0x00000000000007a6                PlayerInfo::GetPlayerID()
 .text._ZN10PlayerInfo11SetPlayerIDEj
                0x00000000000007aa        0x4 PlayerInfo.o
                0x00000000000007aa                PlayerInfo::SetPlayerID(unsigned int)
 .text._ZN10PlayerInfo9SetHealthEi
                0x00000000000007ae        0x6 PlayerInfo.o
                0x00000000000007ae                PlayerInfo::SetHealth(int)
 .text._ZN10PlayerInfo9GetHealthEv
                0x00000000000007b4        0x6 PlayerInfo.o
                0x00000000000007b4                PlayerInfo::GetHealth()
 .text._ZN11RunGameTaak11sendMessageEm
                0x00000000000007ba       0x16 runGameTaak.o
                0x00000000000007ba                RunGameTaak::sendMessage(unsigned long)
 .text._ZThn4228_N11RunGameTaak11sendMessageEm
                0x00000000000007d0        0xc runGameTaak.o
                0x00000000000007d0                non-virtual thunk to RunGameTaak::sendMessage(unsigned long)
 .text._ZN5hwlib7ostream7reverse10add_prefixERKS0_.part.2
                0x00000000000007dc       0x4c runGameTaak.o
 .text._ZN11RunGameTaak12InputMessageE8buttonid
                0x0000000000000828       0x40 runGameTaak.o
                0x0000000000000828                RunGameTaak::InputMessage(buttonid)
 .text._ZThn4232_N11RunGameTaak12InputMessageE8buttonid
                0x0000000000000868        0xc runGameTaak.o
                0x0000000000000868                non-virtual thunk to RunGameTaak::InputMessage(buttonid)
 .text._ZN5hwlib7ostreamlsEc
                0x0000000000000874        0xe runGameTaak.o
                0x0000000000000874                hwlib::ostream::operator<<(char)
 .text._ZN5hwliblsERNS_7ostreamEi
                0x0000000000000882       0x92 runGameTaak.o
                0x0000000000000882                hwlib::operator<<(hwlib::ostream&, int)
 .text._ZN5hwliblsERNS_7ostreamEx
                0x0000000000000914       0xc4 runGameTaak.o
                0x0000000000000914                hwlib::operator<<(hwlib::ostream&, long long)
 .text._ZN11RunGameTaak17calculateCheckSumEm
                0x00000000000009d8       0x3e runGameTaak.o
                0x00000000000009d8                RunGameTaak::calculateCheckSum(unsigned long)
 .text._ZN11RunGameTaak19computeStartCommandEmRm
                0x0000000000000a16       0x18 runGameTaak.o
                0x0000000000000a16                RunGameTaak::computeStartCommand(unsigned long, unsigned long&)
 *fill*         0x0000000000000a2e        0x2 
 .text._ZN11RunGameTaak19computeShootCommandERm
                0x0000000000000a30       0xa4 runGameTaak.o
                0x0000000000000a30                RunGameTaak::computeShootCommand(unsigned long&)
 .text._ZN11RunGameTaak12isHitMessageEm
                0x0000000000000ad4       0x34 runGameTaak.o
                0x0000000000000ad4                RunGameTaak::isHitMessage(unsigned long)
 .text._ZN11RunGameTaak10computeHitEm
                0x0000000000000b08       0x60 runGameTaak.o
                0x0000000000000b08                RunGameTaak::computeHit(unsigned long)
 .text._ZN11RunGameTaak17computeDeathDelayEm
                0x0000000000000b68       0x2c runGameTaak.o
                0x0000000000000b68                RunGameTaak::computeDeathDelay(unsigned long)
 .text._ZN11RunGameTaak17computeShootDelayEv
                0x0000000000000b94       0x48 runGameTaak.o
                0x0000000000000b94                RunGameTaak::computeShootDelay()
 .text._ZN4rtos7channelI8buttonidLi10EE4readEv
                0x0000000000000bdc       0x70 runGameTaak.o
                0x0000000000000bdc                rtos::channel<buttonid, 10>::read()
 .text._ZN11RunGameTaak12waitForInputEc
                0x0000000000000c4c       0x7e runGameTaak.o
                0x0000000000000c4c                RunGameTaak::waitForInput(char)
 *fill*         0x0000000000000cca        0x2 
 .text.startup._ZN11RunGameTaak4mainEv
                0x0000000000000ccc      0x744 runGameTaak.o
                0x0000000000000ccc                RunGameTaak::main()
 .text.startup._ZN8SendTask4mainEv
                0x0000000000001410       0xf8 SendTask.o
                0x0000000000001410                SendTask::main()
 .text._ZN8SendTask11SendMessageEm
                0x0000000000001508       0x16 SendTask.o
                0x0000000000001508                SendTask::SendMessage(unsigned long)
 *fill*         0x000000000000151e        0x2 
 .text.startup._ZN23TransferHitsControlTaak4mainEv
                0x0000000000001520       0xdc TransferHitsControlTaak.o
                0x0000000000001520                TransferHitsControlTaak::main()
 .text._ZN23TransferHitsControlTaak7writingEv
                0x00000000000015fc        0xa TransferHitsControlTaak.o
                0x00000000000015fc                TransferHitsControlTaak::writing()
 .text._ZN23TransferHitsControlTaak6AddHitEiii
                0x0000000000001606       0x26 TransferHitsControlTaak.o
                0x0000000000001606                TransferHitsControlTaak::AddHit(int, int, int)
 .text.startup._ZN14pause_detector4mainEv
                0x000000000000162c       0x6e pause_detector.o
                0x000000000000162c                pause_detector::main()
 .text._ZN5hwlib8terminal10cursor_setENS_2xyE
                0x000000000000169a       0x28 DisplayTaak.o
                0x000000000000169a                hwlib::terminal::cursor_set(hwlib::xy)
 .text._ZN5hwlib14i2c_primitives8read_ackEv
                0x00000000000016c2       0x10 DisplayTaak.o
                0x00000000000016c2                hwlib::i2c_primitives::read_ack()
 .text._ZN5hwlib14i2c_primitives9write_ackEv
                0x00000000000016d2        0x8 DisplayTaak.o
                0x00000000000016d2                hwlib::i2c_primitives::write_ack()
 .text._ZN5hwlib14i2c_primitives10write_nackEv
                0x00000000000016da        0x8 DisplayTaak.o
                0x00000000000016da                hwlib::i2c_primitives::write_nack()
 .text._ZN5hwlib14i2c_primitives5writeEh
                0x00000000000016e2       0x1c DisplayTaak.o
                0x00000000000016e2                hwlib::i2c_primitives::write(unsigned char)
 .text._ZN5hwlib14i2c_primitives5writeEPKhj
                0x00000000000016fe       0x24 DisplayTaak.o
                0x00000000000016fe                hwlib::i2c_primitives::write(unsigned char const*, unsigned int)
 .text._ZN5hwlib14i2c_primitives9read_byteEv
                0x0000000000001722       0x20 DisplayTaak.o
                0x0000000000001722                hwlib::i2c_primitives::read_byte()
 .text._ZN5hwlib14i2c_primitives4readEbPhj
                0x0000000000001742       0x36 DisplayTaak.o
                0x0000000000001742                hwlib::i2c_primitives::read(bool, unsigned char*, unsigned int)
 .text._ZN5hwlib13terminal_from25cursor_set_implementationENS_2xyE
                0x0000000000001778       0x28 DisplayTaak.o
                0x0000000000001778                hwlib::terminal_from::cursor_set_implementation(hwlib::xy)
 .text._ZN5hwlib13terminal_from5clearEv
                0x00000000000017a0       0x30 DisplayTaak.o
                0x00000000000017a0                hwlib::terminal_from::clear()
 .text._ZN5hwlib13terminal_from5flushEv
                0x00000000000017d0        0x8 DisplayTaak.o
                0x00000000000017d0                hwlib::terminal_from::flush()
 .text._ZNK5hwlib16font_default_8x8ixEc
                0x00000000000017d8       0x14 DisplayTaak.o
                0x00000000000017d8                hwlib::font_default_8x8::operator[](char) const
 .text._ZN5hwlib29glcd_oled_i2c_128x64_buffered20write_implementationENS_2xyENS_5colorE
                0x00000000000017ec       0x64 DisplayTaak.o
                0x00000000000017ec                hwlib::glcd_oled_i2c_128x64_buffered::write_implementation(hwlib::xy, hwlib::color)
 .text._ZN5hwlib8terminal4putcEc
                0x0000000000001850       0xde DisplayTaak.o
                0x0000000000001850                hwlib::terminal::putc(char)
 .text._ZN5hwlib26i2c_bus_bit_banged_scl_sda16wait_half_periodEv.isra.8
                0x000000000000192e        0x6 DisplayTaak.o
 .text._ZN5hwlib26i2c_bus_bit_banged_scl_sda10write_stopEv
                0x0000000000001934       0x60 DisplayTaak.o
                0x0000000000001934                hwlib::i2c_bus_bit_banged_scl_sda::write_stop()
 .text._ZN5hwlib26i2c_bus_bit_banged_scl_sda11write_startEv
                0x0000000000001994       0x34 DisplayTaak.o
                0x0000000000001994                hwlib::i2c_bus_bit_banged_scl_sda::write_start()
 .text._ZN5hwlib26i2c_bus_bit_banged_scl_sda8read_bitEv
                0x00000000000019c8       0x68 DisplayTaak.o
                0x00000000000019c8                hwlib::i2c_bus_bit_banged_scl_sda::read_bit()
 .text._ZN5hwlib26i2c_bus_bit_banged_scl_sda9write_bitEb
                0x0000000000001a30       0x52 DisplayTaak.o
                0x0000000000001a30                hwlib::i2c_bus_bit_banged_scl_sda::write_bit(bool)
 .text._ZN5hwlib6window20clear_implementationENS_5colorE
                0x0000000000001a82       0x7c DisplayTaak.o
                0x0000000000001a82                hwlib::window::clear_implementation(hwlib::color)
 .text._ZN5hwlib6window5clearENS_5colorE
                0x0000000000001afe       0x56 DisplayTaak.o
                0x0000000000001afe                hwlib::window::clear(hwlib::color)
 .text._ZN5hwlib21i2c_write_transactionC2ERNS_14i2c_primitivesEj
                0x0000000000001b54       0x24 DisplayTaak.o
                0x0000000000001b54                hwlib::i2c_write_transaction::i2c_write_transaction(hwlib::i2c_primitives&, unsigned int)
                0x0000000000001b54                hwlib::i2c_write_transaction::i2c_write_transaction(hwlib::i2c_primitives&, unsigned int)
 .text._ZN5hwlib21i2c_write_transaction5writeEPKhj
                0x0000000000001b78        0x8 DisplayTaak.o
                0x0000000000001b78                hwlib::i2c_write_transaction::write(unsigned char const*, unsigned int)
 .text._ZN5hwlib21i2c_write_transactionD2Ev
                0x0000000000001b80       0x18 DisplayTaak.o
                0x0000000000001b80                hwlib::i2c_write_transaction::~i2c_write_transaction()
                0x0000000000001b80                hwlib::i2c_write_transaction::~i2c_write_transaction()
 .text._ZN5hwlib6window5writeENS_2xyENS_5colorE
                0x0000000000001b98       0x5c DisplayTaak.o
                0x0000000000001b98                hwlib::window::write(hwlib::xy, hwlib::color)
 .text._ZN5hwlib4line4drawERNS_6windowE
                0x0000000000001bf4       0xa2 DisplayTaak.o
                0x0000000000001bf4                hwlib::line::draw(hwlib::window&)
 .text._ZN5hwlib6window5writeENS_2xyERKNS_5imageE
                0x0000000000001c96       0x98 DisplayTaak.o
                0x0000000000001c96                hwlib::window::write(hwlib::xy, hwlib::image const&)
 .text._ZN5hwlib13terminal_from19putc_implementationEc
                0x0000000000001d2e       0x2e DisplayTaak.o
                0x0000000000001d2e                hwlib::terminal_from::putc_implementation(char)
 .text._ZN5hwlib9rectangle4drawERNS_6windowE
                0x0000000000001d5c       0xe8 DisplayTaak.o
                0x0000000000001d5c                hwlib::rectangle::draw(hwlib::window&)
 .text._ZN5hwlib13terminal_fromC2ERNS_6windowERKNS_4fontE
                0x0000000000001e44       0x58 DisplayTaak.o
                0x0000000000001e44                hwlib::terminal_from::terminal_from(hwlib::window&, hwlib::font const&)
                0x0000000000001e44                hwlib::terminal_from::terminal_from(hwlib::window&, hwlib::font const&)
 .text._ZN5hwlib11ssd1306_i2c7commandENS_16ssd1306_commandsEhh
                0x0000000000001e9c       0x3c DisplayTaak.o
                0x0000000000001e9c                hwlib::ssd1306_i2c::command(hwlib::ssd1306_commands, unsigned char, unsigned char)
 .text._ZN5hwlib29glcd_oled_i2c_128x64_buffered5flushEv
                0x0000000000001ed8       0x58 DisplayTaak.o
                0x0000000000001ed8                hwlib::glcd_oled_i2c_128x64_buffered::flush()
 .text.startup._ZN11DisplayTaak4mainEv
                0x0000000000001f30      0x480 DisplayTaak.o
                0x0000000000001f30                DisplayTaak::main()
 .text._ZN4rtos7channelI11TypeMessageLi10EE5writeES1_
                0x00000000000023b0       0x5a DisplayTaak.o
                0x00000000000023b0                rtos::channel<TypeMessage, 10>::write(TypeMessage)
 .text._ZN11DisplayTaak11showMessageEPKcc
                0x000000000000240a       0x1e DisplayTaak.o
                0x000000000000240a                DisplayTaak::showMessage(char const*, char)
 .text._ZN11DisplayTaak11showMessageEic
                0x0000000000002428       0x1e DisplayTaak.o
                0x0000000000002428                DisplayTaak::showMessage(int, char)
 *fill*         0x0000000000002446        0x2 
 .text          0x0000000000002448       0x24 switch_to.o
                0x0000000000002448                switch_from_to
 .text._ZN4rtos8callback6cancelEv
                0x000000000000246c        0xa rtos.o
                0x000000000000246c                rtos::callback::cancel()
 .text._ZN5hwliblsERNS_7ostreamEj
                0x0000000000002476        0xc rtos.o
                0x0000000000002476                hwlib::operator<<(hwlib::ostream&, unsigned int)
 .text._Z6strlenPKc
                0x0000000000002482       0x10 rtos.o
                0x0000000000002482                strlen(char const*)
 .text._Z6strcpyPcPKc
                0x0000000000002492       0x14 rtos.o
                0x0000000000002492                strcpy(char*, char const*)
 .text._Z15string_allocatePKc
                0x00000000000024a6       0x26 rtos.o
                0x00000000000024a6                string_allocate(char const*)
 .text._Z12nr_from_maskj
                0x00000000000024cc       0x1a rtos.o
                0x00000000000024cc                nr_from_mask(unsigned int)
 *fill*         0x00000000000024e6        0x2 
 .text._Z15task_trampolinev
                0x00000000000024e8       0x34 rtos.o
                0x00000000000024e8                task_trampoline()
 .text._ZN4rtos9task_base7releaseEv
                0x000000000000251c       0x24 rtos.o
                0x000000000000251c                rtos::task_base::release()
 .text._ZN4rtos9task_base7suspendEv
                0x0000000000002540        0x8 rtos.o
                0x0000000000002540                rtos::task_base::suspend()
 .text._ZN4rtos9task_base6resumeEv
                0x0000000000002548        0x8 rtos.o
                0x0000000000002548                rtos::task_base::resume()
 .text._ZN4rtos9task_base7unblockEv
                0x0000000000002550       0x14 rtos.o
                0x0000000000002550                rtos::task_base::unblock()
 .text._ZN4rtos9task_base5blockEv
                0x0000000000002564       0x70 rtos.o
                0x0000000000002564                rtos::task_base::block()
 .text._ZNK4rtos9task_base5printERN5hwlib7ostreamEb
                0x00000000000025d4      0x154 rtos.o
                0x00000000000025d4                rtos::task_base::print(hwlib::ostream&, bool) const
 .text._ZNK4rtos5eventeqERKS0_
                0x0000000000002728       0x3c rtos.o
                0x0000000000002728                rtos::event::operator==(rtos::event const&) const
 .text._ZNK4rtos5eventeqERKNS_8waitableE
                0x0000000000002764       0x1c rtos.o
                0x0000000000002764                rtos::event::operator==(rtos::waitable const&) const
 .text._ZNK4rtos5eventplERKS0_
                0x0000000000002780       0x3c rtos.o
                0x0000000000002780                rtos::event::operator+(rtos::event const&) const
 .text._ZNK4rtos4flag5printERN5hwlib7ostreamEb
                0x00000000000027bc       0xcc rtos.o
                0x00000000000027bc                rtos::flag::print(hwlib::ostream&, bool) const
 .text._ZN4rtos5timer3setEm
                0x0000000000002888        0xe rtos.o
                0x0000000000002888                rtos::timer::set(unsigned long)
 *fill*         0x0000000000002896        0x2 
 .text._ZNK4rtos5timer5printERN5hwlib7ostreamEb
                0x0000000000002898       0xd0 rtos.o
                0x0000000000002898                rtos::timer::print(hwlib::ostream&, bool) const
 .text._ZNK4rtos5clock5printERN5hwlib7ostreamEb
                0x0000000000002968       0xd4 rtos.o
                0x0000000000002968                rtos::clock::print(hwlib::ostream&, bool) const
 .text._ZN4rtos12waitable_set17waitable_allocateEv
                0x0000000000002a3c       0x38 rtos.o
                0x0000000000002a3c                rtos::waitable_set::waitable_allocate()
 .text._ZN4rtos8waitableC2EPNS_9task_baseEPKc
                0x0000000000002a74       0x2c rtos.o
                0x0000000000002a74                rtos::waitable::waitable(rtos::task_base*, char const*)
                0x0000000000002a74                rtos::waitable::waitable(rtos::task_base*, char const*)
 .text._ZN4rtos12waitable_set3setERKNS_8waitableE
                0x0000000000002aa0       0x14 rtos.o
                0x0000000000002aa0                rtos::waitable_set::set(rtos::waitable const&)
 .text._ZN4rtos5clock7time_upEv
                0x0000000000002ab4       0x38 rtos.o
                0x0000000000002ab4                rtos::clock::time_up()
 .text._ZThn16_N4rtos5clock7time_upEv
                0x0000000000002aec        0x8 rtos.o
                0x0000000000002aec                non-virtual thunk to rtos::clock::time_up()
 .text._ZN4rtos5timer7time_upEv
                0x0000000000002af4       0x10 rtos.o
                0x0000000000002af4                rtos::timer::time_up()
                0x0000000000002afe                non-virtual thunk to rtos::timer::time_up()
 .text._ZN4rtos4flag3setEv
                0x0000000000002b04       0x10 rtos.o
                0x0000000000002b04                rtos::flag::set()
 .text._ZN4rtos12waitable_set5clearERKNS_8waitableE
                0x0000000000002b14        0xc rtos.o
                0x0000000000002b14                rtos::waitable_set::clear(rtos::waitable const&)
 .text._ZN4rtos8waitable5clearEv
                0x0000000000002b20        0xa rtos.o
                0x0000000000002b20                rtos::waitable::clear()
 .text._ZN4rtos5timer6cancelEv
                0x0000000000002b2a       0x16 rtos.o
                0x0000000000002b2a                rtos::timer::cancel()
 .text._ZThn16_N4rtos5timer6cancelEv
                0x0000000000002b40        0x8 rtos.o
                0x0000000000002b40                non-virtual thunk to rtos::timer::cancel()
 .text._ZN4rtos5clock5clearEv
                0x0000000000002b48        0x8 rtos.o
                0x0000000000002b48                rtos::clock::clear()
 .text._ZN4rtos12waitable_set4waitEj
                0x0000000000002b50       0x64 rtos.o
                0x0000000000002b50                rtos::waitable_set::wait(unsigned int)
 .text._ZNK4rtos5mutex5printERN5hwlib7ostreamEb
                0x0000000000002bb4       0xec rtos.o
                0x0000000000002bb4                rtos::mutex::print(hwlib::ostream&, bool) const
 .text._ZNK4rtos12channel_base5printERN5hwlib7ostreamEb
                0x0000000000002ca0       0xe0 rtos.o
                0x0000000000002ca0                rtos::channel_base::print(hwlib::ostream&, bool) const
 .text._ZNK4rtos9pool_base5printERN5hwlib7ostreamEb
                0x0000000000002d80       0x78 rtos.o
                0x0000000000002d80                rtos::pool_base::print(hwlib::ostream&, bool) const
 .text._ZNK4rtos12mailbox_base5printERN5hwlib7ostreamEb
                0x0000000000002df8       0xc4 rtos.o
                0x0000000000002df8                rtos::mailbox_base::print(hwlib::ostream&, bool) const
 .text._ZN4rtos3addEPNS_4flagE
                0x0000000000002ebc       0x10 rtos.o
                0x0000000000002ebc                rtos::add(rtos::flag*)
 .text._ZN4rtos4flagC2EPNS_9task_baseEPKc
                0x0000000000002ecc       0x20 rtos.o
                0x0000000000002ecc                rtos::flag::flag(rtos::task_base*, char const*)
                0x0000000000002ecc                rtos::flag::flag(rtos::task_base*, char const*)
 .text._ZN4rtos3addEPNS_5timerE
                0x0000000000002eec       0x10 rtos.o
                0x0000000000002eec                rtos::add(rtos::timer*)
 .text._ZN4rtos3addEPNS_5clockE
                0x0000000000002efc       0x10 rtos.o
                0x0000000000002efc                rtos::add(rtos::clock*)
 .text._ZN4rtos3addEPNS_12channel_baseE
                0x0000000000002f0c       0x10 rtos.o
                0x0000000000002f0c                rtos::add(rtos::channel_base*)
 .text._ZN4rtos12channel_baseC2EPNS_9task_baseEPKc
                0x0000000000002f1c       0x30 rtos.o
                0x0000000000002f1c                rtos::channel_base::channel_base(rtos::task_base*, char const*)
                0x0000000000002f1c                rtos::channel_base::channel_base(rtos::task_base*, char const*)
 .text._ZN4rtos3addEPNS_9pool_baseE
                0x0000000000002f4c       0x10 rtos.o
                0x0000000000002f4c                rtos::add(rtos::pool_base*)
 .text._ZN4rtos9pool_baseC2EPKc
                0x0000000000002f5c       0x1a rtos.o
                0x0000000000002f5c                rtos::pool_base::pool_base(char const*)
                0x0000000000002f5c                rtos::pool_base::pool_base(char const*)
 *fill*         0x0000000000002f76        0x2 
 .text._ZN4rtos5printERN5hwlib7ostreamE
                0x0000000000002f78      0x1b4 rtos.o
                0x0000000000002f78                rtos::print(hwlib::ostream&)
 .text._ZN4rtos4beatEv
                0x000000000000312c      0x148 rtos.o
                0x000000000000312c                rtos::beat()
 .text._ZN4rtos3runEv
                0x0000000000003274       0x3c rtos.o
                0x0000000000003274                rtos::run()
 .text._ZN4rtos3addEPNS_8callbackE
                0x00000000000032b0       0x10 rtos.o
                0x00000000000032b0                rtos::add(rtos::callback*)
 .text._ZN4rtos8callbackC2EPKc
                0x00000000000032c0       0x28 rtos.o
                0x00000000000032c0                rtos::callback::callback(char const*)
                0x00000000000032c0                rtos::callback::callback(char const*)
 .text._ZN4rtos5timerC2EPNS_9task_baseEPKc
                0x00000000000032e8       0x34 rtos.o
                0x00000000000032e8                rtos::timer::timer(rtos::task_base*, char const*)
                0x00000000000032e8                rtos::timer::timer(rtos::task_base*, char const*)
 .text._ZN4rtos5clockC2EPNS_9task_baseEmPKc
                0x000000000000331c       0x3c rtos.o
                0x000000000000331c                rtos::clock::clock(rtos::task_base*, unsigned long, char const*)
                0x000000000000331c                rtos::clock::clock(rtos::task_base*, unsigned long, char const*)
 .text._ZN4rtos3addEPNS_9task_baseE
                0x0000000000003358       0x74 rtos.o
                0x0000000000003358                rtos::add(rtos::task_base*)
 .text._ZN4rtos9task_baseC2ER9coroutineILl0EEjPKc
                0x00000000000033cc       0x4c rtos.o
                0x00000000000033cc                rtos::task_base::task_base(coroutine<0l>&, unsigned int, char const*)
                0x00000000000033cc                rtos::task_base::task_base(coroutine<0l>&, unsigned int, char const*)
 .text._ZN5hwlib7wait_usEi
                0x0000000000003418       0x3c rtos.o
                0x0000000000003418                hwlib::wait_us(int)
 .text._ZN5hwlib7wait_msEi
                0x0000000000003454       0x16 rtos.o
                0x0000000000003454                hwlib::wait_ms(int)
 .text._ZN5hwlib14pin_in_dummy_t4readEv
                0x000000000000346a        0x4 hwlib.o
                0x000000000000346a                hwlib::pin_in_dummy_t::read()
 .text._ZN5hwlib14pin_in_dummy_t7refreshEv
                0x000000000000346e        0x2 hwlib.o
                0x000000000000346e                hwlib::pin_in_dummy_t::refresh()
 .text._ZN5hwlib14pin_oc_dummy_t5writeEb
                0x0000000000003470        0x2 hwlib.o
                0x0000000000003470                hwlib::pin_oc_dummy_t::write(bool)
 .text._ZN5hwlib14pin_oc_dummy_t4readEv
                0x0000000000003472        0x4 hwlib.o
                0x0000000000003472                hwlib::pin_oc_dummy_t::read()
 .text._ZN5hwlib14pin_oc_dummy_t5flushEv
                0x0000000000003476        0x2 hwlib.o
                0x0000000000003476                hwlib::pin_oc_dummy_t::flush()
 .text._ZN5hwlib14pin_oc_dummy_t7refreshEv
                0x0000000000003478        0x2 hwlib.o
                0x0000000000003478                hwlib::pin_oc_dummy_t::refresh()
 .text._ZN5hwlib19port_in_from_pins_t14number_of_pinsEv
                0x000000000000347a        0x4 hwlib.o
                0x000000000000347a                hwlib::port_in_from_pins_t::number_of_pins()
 .text._ZN5hwlib19port_in_from_pins_t4readEv
                0x000000000000347e       0x2a hwlib.o
                0x000000000000347e                hwlib::port_in_from_pins_t::read()
 .text._ZN5hwlib19port_in_from_pins_t7refreshEv
                0x00000000000034a8       0x20 hwlib.o
                0x00000000000034a8                hwlib::port_in_from_pins_t::refresh()
 .text._ZN5hwlib19port_oc_from_pins_t14number_of_pinsEv
                0x00000000000034c8        0x4 hwlib.o
                0x00000000000034c8                hwlib::port_oc_from_pins_t::number_of_pins()
 .text._ZN5hwlib19port_oc_from_pins_t4readEv
                0x00000000000034cc       0x2a hwlib.o
                0x00000000000034cc                hwlib::port_oc_from_pins_t::read()
 .text._ZN5hwlib19port_oc_from_pins_t5writeEj
                0x00000000000034f6       0x28 hwlib.o
                0x00000000000034f6                hwlib::port_oc_from_pins_t::write(unsigned int)
 .text._ZN5hwlib19port_oc_from_pins_t7refreshEv
                0x000000000000351e       0x20 hwlib.o
                0x000000000000351e                hwlib::port_oc_from_pins_t::refresh()
 .text._ZN5hwlib19port_oc_from_pins_t5flushEv
                0x000000000000353e       0x20 hwlib.o
                0x000000000000353e                hwlib::port_oc_from_pins_t::flush()
 .text._ZN5hwlib20cout_using_uart_putc5flushEv
                0x000000000000355e        0x2 hwlib.o
                0x000000000000355e                hwlib::cout_using_uart_putc::flush()
 .text._ZNK5hwlib9image_8x819read_implementationENS_2xyE
                0x0000000000003560       0x44 hwlib.o
                0x0000000000003560                hwlib::image_8x8::read_implementation(hwlib::xy) const
 .text._ZN5hwlib13window_part_t5flushEv
                0x00000000000035a4        0x8 hwlib.o
                0x00000000000035a4                hwlib::window_part_t::flush()
 .text._ZN5hwlib5panicEPKcj
                0x00000000000035ac        0x2 hwlib.o
                0x00000000000035ac                hwlib::panic(char const*, unsigned int)
 *fill*         0x00000000000035ae        0x2 
 .text._ZN5hwlib10background18do_background_workEv
                0x00000000000035b0       0x3c hwlib.o
                0x00000000000035b0                hwlib::background::do_background_work()
 .text._ZN5hwlib3allENS_2xyE
                0x00000000000035ec       0x16 hwlib.o
                0x00000000000035ec                hwlib::all(hwlib::xy)
 .text._ZNK5hwlib5colorngEv
                0x0000000000003602       0x2e hwlib.o
                0x0000000000003602                hwlib::color::operator-() const
 .text._ZN5hwlib12port_in_fromERNS_6pin_inES1_S1_S1_S1_S1_S1_S1_S1_S1_S1_S1_S1_S1_S1_S1_
                0x0000000000003630       0x68 hwlib.o
                0x0000000000003630                hwlib::port_in_from(hwlib::pin_in&, hwlib::pin_in&, hwlib::pin_in&, hwlib::pin_in&, hwlib::pin_in&, hwlib::pin_in&, hwlib::pin_in&, hwlib::pin_in&, hwlib::pin_in&, hwlib::pin_in&, hwlib::pin_in&, hwlib::pin_in&, hwlib::pin_in&, hwlib::pin_in&, hwlib::pin_in&, hwlib::pin_in&)
 .text._ZN5hwlib12port_oc_fromERNS_6pin_ocES1_S1_S1_S1_S1_S1_S1_S1_S1_S1_S1_S1_S1_S1_S1_
                0x0000000000003698       0x68 hwlib.o
                0x0000000000003698                hwlib::port_oc_from(hwlib::pin_oc&, hwlib::pin_oc&, hwlib::pin_oc&, hwlib::pin_oc&, hwlib::pin_oc&, hwlib::pin_oc&, hwlib::pin_oc&, hwlib::pin_oc&, hwlib::pin_oc&, hwlib::pin_oc&, hwlib::pin_oc&, hwlib::pin_oc&, hwlib::pin_oc&, hwlib::pin_oc&, hwlib::pin_oc&, hwlib::pin_oc&)
 .text._ZNK5hwlib5image4readENS_2xyE
                0x0000000000003700       0x3a hwlib.o
                0x0000000000003700                hwlib::image::read(hwlib::xy) const
 .text._ZNK5hwlib14image_invert_t19read_implementationENS_2xyE
                0x000000000000373a       0x64 hwlib.o
                0x000000000000373a                hwlib::image_invert_t::read_implementation(hwlib::xy) const
 *fill*         0x000000000000379e        0x2 
 .text._ZN5hwlib6invertERKNS_5imageE
                0x00000000000037a0       0x18 hwlib.o
                0x00000000000037a0                hwlib::invert(hwlib::image const&)
 .text._ZN5hwlib13window_part_t20write_implementationENS_2xyENS_5colorE
                0x00000000000037b8       0x2e hwlib.o
                0x00000000000037b8                hwlib::window_part_t::write_implementation(hwlib::xy, hwlib::color)
 *fill*         0x00000000000037e6        0x2 
 .text._ZN5hwlib4partERNS_6windowENS_2xyES2_
                0x00000000000037e8       0x5c hwlib.o
                0x00000000000037e8                hwlib::part(hwlib::window&, hwlib::xy, hwlib::xy)
 .text._ZN3due9uart_initEv
                0x0000000000003844       0x60 hwlib.o
                0x0000000000003844                due::uart_init()
 .text._ZN3due9uart_putcEc
                0x00000000000038a4       0x20 hwlib.o
                0x00000000000038a4                due::uart_putc(char)
 .text._ZN5hwlib20cout_using_uart_putc4putcEc
                0x00000000000038c4        0xa hwlib.o
                0x00000000000038c4                hwlib::cout_using_uart_putc::putc(char)
 .text._ZN5hwlib6now_usEv
                0x00000000000038ce       0x1c hwlib.o
                0x00000000000038ce                hwlib::now_us()
 .text._ZN5hwlib12wait_us_busyEi
                0x00000000000038ea       0x1c hwlib.o
                0x00000000000038ea                hwlib::wait_us_busy(int)
 .text._ZN3due7pin_out5writeEb
                0x0000000000003906        0xe main.o
                0x0000000000003906                due::pin_out::write(bool)
 .text._ZN3due7pin_out5flushEv
                0x0000000000003914        0x2 main.o
                0x0000000000003914                due::pin_out::flush()
 *fill*         0x0000000000003916        0x2 
 .text._ZN3due8d2_36kHz5writeEb
                0x0000000000003918       0x18 main.o
                0x0000000000003918                due::d2_36kHz::write(bool)
 .text._ZN3due8d2_36kHz5flushEv
                0x0000000000003930        0x2 main.o
                0x0000000000003930                due::d2_36kHz::flush()
 .text._ZN4rtos7channelI11TypeMessageLi10EE5clearEv
                0x0000000000003932       0x10 main.o
                0x0000000000003932                rtos::channel<TypeMessage, 10>::clear()
 .text._ZN4rtos7channelIcLi18EE5clearEv
                0x0000000000003942       0x10 main.o
                0x0000000000003942                rtos::channel<char, 18>::clear()
 .text._ZN4rtos7channelI8buttonidLi10EE5clearEv
                0x0000000000003952       0x10 main.o
                0x0000000000003952                rtos::channel<buttonid, 10>::clear()
 .text._ZN4rtos7channelIiLi128EE5clearEv
                0x0000000000003962       0x10 main.o
                0x0000000000003962                rtos::channel<int, 128>::clear()
 .text._ZN5hwlib7ostream7reverse10add_prefixERKS0_.part.2
                0x0000000000003972       0x4c main.o
 .text._ZN11msg_decoder14pause_detectedEi
                0x00000000000039be       0x40 main.o
                0x00000000000039be                msg_decoder::pause_detected(int)
 *fill*         0x00000000000039fe        0x2 
 .text.startup._ZN11msg_decoder4mainEv
                0x0000000000003a00      0x1d0 main.o
                0x0000000000003a00                msg_decoder::main()
 .text._ZN11msg_decoder4mainEv
                0x0000000000003bd0        0x8 main.o
                0x0000000000003bd0                non-virtual thunk to msg_decoder::main()
 .text.startup._ZN10ButtonTaak4mainEv
                0x0000000000003bd8       0x64 main.o
                0x0000000000003bd8                ButtonTaak::main()
 .text._ZN3due7pin_outC2ENS_4pinsE
                0x0000000000003c3c       0x34 main.o
                0x0000000000003c3c                due::pin_out::pin_out(due::pins)
                0x0000000000003c3c                due::pin_out::pin_out(due::pins)
 .text._ZN4rtos8callbackD2Ev
                0x0000000000003c70       0x30 main.o
                0x0000000000003c70                rtos::callback::~callback()
                0x0000000000003c70                rtos::callback::~callback()
 .text._ZN4rtos4taskILi4096EEC2EjPKc
                0x0000000000003ca0       0x54 main.o
                0x0000000000003ca0                rtos::task<4096>::task(unsigned int, char const*)
                0x0000000000003ca0                rtos::task<4096>::task(unsigned int, char const*)
 .text.startup.main
                0x0000000000003cf4      0x450 main.o
                0x0000000000003cf4                main
 .text.__startup
                0x0000000000004144       0x48 bmptk_cortex.o
                0x0000000000004144                __startup
 .text.__cxa_pure_virtual
                0x000000000000418c        0x2 bmptk_cortex.o
                0x000000000000418c                __cxa_pure_virtual
 *fill*         0x000000000000418e        0x2 
 .text.malloc   0x0000000000004190       0x24 bmptk_heap_bmptk.o
                0x0000000000004190                malloc
 .text          0x00000000000041b4       0xa0 /usr/bin/../lib/gcc/arm-none-eabi/7.3.1/thumb/v7-m/libgcc.a(_aeabi_ldivmod.o)
                0x00000000000041b4                __aeabi_ldivmod
 .text          0x0000000000004254       0x30 /usr/bin/../lib/gcc/arm-none-eabi/7.3.1/thumb/v7-m/libgcc.a(_aeabi_uldivmod.o)
                0x0000000000004254                __aeabi_uldivmod
 .text          0x0000000000004284      0x2d0 /usr/bin/../lib/gcc/arm-none-eabi/7.3.1/thumb/v7-m/libgcc.a(_udivmoddi4.o)
                0x0000000000004284                __udivmoddi4
 .text          0x0000000000004554        0x4 /usr/bin/../lib/gcc/arm-none-eabi/7.3.1/thumb/v7-m/libgcc.a(_dvmd_tls.o)
                0x0000000000004554                __aeabi_ldiv0
 .text          0x0000000000004558       0xec /usr/bin/../lib/gcc/arm-none-eabi/7.3.1/../../../../arm-none-eabi/lib/thumb/v7-m/libc.a(lib_a-memcpy.o)
                0x0000000000004558                memcpy
 .text.memset   0x0000000000004644       0x94 /usr/bin/../lib/gcc/arm-none-eabi/7.3.1/../../../../arm-none-eabi/lib/thumb/v7-m/libc.a(lib_a-memset.o)
                0x0000000000004644                memset
                0x00000000000046d8                . = ALIGN (0x4)
 *(.glue_7t .glue_7)
 .glue_7        0x00000000000046d8        0x0 linker stubs
 .glue_7t       0x00000000000046d8        0x0 linker stubs
                0x00000000000046d8                . = ALIGN (0x4)
 *(.rodata .rodata.* .gnu.linkonce.r.*)
 .rodata._ZN16InputControlTaak4mainEv.str1.1
                0x00000000000046d8       0x32 InputControlTaak.o
                                         0x34 (size before relaxing)
 .rodata._ZN3due8pin_infoENS_4pinsE.str1.1
                0x000000000000470a       0x33 InputControlTaak.o
 *fill*         0x000000000000473d        0x3 
 .rodata._ZTV16InputControlTaak
                0x0000000000004740       0x24 InputControlTaak.o
                0x0000000000004740                vtable for InputControlTaak
 .rodata._ZZN3due8pin_infoENS_4pinsEE14pin_info_array
                0x0000000000004764       0xa4 InputControlTaak.o
 .rodata._ZTVN5hwlib21port_direct_from_in_tE
                0x0000000000004808       0x14 KeypadTaak.o
                0x0000000000004808                vtable for hwlib::port_direct_from_in_t
 .rodata._ZTVN5hwlib21port_direct_from_oc_tE
                0x000000000000481c       0x1c KeypadTaak.o
                0x000000000000481c                vtable for hwlib::port_direct_from_oc_t
 .rodata._ZTVN3due6pin_inE
                0x0000000000004838       0x10 KeypadTaak.o
                0x0000000000004838                vtable for due::pin_in
 .rodata._ZTVN3due6pin_ocE
                0x0000000000004848       0x18 KeypadTaak.o
                0x0000000000004848                vtable for due::pin_oc
 .rodata._ZTVN5hwlib6keypadILi16EEE
                0x0000000000004860       0x14 KeypadTaak.o
                0x0000000000004860                vtable for hwlib::keypad<16>
 .rodata._ZN10KeypadTaak4mainEv.str1.1
                0x0000000000004874       0x12 KeypadTaak.o
 *fill*         0x0000000000004886        0x2 
 .rodata._ZTV10KeypadTaak
                0x0000000000004888       0x14 KeypadTaak.o
                0x0000000000004888                vtable for KeypadTaak
 .rodata._ZN11RunGameTaak19computeShootCommandERm.str1.1
                0x000000000000489c        0xa runGameTaak.o
 .rodata._ZN11RunGameTaak4mainEv.str1.1
                0x00000000000048a6       0xe8 runGameTaak.o
 .rodata._ZN4rtos7channelI8buttonidLi10EE4readEv.str1.1
                0x000000000000498e       0x34 runGameTaak.o
 *fill*         0x000000000000498e        0x2 
 .rodata._ZTV11RunGameTaak
                0x0000000000004990       0x34 runGameTaak.o
                0x0000000000004990                vtable for RunGameTaak
 .rodata._ZTV8SendTask
                0x00000000000049c4       0x14 SendTask.o
                0x00000000000049c4                vtable for SendTask
 .rodata._ZN23TransferHitsControlTaak4mainEv.str1.1
                0x00000000000049d8       0x3b TransferHitsControlTaak.o
                                         0x3d (size before relaxing)
 *fill*         0x0000000000004a13        0x1 
 .rodata._ZTV23TransferHitsControlTaak
                0x0000000000004a14       0x14 TransferHitsControlTaak.o
                0x0000000000004a14                vtable for TransferHitsControlTaak
 .rodata._ZTV14pause_detector
                0x0000000000004a28       0x14 pause_detector.o
                0x0000000000004a28                vtable for pause_detector
 .rodata._ZTVN5hwlib26i2c_bus_bit_banged_scl_sdaE
                0x0000000000004a3c       0x34 DisplayTaak.o
                0x0000000000004a3c                vtable for hwlib::i2c_bus_bit_banged_scl_sda
 .rodata._ZTVN5hwlib4lineE
                0x0000000000004a70        0xc DisplayTaak.o
                0x0000000000004a70                vtable for hwlib::line
 .rodata._ZTVN5hwlib13terminal_fromE
                0x0000000000004a7c       0x20 DisplayTaak.o
                0x0000000000004a7c                vtable for hwlib::terminal_from
 .rodata._ZTVN5hwlib16font_default_8x8E
                0x0000000000004a9c        0xc DisplayTaak.o
                0x0000000000004a9c                vtable for hwlib::font_default_8x8
 .rodata._ZTVN5hwlib29glcd_oled_i2c_128x64_bufferedE
                0x0000000000004aa8       0x18 DisplayTaak.o
                0x0000000000004aa8                vtable for hwlib::glcd_oled_i2c_128x64_buffered
 .rodata._ZN11DisplayTaak4mainEv.str1.1
                0x0000000000004ac0        0xd DisplayTaak.o
                                         0x41 (size before relaxing)
 .rodata._ZN5hwlibL11unspecifiedE
                0x0000000000004acd        0x4 DisplayTaak.o
 .rodata._ZN5hwlibL22ssd1306_initializationE
                0x0000000000004ad1       0x29 DisplayTaak.o
 *fill*         0x0000000000004afa        0x2 
 .rodata._ZTV11DisplayTaak
                0x0000000000004afc       0x14 DisplayTaak.o
                0x0000000000004afc                vtable for DisplayTaak
 .rodata._ZTVN4rtos8waitableE
                0x0000000000004b10        0xc rtos.o
                0x0000000000004b10                vtable for rtos::waitable
 .rodata._ZTVN4rtos4flagE
                0x0000000000004b1c        0xc rtos.o
                0x0000000000004b1c                vtable for rtos::flag
 .rodata._ZTVN4rtos8callbackE
                0x0000000000004b28       0x10 rtos.o
                0x0000000000004b28                vtable for rtos::callback
 .rodata._ZTVN4rtos12channel_baseE
                0x0000000000004b38        0xc rtos.o
                0x0000000000004b38                vtable for rtos::channel_base
 .rodata._Z15task_trampolinev.str1.1
                0x0000000000004b44       0x2e rtos.o
 .rodata._ZN4rtos12waitable_set17waitable_allocateEv.str1.1
                0x0000000000004b72       0x1b rtos.o
 .rodata._ZN4rtos3addEPNS_9task_baseE.str1.1
                0x0000000000004b8d       0x2e rtos.o
 .rodata._ZN4rtos3runEv.str1.1
                0x0000000000004bbb       0x11 rtos.o
 .rodata._ZN4rtos4beatEv.str1.1
                0x0000000000004bcc       0x3e rtos.o
 .rodata._ZN4rtos5printERN5hwlib7ostreamE.str1.1
                0x0000000000004c0a       0x83 rtos.o
 .rodata._ZN4rtos9task_base5blockEv.str1.1
                0x0000000000004c8d       0x37 rtos.o
                                         0x4b (size before relaxing)
 .rodata._ZN4rtos9task_baseC2ER9coroutineILl0EEjPKc.str1.1
                0x0000000000004cc4        0x8 rtos.o
 .rodata._ZNK4rtos12channel_base5printERN5hwlib7ostreamEb.str1.1
                0x0000000000004ccc       0x23 rtos.o
 .rodata._ZNK4rtos12mailbox_base5printERN5hwlib7ostreamEb.str1.1
                0x0000000000004cef       0x1b rtos.o
 .rodata._ZNK4rtos4flag5printERN5hwlib7ostreamEb.str1.1
                0x0000000000004d0a       0x1e rtos.o
 .rodata._ZNK4rtos5clock5printERN5hwlib7ostreamEb.str1.1
                0x0000000000004d28       0x1d rtos.o
 .rodata._ZNK4rtos5eventeqERKS0_.str1.1
                0x0000000000004d45       0x21 rtos.o
 .rodata._ZNK4rtos5eventplERKS0_.str1.1
                0x0000000000004d66       0x1e rtos.o
 .rodata._ZNK4rtos5mutex5printERN5hwlib7ostreamEb.str1.1
                0x0000000000004d84       0x29 rtos.o
 .rodata._ZNK4rtos5timer5printERN5hwlib7ostreamEb.str1.1
                0x0000000000004dad       0x13 rtos.o
 .rodata._ZNK4rtos9pool_base5printERN5hwlib7ostreamEb.str1.1
                0x0000000000004dc0       0x10 rtos.o
 .rodata._ZNK4rtos9task_base5printERN5hwlib7ostreamEb.str1.1
                0x0000000000004dd0       0x39 rtos.o
 *fill*         0x0000000000004e09        0x3 
 .rodata._ZTVN4rtos5clockE
                0x0000000000004e0c       0x20 rtos.o
                0x0000000000004e0c                vtable for rtos::clock
 .rodata._ZTVN4rtos5timerE
                0x0000000000004e2c       0x24 rtos.o
                0x0000000000004e2c                vtable for rtos::timer
 .rodata._ZTVN4rtos9task_baseE
                0x0000000000004e50       0x14 rtos.o
                0x0000000000004e50                vtable for rtos::task_base
 .rodata._ZTVN5hwlib14pin_in_dummy_tE
                0x0000000000004e64       0x10 hwlib.o
                0x0000000000004e64                vtable for hwlib::pin_in_dummy_t
 .rodata._ZTVN5hwlib14pin_oc_dummy_tE
                0x0000000000004e74       0x18 hwlib.o
                0x0000000000004e74                vtable for hwlib::pin_oc_dummy_t
 .rodata._ZTVN5hwlib19port_in_from_pins_tE
                0x0000000000004e8c       0x14 hwlib.o
                0x0000000000004e8c                vtable for hwlib::port_in_from_pins_t
 .rodata._ZTVN5hwlib19port_oc_from_pins_tE
                0x0000000000004ea0       0x1c hwlib.o
                0x0000000000004ea0                vtable for hwlib::port_oc_from_pins_t
 .rodata._ZTVN5hwlib20cout_using_uart_putcE
                0x0000000000004ebc       0x10 hwlib.o
                0x0000000000004ebc                vtable for hwlib::cout_using_uart_putc
 .rodata._ZTVN5hwlib9image_8x8E
                0x0000000000004ecc        0xc hwlib.o
                0x0000000000004ecc                vtable for hwlib::image_8x8
 .rodata._ZTVN5hwlib14image_invert_tE
                0x0000000000004ed8        0xc hwlib.o
                0x0000000000004ed8                vtable for hwlib::image_invert_t
 .rodata._ZTVN5hwlib13window_part_tE
                0x0000000000004ee4       0x18 hwlib.o
                0x0000000000004ee4                vtable for hwlib::window_part_t
 .rodata._ZN5hwlib16font_default_8x86imagesE
                0x0000000000004efc      0xa00 hwlib.o
                0x0000000000004efc                hwlib::font_default_8x8::images
 .rodata._ZN5hwlibL5blackE
                0x00000000000058fc        0x4 hwlib.o
 .rodata._ZN5hwlibL5whiteE
                0x0000000000005900        0x4 hwlib.o
 .rodata._ZTVN3due7pin_outE
                0x0000000000005904       0x10 main.o
                0x0000000000005904                vtable for due::pin_out
 .rodata._ZTVN3due8d2_36kHzE
                0x0000000000005914       0x10 main.o
                0x0000000000005914                vtable for due::d2_36kHz
 .rodata._ZTVN4rtos4taskILi4096EEE
                0x0000000000005924       0x14 main.o
                0x0000000000005924                vtable for rtos::task<4096>
 .rodata._ZTVN4rtos7channelI11TypeMessageLi10EEE
                0x0000000000005938        0xc main.o
                0x0000000000005938                vtable for rtos::channel<TypeMessage, 10>
 .rodata._ZTV14pause_listener
                0x0000000000005944        0xc main.o
                0x0000000000005944                vtable for pause_listener
 .rodata._ZTVN4rtos7channelIiLi128EEE
                0x0000000000005950        0xc main.o
                0x0000000000005950                vtable for rtos::channel<int, 128>
 .rodata._ZTV11msg_decoder
                0x000000000000595c       0x24 main.o
                0x000000000000595c                vtable for msg_decoder
 .rodata._ZTV10ButtonTaak
                0x0000000000005980       0x14 main.o
                0x0000000000005980                vtable for ButtonTaak
 .rodata._ZTVN4rtos7channelIcLi18EEE
                0x0000000000005994        0xc main.o
                0x0000000000005994                vtable for rtos::channel<char, 18>
 .rodata._ZTVN4rtos7channelI8buttonidLi10EEE
                0x00000000000059a0        0xc main.o
                0x00000000000059a0                vtable for rtos::channel<buttonid, 10>
 .rodata._ZN11msg_decoder4mainEv.str1.1
                0x00000000000059ac       0x30 main.o
                                         0x66 (size before relaxing)
 .rodata._ZN4rtos8callbackD2Ev.str1.1
                0x00000000000059dc       0x21 main.o
 .rodata.main.str1.1
                0x00000000000059fd      0x136 main.o
                0x0000000000005b34                . = ALIGN (0x4)
 *fill*         0x0000000000005b33        0x1 
 *(.ARM.extab* .gnu.linkonce.armextab.*)
                0x0000000000005b34                . = ALIGN (0x4)
 *(.gcc_except_table)
                0x0000000000005b34                . = ALIGN (0x4)
 *(.eh_frame_hdr)
                0x0000000000005b34                . = ALIGN (0x4)
 *(.eh_frame)
                0x0000000000005b34                . = ALIGN (0x4)
                0x0000000000005b34                __text_end = .
                [!provide]                        PROVIDE (__text_end = __text_end)

.vfp11_veneer   0x0000000000005b34        0x0
 .vfp11_veneer  0x0000000000005b34        0x0 linker stubs

.v4_bx          0x0000000000005b34        0x0
 .v4_bx         0x0000000000005b34        0x0 linker stubs

.iplt           0x0000000000005b34        0x0
 .iplt          0x0000000000005b34        0x0 InputControlTaak.o

.IF_YOU_SEE_THIS_YOU_HAVE_ONE_OR_MORE_GLOBAL_OBJECT_CONSTRUCTORS
 *(.init)
 *(.preinit_array)
 *(SORT_BY_NAME(.init_array.*))
 *(.init_array)
                0x0000000000005b34                . = ALIGN (0x4)
                0x0000000000005b34                __exidx_start = .
                [!provide]                        PROVIDE (__exidx_start = __exidx_start)

.ARM.exidx      0x0000000000005b34        0x8
 *(.ARM.exidx* .gnu.linkonce.armexidx.*)
 .ARM.exidx     0x0000000000005b34        0x8 /usr/bin/../lib/gcc/arm-none-eabi/7.3.1/thumb/v7-m/libgcc.a(_udivmoddi4.o)

.rel.dyn        0x0000000000005b3c        0x0
 .rel.iplt      0x0000000000005b3c        0x0 InputControlTaak.o
                0x0000000000005b3c                . = ALIGN (0x4)
                0x0000000000005b3c                __exidx_end = .
                [!provide]                        PROVIDE (__exidx_end = __exidx_end)

.bss            0x0000000020000000    0x1405c
                0x0000000020000000                . = ALIGN (0x4)
                0x0000000020000000                __stack_start = .
                [!provide]                        PROVIDE (__stack_start = __stack_start)
                0x0000000020000000                . = ALIGN (0x4)
 *(.bmptk_stack)
 .bmptk_stack   0x0000000020000000    0x14000 bmptk_fixed_size_stack.o
                0x0000000020000000                bmptk_stack
                0x0000000020014000                . = ALIGN (0x8)
                0x0000000020014000                __main_stack_end = .
                [!provide]                        PROVIDE (__main_stack_end = __main_stack_end)
                0x0000000020014000                . = ALIGN (0x4)
                0x0000000020014000                __stack_end = .
                [!provide]                        PROVIDE (__stack_end = __stack_end)
                0x0000000020014000                . = ALIGN (0x4)
                0x0000000020014000                __bss_start = .
                [!provide]                        PROVIDE (__bss_start = __bss_start)
                0x0000000020014000                . = ALIGN (0x4)
 *(.bss .bss.* .gnu.linkonce.b.*)
 .bss._ZZN3due9now_ticksEvE4high
                0x0000000020014000        0x8 InputControlTaak.o
 .bss._ZZN3due9now_ticksEvE8last_low
                0x0000000020014008        0x4 InputControlTaak.o
 .bss._ZZN3due9now_ticksEvE9init_done
                0x000000002001400c        0x1 InputControlTaak.o
 *fill*         0x000000002001400d        0x3 
 .bss._ZN17coroutine_context7main_spE
                0x0000000020014010        0x4 coroutine.o
                0x0000000020014010                coroutine_context::main_sp
 .bss._ZN4rtos10must_clearE
                0x0000000020014014        0x1 rtos.o
                0x0000000020014014                rtos::must_clear
 *fill*         0x0000000020014015        0x3 
 .bss._ZN4rtos17rtos_current_taskE
                0x0000000020014018        0x4 rtos.o
                0x0000000020014018                rtos::rtos_current_task
 .bss._ZN4rtos17scheduler_runningE
                0x000000002001401c        0x1 rtos.o
                0x000000002001401c                rtos::scheduler_running
 *fill*         0x000000002001401d        0x3 
 .bss._ZN4rtos5flagsE
                0x0000000020014020        0x4 rtos.o
                0x0000000020014020                rtos::flags
 .bss._ZN4rtos5poolsE
                0x0000000020014024        0x4 rtos.o
                0x0000000020014024                rtos::pools
 .bss._ZN4rtos6clocksE
                0x0000000020014028        0x4 rtos.o
                0x0000000020014028                rtos::clocks
 .bss._ZN4rtos6timersE
                0x000000002001402c        0x4 rtos.o
                0x000000002001402c                rtos::timers
 .bss._ZN4rtos7mutexesE
                0x0000000020014030        0x4 rtos.o
                0x0000000020014030                rtos::mutexes
 .bss._ZN4rtos8channelsE
                0x0000000020014034        0x4 rtos.o
                0x0000000020014034                rtos::channels
 .bss._ZN4rtos8taskListE
                0x0000000020014038        0x4 rtos.o
                0x0000000020014038                rtos::taskList
 .bss._ZN4rtos9mailboxesE
                0x000000002001403c        0x4 rtos.o
                0x000000002001403c                rtos::mailboxes
 .bss._ZN4rtos9timerListE
                0x0000000020014040        0x4 rtos.o
                0x0000000020014040                rtos::timerList
 *fill*         0x0000000020014044        0x4 
 .bss.last_run_time
                0x0000000020014048        0x8 rtos.o
                0x0000000020014048                last_run_time
 .bss._ZN5hwlib10background5firstE
                0x0000000020014050        0x4 hwlib.o
                0x0000000020014050                hwlib::background::first
 .bss._ZN5hwlib10background7currentE
                0x0000000020014054        0x4 hwlib.o
                0x0000000020014054                hwlib::background::current
 .bss._ZN5hwlib10background7runningE
                0x0000000020014058        0x1 hwlib.o
                0x0000000020014058                hwlib::background::running
 .bss._ZZN3due9uart_initEvE9init_done
                0x0000000020014059        0x1 hwlib.o
                0x000000002001405c                . = ALIGN (0x4)
 *fill*         0x000000002001405a        0x2 
 *(COMMON)
                0x000000002001405c                . = ALIGN (0x4)
                0x000000002001405c                __bss_end = .
                [!provide]                        PROVIDE (__bss_end = __bss_end)

.data           0x000000002001405c       0x30 load address 0x0000000000005b3c
                0x000000002001405c                . = ALIGN (0x4)
                0x0000000000005b3c                __data_init_start = LOADADDR (.data)
                [!provide]                        PROVIDE (__data_init_start = __data_init_start)
                0x000000002001405c                __data_start = .
                [!provide]                        PROVIDE (__data_start = __data_start)
                0x000000002001405c                . = ALIGN (0x4)
 *(.data .data.* .gnu.linkonce.d.*)
 .data._ZN6sam3xa15SystemCoreClockE
                0x000000002001405c        0x4 InputControlTaak.o
                0x000000002001405c                sam3xa::SystemCoreClock
 .data._ZN17coroutine_context24current_coroutine_sp_ptrE
                0x0000000020014060        0x4 coroutine.o
                0x0000000020014060                coroutine_context::current_coroutine_sp_ptr
 .data._ZN3due7hw_uartE
                0x0000000020014064        0x4 hwlib.o
                0x0000000020014064                due::hw_uart
 .data._ZN5hwlib12pin_in_dummyE
                0x0000000020014068        0x4 hwlib.o
                0x0000000020014068                hwlib::pin_in_dummy
 .data._ZN5hwlib12pin_oc_dummyE
                0x000000002001406c        0x4 hwlib.o
                0x000000002001406c                hwlib::pin_oc_dummy
 .data._ZN5hwlib4coutE
                0x0000000020014070       0x14 hwlib.o
                0x0000000020014070                hwlib::cout
 .data._first_free
                0x0000000020014084        0x4 bmptk_heap_bmptk.o
                0x0000000020014084                _first_free
 .data._last_free
                0x0000000020014088        0x4 bmptk_heap_bmptk.o
                0x0000000020014088                _last_free
                0x000000002001408c                . = ALIGN (0x4)
                0x000000002001408c                __data_end = .
                [!provide]                        PROVIDE (__data_end = __data_end)
                0x0000000000005b3c                __data_init_end = LOADADDR (.data)
                [!provide]                        PROVIDE (__data_init_end = __data_init_end)
                [!provide]                        PROVIDE (__data_size = (__data_end - __data_start))
                [!provide]                        PROVIDE (__data_init_size = __data_size)
                [!provide]                        PROVIDE (__data_init_end = (__data_init_start + __data_init_size))

.igot.plt       0x000000002001408c        0x0 load address 0x0000000000005b6c
 .igot.plt      0x000000002001408c        0x0 InputControlTaak.o
                0x000000002001408c                . = ALIGN (0x4)
                0x000000002001408c                __heap_start = .
                [!provide]                        PROVIDE (__heap_start = __heap_start)
                0x000000002001408c                . = ALIGN (0x4)
                0x0000000020018000                __heap_end = __ram_end
                [!provide]                        PROVIDE (__heap_end = __heap_end)

.stab
 *(.stab)

.stabstr
 *(.stabstr)

.debug
 *(.debug)

.line
 *(.line)

.debug_srcinfo
 *(.debug_srcinfo)

.debug_sfnames
 *(.debug_sfnames)

.debug_aranges
 *(.debug_aranges)

.debug_pubnames
 *(.debug_pubnames)

.debug_info
 *(.debug_info .gnu.linkonce.wi.*)

.debug_abbrev
 *(.debug_abbrev)

.debug_line
 *(.debug_line)

.debug_frame    0x0000000000000000       0xdc
 *(.debug_frame)
 .debug_frame   0x0000000000000000       0x44 /usr/bin/../lib/gcc/arm-none-eabi/7.3.1/thumb/v7-m/libgcc.a(_aeabi_ldivmod.o)
 .debug_frame   0x0000000000000044       0x2c /usr/bin/../lib/gcc/arm-none-eabi/7.3.1/thumb/v7-m/libgcc.a(_aeabi_uldivmod.o)
 .debug_frame   0x0000000000000070       0x34 /usr/bin/../lib/gcc/arm-none-eabi/7.3.1/thumb/v7-m/libgcc.a(_udivmoddi4.o)
 .debug_frame   0x00000000000000a4       0x38 /usr/bin/../lib/gcc/arm-none-eabi/7.3.1/../../../../arm-none-eabi/lib/thumb/v7-m/libc.a(lib_a-memset.o)

.comment        0x0000000000000000       0x7f
 .comment       0x0000000000000000       0x7f InputControlTaak.o
                                         0x80 (size before relaxing)
 .comment       0x000000000000007f       0x80 KeypadTaak.o
 .comment       0x000000000000007f       0x80 PlayerInfo.o
 .comment       0x000000000000007f       0x80 runGameTaak.o
 .comment       0x000000000000007f       0x80 SendTask.o
 .comment       0x000000000000007f       0x80 TransferHitsControlTaak.o
 .comment       0x000000000000007f       0x80 pause_detector.o
 .comment       0x000000000000007f       0x80 DisplayTaak.o
 .comment       0x000000000000007f       0x80 coroutine.o
 .comment       0x000000000000007f       0x80 rtos.o
 .comment       0x000000000000007f       0x80 hwlib.o
 .comment       0x000000000000007f       0x80 main.o
 .comment       0x000000000000007f       0x80 bmptk_cortex.o
 .comment       0x000000000000007f       0x80 bmptk_heap_bmptk.o
 .comment       0x000000000000007f       0x80 bmptk_fixed_size_stack.o

.debug_str
 *(.debug_str)

.debug_loc
 *(.debug_loc)

.debug_macinfo
 *(.debug_macinfo)

.debug_weaknames
 *(.debug_weaknames)

.debug_funcnames
 *(.debug_funcnames)

.debug_typenames
 *(.debug_typenames)

.debug_varnames
 *(.debug_varnames)

.note.gnu.arm.ident
 *(.note.gnu.arm.ident)

.ARM.attributes
                0x0000000000000000       0x31
 *(.ARM.attributes)
 .ARM.attributes
                0x0000000000000000       0x33 InputControlTaak.o
 .ARM.attributes
                0x0000000000000033       0x33 KeypadTaak.o
 .ARM.attributes
                0x0000000000000066       0x33 PlayerInfo.o
 .ARM.attributes
                0x0000000000000099       0x33 runGameTaak.o
 .ARM.attributes
                0x00000000000000cc       0x33 SendTask.o
 .ARM.attributes
                0x00000000000000ff       0x33 TransferHitsControlTaak.o
 .ARM.attributes
                0x0000000000000132       0x33 pause_detector.o
 .ARM.attributes
                0x0000000000000165       0x33 DisplayTaak.o
 .ARM.attributes
                0x0000000000000198       0x21 switch_to.o
 .ARM.attributes
                0x00000000000001b9       0x33 coroutine.o
 .ARM.attributes
                0x00000000000001ec       0x33 rtos.o
 .ARM.attributes
                0x000000000000021f       0x33 hwlib.o
 .ARM.attributes
                0x0000000000000252       0x33 main.o
 .ARM.attributes
                0x0000000000000285       0x33 bmptk_cortex.o
 .ARM.attributes
                0x00000000000002b8       0x33 bmptk_heap_bmptk.o
 .ARM.attributes
                0x00000000000002eb       0x33 bmptk_fixed_size_stack.o
 .ARM.attributes
                0x000000000000031e       0x1d /usr/bin/../lib/gcc/arm-none-eabi/7.3.1/thumb/v7-m/libgcc.a(_aeabi_ldivmod.o)
 .ARM.attributes
                0x000000000000033b       0x1d /usr/bin/../lib/gcc/arm-none-eabi/7.3.1/thumb/v7-m/libgcc.a(_aeabi_uldivmod.o)
 .ARM.attributes
                0x0000000000000358       0x2d /usr/bin/../lib/gcc/arm-none-eabi/7.3.1/thumb/v7-m/libgcc.a(_udivmoddi4.o)
 .ARM.attributes
                0x0000000000000385       0x1d /usr/bin/../lib/gcc/arm-none-eabi/7.3.1/thumb/v7-m/libgcc.a(_dvmd_tls.o)
 .ARM.attributes
                0x00000000000003a2       0x1b /usr/bin/../lib/gcc/arm-none-eabi/7.3.1/../../../../arm-none-eabi/lib/thumb/v7-m/libc.a(lib_a-memcpy.o)
 .ARM.attributes
                0x00000000000003bd       0x2d /usr/bin/../lib/gcc/arm-none-eabi/7.3.1/../../../../arm-none-eabi/lib/thumb/v7-m/libc.a(lib_a-memset.o)

/DISCARD/
 *(.note.GNU-stack)
                [!provide]                        PROVIDE (__text_size = (__text_end - __text_start))
                [!provide]                        PROVIDE (__exidx_size = (__exidx_end - __exidx_start))
                [!provide]                        PROVIDE (__bss_size = (__bss_end - __bss_start))
                [!provide]                        PROVIDE (__stack_size = (__stack_end - __stack_start))
                [!provide]                        PROVIDE (__heap_size = (__heap_end - __heap_start))
OUTPUT(main.elf elf32-littlearm)
