Archive member included to satisfy reference by file (symbol)

/usr/bin/../lib/gcc/arm-none-eabi/7.3.1/thumb/v7-m/libgcc.a(_aeabi_ldivmod.o)
                              rtos.o (__aeabi_ldivmod)
/usr/bin/../lib/gcc/arm-none-eabi/7.3.1/thumb/v7-m/libgcc.a(_aeabi_uldivmod.o)
                              rtos.o (__aeabi_uldivmod)
/usr/bin/../lib/gcc/arm-none-eabi/7.3.1/thumb/v7-m/libgcc.a(_udivmoddi4.o)
                              /usr/bin/../lib/gcc/arm-none-eabi/7.3.1/thumb/v7-m/libgcc.a(_aeabi_ldivmod.o) (__udivmoddi4)
/usr/bin/../lib/gcc/arm-none-eabi/7.3.1/thumb/v7-m/libgcc.a(_dvmd_tls.o)
                              /usr/bin/../lib/gcc/arm-none-eabi/7.3.1/thumb/v7-m/libgcc.a(_aeabi_ldivmod.o) (__aeabi_ldiv0)
/usr/bin/../lib/gcc/arm-none-eabi/7.3.1/../../../../arm-none-eabi/lib/thumb/v7-m/libc.a(lib_a-memcpy.o)
                              runGameTaak.o (memcpy)
/usr/bin/../lib/gcc/arm-none-eabi/7.3.1/../../../../arm-none-eabi/lib/thumb/v7-m/libc.a(lib_a-memset.o)
                              main.o (memset)

Allocating common symbols
Common symbol       size              file

__dso_handle        0x4               bmptk_cortex.o

Discarded input sections

 .group         0x0000000000000000        0x8 DisplayTaak.o
 .group         0x0000000000000000        0x8 DisplayTaak.o
 .group         0x0000000000000000        0x8 DisplayTaak.o
 .group         0x0000000000000000        0x8 DisplayTaak.o
 .group         0x0000000000000000        0x8 DisplayTaak.o
 .group         0x0000000000000000        0x8 DisplayTaak.o
 .group         0x0000000000000000        0x8 DisplayTaak.o
 .group         0x0000000000000000        0x8 DisplayTaak.o
 .group         0x0000000000000000        0x8 DisplayTaak.o
 .group         0x0000000000000000        0x8 DisplayTaak.o
 .group         0x0000000000000000        0x8 DisplayTaak.o
 .group         0x0000000000000000        0x8 DisplayTaak.o
 .group         0x0000000000000000        0xc DisplayTaak.o
 .group         0x0000000000000000        0x8 DisplayTaak.o
 .group         0x0000000000000000        0xc DisplayTaak.o
 .group         0x0000000000000000        0x8 DisplayTaak.o
 .group         0x0000000000000000        0x8 DisplayTaak.o
 .group         0x0000000000000000        0x8 DisplayTaak.o
 .group         0x0000000000000000        0x8 DisplayTaak.o
 .group         0x0000000000000000        0x8 DisplayTaak.o
 .group         0x0000000000000000        0x8 DisplayTaak.o
 .group         0x0000000000000000        0xc DisplayTaak.o
 .group         0x0000000000000000        0xc DisplayTaak.o
 .group         0x0000000000000000        0xc DisplayTaak.o
 .group         0x0000000000000000        0xc DisplayTaak.o
 .group         0x0000000000000000        0xc DisplayTaak.o
 .group         0x0000000000000000        0x8 DisplayTaak.o
 .group         0x0000000000000000        0x8 DisplayTaak.o
 .group         0x0000000000000000        0xc DisplayTaak.o
 .group         0x0000000000000000        0xc DisplayTaak.o
 .group         0x0000000000000000        0x8 DisplayTaak.o
 .group         0x0000000000000000        0x8 DisplayTaak.o
 .group         0x0000000000000000        0x8 DisplayTaak.o
 .group         0x0000000000000000        0x8 DisplayTaak.o
 .group         0x0000000000000000        0xc DisplayTaak.o
 .group         0x0000000000000000        0xc DisplayTaak.o
 .group         0x0000000000000000        0xc DisplayTaak.o
 .group         0x0000000000000000        0xc DisplayTaak.o
 .group         0x0000000000000000        0xc DisplayTaak.o
 .group         0x0000000000000000        0xc DisplayTaak.o
 .group         0x0000000000000000        0xc DisplayTaak.o
 .group         0x0000000000000000        0xc DisplayTaak.o
 .group         0x0000000000000000        0xc DisplayTaak.o
 .group         0x0000000000000000        0xc DisplayTaak.o
 .group         0x0000000000000000        0xc DisplayTaak.o
 .group         0x0000000000000000        0xc DisplayTaak.o
 .group         0x0000000000000000        0xc DisplayTaak.o
 .group         0x0000000000000000        0xc DisplayTaak.o
 .group         0x0000000000000000        0xc DisplayTaak.o
 .text          0x0000000000000000        0x0 DisplayTaak.o
 .data          0x0000000000000000        0x0 DisplayTaak.o
 .bss           0x0000000000000000        0x0 DisplayTaak.o
 .text._ZN5hwlib8terminal25cursor_set_implementationENS_2xyE
                0x0000000000000000        0xc DisplayTaak.o
 .text._ZN5hwlib8terminal5flushEv
                0x0000000000000000        0x2 DisplayTaak.o
 .text._ZN5hwlib8terminal5clearEv
                0x0000000000000000       0x50 DisplayTaak.o
 .text._ZN3due11ad_pin_infoENS_7ad_pinsE
                0x0000000000000000       0x1c DisplayTaak.o
 .text._ZN3due11ad_seq_infoEm
                0x0000000000000000       0x20 DisplayTaak.o
 .text._ZN5hwlib19uart_char_availableEv
                0x0000000000000000        0x4 DisplayTaak.o
 .text._ZN5hwlib9uart_getcEv
                0x0000000000000000        0x4 DisplayTaak.o
[...]
Memory Configuration

Name             Origin             Length             Attributes
rom              0x0000000000000000 0x0000000000080000 xr
ram              0x0000000020000000 0x0000000000018000 xrw
nul              0x0000000020018000 0x0000000000000000 xrw
*default*        0x0000000000000000 0xffffffffffffffff

Linker script and memory map

LOAD /usr/bin/../lib/gcc/arm-none-eabi/7.3.1/thumb/v7-m/libgcc.a
LOAD DisplayTaak.o
LOAD InputControlTaak.o
LOAD KeypadTaak.o
LOAD PlayerInfo.o
LOAD runGameTaak.o
LOAD SendTask.o
LOAD TransferHitsControlTaak.o
LOAD switch_to.o
LOAD coroutine.o
LOAD rtos.o
LOAD hwlib.o
LOAD main.o
LOAD bmptk_cortex.o
LOAD bmptk_heap_bmptk.o
LOAD bmptk_fixed_size_stack.o
LOAD /usr/bin/../lib/gcc/arm-none-eabi/7.3.1/../../../../arm-none-eabi/lib/thumb/v7-m/libm.a
LOAD /usr/bin/../lib/gcc/arm-none-eabi/7.3.1/thumb/v7-m/libgcc.a
LOAD /usr/bin/../lib/gcc/arm-none-eabi/7.3.1/../../../../arm-none-eabi/lib/thumb/v7-m/libc.a
                0x0000000000000000                __rom_start = ORIGIN (rom)
                0x0000000000080000                __rom_size = LENGTH (rom)
                0x0000000000080000                __rom_end = (__rom_start + __rom_size)
                0x0000000020000000                __ram_start = ORIGIN (ram)
                0x0000000000018000                __ram_size = LENGTH (ram)
                0x0000000020018000                __ram_end = (__ram_start + __ram_size)
                [!provide]                        PROVIDE (__rom_start = __rom_start)
                [!provide]                        PROVIDE (__rom_size = __rom_size)
                [!provide]                        PROVIDE (__rom_end = __rom_end)
                [!provide]                        PROVIDE (__ram_start = __ram_start)
                [!provide]                        PROVIDE (__ram_size = __ram_size)
                [!provide]                        PROVIDE (__ram_end = __ram_end)

.text           0x0000000000000000     0x5570
                0x0000000000000000                . = ALIGN (0x4)
                0x0000000000000000                __text_start = .
                [!provide]                        PROVIDE (__text_start = __text_start)
                0x0000000000000000                . = ALIGN (0x4)
 *(.vectors)
 .vectors       0x0000000000000000       0x20 bmptk_cortex.o
                0x0000000000000000                __vectors
                0x0000000000000020                . = ALIGN (0x4)
 *(.text .text.* .gnu.linkonce.t.*)
 .text._ZN5hwlib8terminal10cursor_setENS_2xyE
                0x0000000000000020       0x28 DisplayTaak.o
                0x0000000000000020                hwlib::terminal::cursor_set(hwlib::xy)
 .text._ZN5hwlib14i2c_primitives8read_ackEv
                0x0000000000000048       0x10 DisplayTaak.o
                0x0000000000000048                hwlib::i2c_primitives::read_ack()
 .text._ZN5hwlib14i2c_primitives9write_ackEv
                0x0000000000000058        0x8 DisplayTaak.o
                0x0000000000000058                hwlib::i2c_primitives::write_ack()
 .text._ZN5hwlib14i2c_primitives10write_nackEv
                0x0000000000000060        0x8 DisplayTaak.o
                0x0000000000000060                hwlib::i2c_primitives::write_nack()
 .text._ZN5hwlib14i2c_primitives5writeEh
                0x0000000000000068       0x1c DisplayTaak.o
                0x0000000000000068                hwlib::i2c_primitives::write(unsigned char)
 .text._ZN5hwlib14i2c_primitives5writeEPKhj
                0x0000000000000084       0x24 DisplayTaak.o
                0x0000000000000084                hwlib::i2c_primitives::write(unsigned char const*, unsigned int)
 .text._ZN5hwlib14i2c_primitives9read_byteEv
                0x00000000000000a8       0x20 DisplayTaak.o
                0x00000000000000a8                hwlib::i2c_primitives::read_byte()
 .text._ZN5hwlib14i2c_primitives4readEbPhj
                0x00000000000000c8       0x36 DisplayTaak.o
                0x00000000000000c8                hwlib::i2c_primitives::read(bool, unsigned char*, unsigned int)
 .text._ZN5hwlib13terminal_from25cursor_set_implementationENS_2xyE
                0x00000000000000fe       0x28 DisplayTaak.o
                0x00000000000000fe                hwlib::terminal_from::cursor_set_implementation(hwlib::xy)
 *fill*         0x0000000000000126        0x2 
 .text._ZN5hwlib13terminal_from5clearEv
                0x0000000000000128       0x30 DisplayTaak.o
                0x0000000000000128                hwlib::terminal_from::clear()
 .text._ZN5hwlib13terminal_from5flushEv
                0x0000000000000158        0x8 DisplayTaak.o
                0x0000000000000158                hwlib::terminal_from::flush()
 .text._ZNK5hwlib16font_default_8x8ixEc
                0x0000000000000160       0x14 DisplayTaak.o
                0x0000000000000160                hwlib::font_default_8x8::operator[](char) const
 .text._ZN5hwlib29glcd_oled_i2c_128x64_buffered20write_implementationENS_2xyENS_5colorE
                0x0000000000000174       0x64 DisplayTaak.o
                0x0000000000000174                hwlib::glcd_oled_i2c_128x64_buffered::write_implementation(hwlib::xy, hwlib::color)
 .text._ZN3due6pin_oc4readEv
                0x00000000000001d8       0x10 DisplayTaak.o
                0x00000000000001d8                due::pin_oc::read()
 .text._ZN3due6pin_oc5writeEb
                0x00000000000001e8       0x10 DisplayTaak.o
                0x00000000000001e8                due::pin_oc::write(bool)
 .text._ZN3due6pin_oc5flushEv
                0x00000000000001f8        0x2 DisplayTaak.o
                0x00000000000001f8                due::pin_oc::flush()
 .text._ZN3due6pin_oc7refreshEv
                0x00000000000001fa        0x2 DisplayTaak.o
                0x00000000000001fa                due::pin_oc::refresh()
 .text._ZN5hwlib8terminal4putcEc
                0x00000000000001fc       0xde DisplayTaak.o
                0x00000000000001fc                hwlib::terminal::putc(char)
 .text._ZN5hwliblsERNS_7ostreamENS_6_flushE.isra.4
                0x00000000000002da        0xe DisplayTaak.o
 .text._ZN5hwlib26i2c_bus_bit_banged_scl_sda16wait_half_periodEv.isra.9
                0x00000000000002e8        0x6 DisplayTaak.o
 .text._ZN5hwlib26i2c_bus_bit_banged_scl_sda10write_stopEv
                0x00000000000002ee       0x60 DisplayTaak.o
                0x00000000000002ee                hwlib::i2c_bus_bit_banged_scl_sda::write_stop()
 .text._ZN5hwlib26i2c_bus_bit_banged_scl_sda11write_startEv
                0x000000000000034e       0x34 DisplayTaak.o
                0x000000000000034e                hwlib::i2c_bus_bit_banged_scl_sda::write_start()
 .text._ZN5hwlib26i2c_bus_bit_banged_scl_sda8read_bitEv
                0x0000000000000382       0x68 DisplayTaak.o
                0x0000000000000382                hwlib::i2c_bus_bit_banged_scl_sda::read_bit()
 .text._ZN5hwlib26i2c_bus_bit_banged_scl_sda9write_bitEb
                0x00000000000003ea       0x52 DisplayTaak.o
                0x00000000000003ea                hwlib::i2c_bus_bit_banged_scl_sda::write_bit(bool)
 .text._ZN5hwlib6window20clear_implementationENS_5colorE
                0x000000000000043c       0x7c DisplayTaak.o
                0x000000000000043c                hwlib::window::clear_implementation(hwlib::color)
 .text._ZN5hwlib6window5clearENS_5colorE
                0x00000000000004b8       0x56 DisplayTaak.o
                0x00000000000004b8                hwlib::window::clear(hwlib::color)
 .text._ZN5hwlib7ostream6fillerEi
                0x000000000000050e       0x1a DisplayTaak.o
                0x000000000000050e                hwlib::ostream::filler(int)
 .text._ZN5hwliblsERNS_7ostreamEPKc
                0x0000000000000528       0x54 DisplayTaak.o
                0x0000000000000528                hwlib::operator<<(hwlib::ostream&, char const*)
 .text._ZN5hwliblsERNS_7ostreamEi
                0x000000000000057c       0xce DisplayTaak.o
                0x000000000000057c                hwlib::operator<<(hwlib::ostream&, int)
 .text._ZN5hwlib21i2c_write_transactionC2ERNS_14i2c_primitivesEj
                0x000000000000064a       0x24 DisplayTaak.o
                0x000000000000064a                hwlib::i2c_write_transaction::i2c_write_transaction(hwlib::i2c_primitives&, unsigned int)
                0x000000000000064a                hwlib::i2c_write_transaction::i2c_write_transaction(hwlib::i2c_primitives&, unsigned int)
 .text._ZN5hwlib21i2c_write_transaction5writeEPKhj
                0x000000000000066e        0x8 DisplayTaak.o
                0x000000000000066e                hwlib::i2c_write_transaction::write(unsigned char const*, unsigned int)
 .text._ZN5hwlib21i2c_write_transactionD2Ev
                0x0000000000000676       0x18 DisplayTaak.o
                0x0000000000000676                hwlib::i2c_write_transaction::~i2c_write_transaction()
                0x0000000000000676                hwlib::i2c_write_transaction::~i2c_write_transaction()
 .text._ZN5hwlib6window5writeENS_2xyENS_5colorE
                0x000000000000068e       0x5c DisplayTaak.o
                0x000000000000068e                hwlib::window::write(hwlib::xy, hwlib::color)
 .text._ZN5hwlib4line4drawERNS_6windowE
                0x00000000000006ea       0xa2 DisplayTaak.o
                0x00000000000006ea                hwlib::line::draw(hwlib::window&)
 .text._ZN5hwlib6window5writeENS_2xyERKNS_5imageE
                0x000000000000078c       0x98 DisplayTaak.o
                0x000000000000078c                hwlib::window::write(hwlib::xy, hwlib::image const&)
 .text._ZN5hwlib13terminal_from19putc_implementationEc
                0x0000000000000824       0x2e DisplayTaak.o
                0x0000000000000824                hwlib::terminal_from::putc_implementation(char)
 *fill*         0x0000000000000852        0x2 
 .text._ZN5hwlib9rectangle4drawERNS_6windowE
                0x0000000000000854       0xe8 DisplayTaak.o
                0x0000000000000854                hwlib::rectangle::draw(hwlib::window&)
 .text._ZN5hwlib13terminal_fromC2ERNS_6windowERKNS_4fontE
                0x000000000000093c       0x58 DisplayTaak.o
                0x000000000000093c                hwlib::terminal_from::terminal_from(hwlib::window&, hwlib::font const&)
                0x000000000000093c                hwlib::terminal_from::terminal_from(hwlib::window&, hwlib::font const&)
 .text._ZN5hwlib11ssd1306_i2c7commandENS_16ssd1306_commandsEhh
                0x0000000000000994       0x3c DisplayTaak.o
                0x0000000000000994                hwlib::ssd1306_i2c::command(hwlib::ssd1306_commands, unsigned char, unsigned char)
 .text._ZN5hwlib29glcd_oled_i2c_128x64_buffered5flushEv
                0x00000000000009d0       0x58 DisplayTaak.o
                0x00000000000009d0                hwlib::glcd_oled_i2c_128x64_buffered::flush()
 .text._ZN6sam3xa10SystemInitEv
                0x0000000000000a28       0x7c DisplayTaak.o
                0x0000000000000a28                sam3xa::SystemInit()
 .text._ZN3due8pin_infoENS_4pinsE
                0x0000000000000aa4       0x20 DisplayTaak.o
                0x0000000000000aa4                due::pin_info(due::pins)
 .text._ZN3due14port_registersEm
                0x0000000000000ac4       0x54 DisplayTaak.o
                0x0000000000000ac4                due::port_registers(unsigned long)
 .text._ZN3due6pin_ocC2ENS_4pinsE
                0x0000000000000b18       0x34 DisplayTaak.o
                0x0000000000000b18                due::pin_oc::pin_oc(due::pins)
                0x0000000000000b18                due::pin_oc::pin_oc(due::pins)
 .text.startup._ZN11DisplayTaak4mainEv
                0x0000000000000b4c      0x3ec DisplayTaak.o
                0x0000000000000b4c                DisplayTaak::main()
 .text._ZN3due12ticks_per_usEv
                0x0000000000000f38        0x6 DisplayTaak.o
                0x0000000000000f38                due::ticks_per_us()
 *fill*         0x0000000000000f3e        0x2 
 .text._ZN3due9now_ticksEv
                0x0000000000000f40       0x80 DisplayTaak.o
                0x0000000000000f40                due::now_ticks()
 .text._ZN5hwlib9uart_putcEc
                0x0000000000000fc0        0x4 DisplayTaak.o
                0x0000000000000fc0                hwlib::uart_putc(char)
 .text._ZN16InputControlTaak10KeyPressedEc
                0x0000000000000fc4       0x4a InputControlTaak.o
                0x0000000000000fc4                InputControlTaak::KeyPressed(char)
                0x0000000000001004                non-virtual thunk to InputControlTaak::KeyPressed(char)
 *fill*         0x000000000000100e        0x2 
 .text.startup._ZN16InputControlTaak4mainEv
                0x0000000000001010      0x204 InputControlTaak.o
                0x0000000000001010                InputControlTaak::main()
 .text._ZN5hwlib21port_direct_from_in_t14number_of_pinsEv
                0x0000000000001214        0x8 KeypadTaak.o
                0x0000000000001214                hwlib::port_direct_from_in_t::number_of_pins()
 .text._ZN5hwlib21port_direct_from_in_t4readEv
                0x000000000000121c       0x18 KeypadTaak.o
                0x000000000000121c                hwlib::port_direct_from_in_t::read()
 .text._ZN5hwlib21port_direct_from_in_t7refreshEv
                0x0000000000001234        0x2 KeypadTaak.o
                0x0000000000001234                hwlib::port_direct_from_in_t::refresh()
 .text._ZN5hwlib21port_direct_from_oc_t14number_of_pinsEv
                0x0000000000001236        0x8 KeypadTaak.o
                0x0000000000001236                hwlib::port_direct_from_oc_t::number_of_pins()
 .text._ZN5hwlib21port_direct_from_oc_t5writeEj
                0x000000000000123e       0x18 KeypadTaak.o
                0x000000000000123e                hwlib::port_direct_from_oc_t::write(unsigned int)
 .text._ZN5hwlib21port_direct_from_oc_t4readEv
                0x0000000000001256       0x18 KeypadTaak.o
                0x0000000000001256                hwlib::port_direct_from_oc_t::read()
 .text._ZN5hwlib21port_direct_from_oc_t5flushEv
                0x000000000000126e        0x2 KeypadTaak.o
                0x000000000000126e                hwlib::port_direct_from_oc_t::flush()
 .text._ZN5hwlib21port_direct_from_oc_t7refreshEv
                0x0000000000001270        0x2 KeypadTaak.o
                0x0000000000001270                hwlib::port_direct_from_oc_t::refresh()
 .text._ZN5hwlib7istream11getc_nowaitEv
                0x0000000000001272       0x1a KeypadTaak.o
                0x0000000000001272                hwlib::istream::getc_nowait()
 .text._ZN3due6pin_in4readEv
                0x000000000000128c       0x10 KeypadTaak.o
                0x000000000000128c                due::pin_in::read()
 .text._ZN3due6pin_in7refreshEv
                0x000000000000129c        0x2 KeypadTaak.o
                0x000000000000129c                due::pin_in::refresh()
 .text._ZN5hwlib6keypadILi16EE4getcEv
                0x000000000000129e       0x24 KeypadTaak.o
                0x000000000000129e                hwlib::keypad<16>::getc()
 *fill*         0x00000000000012c2        0x2 
 .text._ZN3due6pin_inC2ENS_4pinsE
                0x00000000000012c4       0x34 KeypadTaak.o
                0x00000000000012c4                due::pin_in::pin_in(due::pins)
                0x00000000000012c4                due::pin_in::pin_in(due::pins)
 .text._ZN5hwlib6keypadILi16EE7pressedEv
                0x00000000000012f8       0x70 KeypadTaak.o
                0x00000000000012f8                hwlib::keypad<16>::pressed()
 .text.startup._ZN10KeypadTaak4mainEv
                0x0000000000001368      0x138 KeypadTaak.o
                0x0000000000001368                KeypadTaak::main()
 .text._ZN5hwlib6keypadILi16EE14char_availableEv
                0x00000000000014a0       0x4a KeypadTaak.o
                0x00000000000014a0                hwlib::keypad<16>::char_available()
 .text._ZN10PlayerInfo9GetWeaponEi
                0x00000000000014ea       0x14 PlayerInfo.o
                0x00000000000014ea                PlayerInfo::GetWeapon(int)
 .text._ZN10PlayerInfo16GetCurrentWeaponEv
                0x00000000000014fe        0x6 PlayerInfo.o
                0x00000000000014fe                PlayerInfo::GetCurrentWeapon()
 .text._ZN10PlayerInfo9SetWeaponEi
                0x0000000000001504        0x6 PlayerInfo.o
                0x0000000000001504                PlayerInfo::SetWeapon(int)
 .text._ZN10PlayerInfo11GetPlayerIDEv
                0x000000000000150a        0x4 PlayerInfo.o
                0x000000000000150a                PlayerInfo::GetPlayerID()
 .text._ZN10PlayerInfo11SetPlayerIDEj
                0x000000000000150e        0x4 PlayerInfo.o
                0x000000000000150e                PlayerInfo::SetPlayerID(unsigned int)
 .text._ZN10PlayerInfo7GetHitsEv
                0x0000000000001512        0x4 PlayerInfo.o
                0x0000000000001512                PlayerInfo::GetHits()
 .text._ZN10PlayerInfo9SetHealthEi
                0x0000000000001516        0x6 PlayerInfo.o
                0x0000000000001516                PlayerInfo::SetHealth(int)
 .text._ZN10PlayerInfo9GetHealthEv
                0x000000000000151c        0x6 PlayerInfo.o
                0x000000000000151c                PlayerInfo::GetHealth()
 .text._ZN10PlayerInfo12GethitAmountEv
                0x0000000000001522        0x6 PlayerInfo.o
                0x0000000000001522                PlayerInfo::GethitAmount()
 .text._ZN11RunGameTaak11sendMessageEm
                0x0000000000001528       0x16 runGameTaak.o
                0x0000000000001528                RunGameTaak::sendMessage(unsigned long)
 .text._ZThn4228_N11RunGameTaak11sendMessageEm
                0x000000000000153e        0xc runGameTaak.o
                0x000000000000153e                non-virtual thunk to RunGameTaak::sendMessage(unsigned long)
 .text._ZN11RunGameTaak12InputMessageE8buttonid
                0x000000000000154a       0x40 runGameTaak.o
                0x000000000000154a                RunGameTaak::InputMessage(buttonid)
 .text._ZThn4232_N11RunGameTaak12InputMessageE8buttonid
                0x000000000000158a        0xc runGameTaak.o
                0x000000000000158a                non-virtual thunk to RunGameTaak::InputMessage(buttonid)
 .text._ZN5hwlib7ostreamlsEc
                0x0000000000001596        0xe runGameTaak.o
                0x0000000000001596                hwlib::ostream::operator<<(char)
 .text._ZN11RunGameTaak17calculateCheckSumEm
                0x00000000000015a4       0x3e runGameTaak.o
                0x00000000000015a4                RunGameTaak::calculateCheckSum(unsigned long)
 .text._ZN11RunGameTaak19computeStartCommandEiRm
                0x00000000000015e2       0x1c runGameTaak.o
                0x00000000000015e2                RunGameTaak::computeStartCommand(int, unsigned long&)
 .text._ZN11RunGameTaak12isHitMessageEm
                0x00000000000015fe       0x3a runGameTaak.o
                0x00000000000015fe                RunGameTaak::isHitMessage(unsigned long)
 .text._ZN11RunGameTaak10computeHitEm
                0x0000000000001638       0x32 runGameTaak.o
                0x0000000000001638                RunGameTaak::computeHit(unsigned long)
 .text._ZN11RunGameTaak17computeDeathDelayEm
                0x000000000000166a       0x32 runGameTaak.o
                0x000000000000166a                RunGameTaak::computeDeathDelay(unsigned long)
 .text._ZN11RunGameTaak17computeShootDelayEv
                0x000000000000169c       0x4e runGameTaak.o
                0x000000000000169c                RunGameTaak::computeShootDelay()
 .text._ZN4rtos7channelI11TypeMessageLi10EE5writeES1_
                0x00000000000016ea       0x5a runGameTaak.o
                0x00000000000016ea                rtos::channel<TypeMessage, 10>::write(TypeMessage)
 .text._ZN11DisplayTaak11showMessageEic
                0x0000000000001744       0x1e runGameTaak.o
                0x0000000000001744                DisplayTaak::showMessage(int, char)
 .text._ZN11DisplayTaak11showMessageEPKcc
                0x0000000000001762       0x1e runGameTaak.o
                0x0000000000001762                DisplayTaak::showMessage(char const*, char)
 .text._ZN4rtos7channelI8buttonidLi10EE4readEv
                0x0000000000001780       0x70 runGameTaak.o
                0x0000000000001780                rtos::channel<buttonid, 10>::read()
 .text._ZN11RunGameTaak12waitForInputEv
                0x00000000000017f0       0x7c runGameTaak.o
                0x00000000000017f0                RunGameTaak::waitForInput()
 .text.startup._ZN11RunGameTaak4mainEv
                0x000000000000186c      0x700 runGameTaak.o
                0x000000000000186c                RunGameTaak::main()
 .text.startup._ZN8SendTask4mainEv
                0x0000000000001f6c      0x118 SendTask.o
                0x0000000000001f6c                SendTask::main()
 .text._ZN8SendTask11SendMessageEi
                0x0000000000002084       0x16 SendTask.o
                0x0000000000002084                SendTask::SendMessage(int)
 *fill*         0x000000000000209a        0x2 
 .text.startup._ZN23TransferHitsControlTaak4mainEv
                0x000000000000209c       0xe4 TransferHitsControlTaak.o
                0x000000000000209c                TransferHitsControlTaak::main()
 .text._ZN23TransferHitsControlTaak7writingEv
                0x0000000000002180        0xa TransferHitsControlTaak.o
                0x0000000000002180                TransferHitsControlTaak::writing()
 *fill*         0x000000000000218a        0x2 
 .text          0x000000000000218c       0x24 switch_to.o
                0x000000000000218c                switch_from_to
 .text._ZN4rtos8callback6cancelEv
                0x00000000000021b0        0xa rtos.o
                0x00000000000021b0                rtos::callback::cancel()
 .text._ZN5hwlib7ostream7reverse10add_prefixERKS0_.part.2
                0x00000000000021ba       0x4c rtos.o
 .text._ZN5hwliblsERNS_7ostreamEx
                0x0000000000002206       0xc4 rtos.o
                0x0000000000002206                hwlib::operator<<(hwlib::ostream&, long long)
 .text._ZN5hwliblsERNS_7ostreamEj
                0x00000000000022ca        0xc rtos.o
                0x00000000000022ca                hwlib::operator<<(hwlib::ostream&, unsigned int)
 .text._Z6strlenPKc
                0x00000000000022d6       0x10 rtos.o
                0x00000000000022d6                strlen(char const*)
 .text._Z6strcpyPcPKc
                0x00000000000022e6       0x14 rtos.o
                0x00000000000022e6                strcpy(char*, char const*)
 .text._Z15string_allocatePKc
                0x00000000000022fa       0x26 rtos.o
                0x00000000000022fa                string_allocate(char const*)
 .text._Z12nr_from_maskj
                0x0000000000002320       0x1a rtos.o
                0x0000000000002320                nr_from_mask(unsigned int)
 *fill*         0x000000000000233a        0x2 
 .text._Z15task_trampolinev
                0x000000000000233c       0x34 rtos.o
                0x000000000000233c                task_trampoline()
 .text._ZN4rtos9task_base7releaseEv
                0x0000000000002370       0x24 rtos.o
                0x0000000000002370                rtos::task_base::release()
 .text._ZN4rtos9task_base7suspendEv
                0x0000000000002394        0x8 rtos.o
                0x0000000000002394                rtos::task_base::suspend()
 .text._ZN4rtos9task_base6resumeEv
                0x000000000000239c        0x8 rtos.o
                0x000000000000239c                rtos::task_base::resume()
 .text._ZN4rtos9task_base7unblockEv
                0x00000000000023a4       0x14 rtos.o
                0x00000000000023a4                rtos::task_base::unblock()
 .text._ZN4rtos9task_base5blockEv
                0x00000000000023b8       0x70 rtos.o
                0x00000000000023b8                rtos::task_base::block()
 .text._ZNK4rtos9task_base5printERN5hwlib7ostreamEb
                0x0000000000002428      0x154 rtos.o
                0x0000000000002428                rtos::task_base::print(hwlib::ostream&, bool) const
 .text._ZNK4rtos5eventeqERKS0_
                0x000000000000257c       0x3c rtos.o
                0x000000000000257c                rtos::event::operator==(rtos::event const&) const
 .text._ZNK4rtos5eventeqERKNS_8waitableE
                0x00000000000025b8       0x1c rtos.o
                0x00000000000025b8                rtos::event::operator==(rtos::waitable const&) const
 .text._ZNK4rtos5eventplERKS0_
                0x00000000000025d4       0x3c rtos.o
                0x00000000000025d4                rtos::event::operator+(rtos::event const&) const
 .text._ZNK4rtos4flag5printERN5hwlib7ostreamEb
                0x0000000000002610       0xcc rtos.o
                0x0000000000002610                rtos::flag::print(hwlib::ostream&, bool) const
 .text._ZN4rtos5timer3setEm
                0x00000000000026dc        0xe rtos.o
                0x00000000000026dc                rtos::timer::set(unsigned long)
 *fill*         0x00000000000026ea        0x2 
 .text._ZNK4rtos5timer5printERN5hwlib7ostreamEb
                0x00000000000026ec       0xd0 rtos.o
                0x00000000000026ec                rtos::timer::print(hwlib::ostream&, bool) const
 .text._ZNK4rtos5clock5printERN5hwlib7ostreamEb
                0x00000000000027bc       0xd4 rtos.o
                0x00000000000027bc                rtos::clock::print(hwlib::ostream&, bool) const
 .text._ZN4rtos12waitable_set17waitable_allocateEv
                0x0000000000002890       0x38 rtos.o
                0x0000000000002890                rtos::waitable_set::waitable_allocate()
 .text._ZN4rtos8waitableC2EPNS_9task_baseEPKc
                0x00000000000028c8       0x2c rtos.o
                0x00000000000028c8                rtos::waitable::waitable(rtos::task_base*, char const*)
                0x00000000000028c8                rtos::waitable::waitable(rtos::task_base*, char const*)
 .text._ZN4rtos12waitable_set3setERKNS_8waitableE
                0x00000000000028f4       0x14 rtos.o
                0x00000000000028f4                rtos::waitable_set::set(rtos::waitable const&)
 .text._ZN4rtos5clock7time_upEv
                0x0000000000002908       0x38 rtos.o
                0x0000000000002908                rtos::clock::time_up()
 .text._ZThn16_N4rtos5clock7time_upEv
                0x0000000000002940        0x8 rtos.o
                0x0000000000002940                non-virtual thunk to rtos::clock::time_up()
 .text._ZN4rtos5timer7time_upEv
                0x0000000000002948       0x10 rtos.o
                0x0000000000002948                rtos::timer::time_up()
                0x0000000000002952                non-virtual thunk to rtos::timer::time_up()
 .text._ZN4rtos4flag3setEv
                0x0000000000002958       0x10 rtos.o
                0x0000000000002958                rtos::flag::set()
 .text._ZN4rtos12waitable_set5clearERKNS_8waitableE
                0x0000000000002968        0xc rtos.o
                0x0000000000002968                rtos::waitable_set::clear(rtos::waitable const&)
 .text._ZN4rtos8waitable5clearEv
                0x0000000000002974        0xa rtos.o
                0x0000000000002974                rtos::waitable::clear()
 .text._ZN4rtos5timer6cancelEv
                0x000000000000297e       0x16 rtos.o
                0x000000000000297e                rtos::timer::cancel()
 .text._ZThn16_N4rtos5timer6cancelEv
                0x0000000000002994        0x8 rtos.o
                0x0000000000002994                non-virtual thunk to rtos::timer::cancel()
 .text._ZN4rtos5clock5clearEv
                0x000000000000299c        0x8 rtos.o
                0x000000000000299c                rtos::clock::clear()
 .text._ZN4rtos12waitable_set4waitEj
                0x00000000000029a4       0x64 rtos.o
                0x00000000000029a4                rtos::waitable_set::wait(unsigned int)
 .text._ZNK4rtos5mutex5printERN5hwlib7ostreamEb
                0x0000000000002a08       0xec rtos.o
                0x0000000000002a08                rtos::mutex::print(hwlib::ostream&, bool) const
 .text._ZNK4rtos12channel_base5printERN5hwlib7ostreamEb
                0x0000000000002af4       0xe0 rtos.o
                0x0000000000002af4                rtos::channel_base::print(hwlib::ostream&, bool) const
 .text._ZNK4rtos9pool_base5printERN5hwlib7ostreamEb
                0x0000000000002bd4       0x78 rtos.o
                0x0000000000002bd4                rtos::pool_base::print(hwlib::ostream&, bool) const
 .text._ZNK4rtos12mailbox_base5printERN5hwlib7ostreamEb
                0x0000000000002c4c       0xc4 rtos.o
                0x0000000000002c4c                rtos::mailbox_base::print(hwlib::ostream&, bool) const
 .text._ZN4rtos3addEPNS_4flagE
                0x0000000000002d10       0x10 rtos.o
                0x0000000000002d10                rtos::add(rtos::flag*)
 .text._ZN4rtos4flagC2EPNS_9task_baseEPKc
                0x0000000000002d20       0x20 rtos.o
                0x0000000000002d20                rtos::flag::flag(rtos::task_base*, char const*)
                0x0000000000002d20                rtos::flag::flag(rtos::task_base*, char const*)
 .text._ZN4rtos3addEPNS_5timerE
                0x0000000000002d40       0x10 rtos.o
                0x0000000000002d40                rtos::add(rtos::timer*)
 .text._ZN4rtos3addEPNS_5clockE
                0x0000000000002d50       0x10 rtos.o
                0x0000000000002d50                rtos::add(rtos::clock*)
 .text._ZN4rtos3addEPNS_12channel_baseE
                0x0000000000002d60       0x10 rtos.o
                0x0000000000002d60                rtos::add(rtos::channel_base*)
 .text._ZN4rtos12channel_baseC2EPNS_9task_baseEPKc
                0x0000000000002d70       0x30 rtos.o
                0x0000000000002d70                rtos::channel_base::channel_base(rtos::task_base*, char const*)
                0x0000000000002d70                rtos::channel_base::channel_base(rtos::task_base*, char const*)
 .text._ZN4rtos3addEPNS_9pool_baseE
                0x0000000000002da0       0x10 rtos.o
                0x0000000000002da0                rtos::add(rtos::pool_base*)
 .text._ZN4rtos9pool_baseC2EPKc
                0x0000000000002db0       0x1a rtos.o
                0x0000000000002db0                rtos::pool_base::pool_base(char const*)
                0x0000000000002db0                rtos::pool_base::pool_base(char const*)
 *fill*         0x0000000000002dca        0x2 
 .text._ZN4rtos5printERN5hwlib7ostreamE
                0x0000000000002dcc      0x1b4 rtos.o
                0x0000000000002dcc                rtos::print(hwlib::ostream&)
 .text._ZN4rtos4beatEv
                0x0000000000002f80      0x148 rtos.o
                0x0000000000002f80                rtos::beat()
 .text._ZN4rtos3runEv
                0x00000000000030c8       0x3c rtos.o
                0x00000000000030c8                rtos::run()
 .text._ZN4rtos3addEPNS_8callbackE
                0x0000000000003104       0x10 rtos.o
                0x0000000000003104                rtos::add(rtos::callback*)
 .text._ZN4rtos8callbackC2EPKc
                0x0000000000003114       0x28 rtos.o
                0x0000000000003114                rtos::callback::callback(char const*)
                0x0000000000003114                rtos::callback::callback(char const*)
 .text._ZN4rtos5timerC2EPNS_9task_baseEPKc
                0x000000000000313c       0x34 rtos.o
                0x000000000000313c                rtos::timer::timer(rtos::task_base*, char const*)
                0x000000000000313c                rtos::timer::timer(rtos::task_base*, char const*)
 .text._ZN4rtos5clockC2EPNS_9task_baseEmPKc
                0x0000000000003170       0x3c rtos.o
                0x0000000000003170                rtos::clock::clock(rtos::task_base*, unsigned long, char const*)
                0x0000000000003170                rtos::clock::clock(rtos::task_base*, unsigned long, char const*)
 .text._ZN4rtos3addEPNS_9task_baseE
                0x00000000000031ac       0x74 rtos.o
                0x00000000000031ac                rtos::add(rtos::task_base*)
 .text._ZN4rtos9task_baseC2ER9coroutineILl0EEjPKc
                0x0000000000003220       0x4c rtos.o
                0x0000000000003220                rtos::task_base::task_base(coroutine<0l>&, unsigned int, char const*)
                0x0000000000003220                rtos::task_base::task_base(coroutine<0l>&, unsigned int, char const*)
 .text._ZN5hwlib7wait_usEi
                0x000000000000326c       0x3c rtos.o
                0x000000000000326c                hwlib::wait_us(int)
 .text._ZN5hwlib7wait_msEi
                0x00000000000032a8       0x16 rtos.o
                0x00000000000032a8                hwlib::wait_ms(int)
 .text._ZN5hwlib14pin_in_dummy_t4readEv
                0x00000000000032be        0x4 hwlib.o
                0x00000000000032be                hwlib::pin_in_dummy_t::read()
 .text._ZN5hwlib14pin_in_dummy_t7refreshEv
                0x00000000000032c2        0x2 hwlib.o
                0x00000000000032c2                hwlib::pin_in_dummy_t::refresh()
 .text._ZN5hwlib14pin_oc_dummy_t5writeEb
                0x00000000000032c4        0x2 hwlib.o
                0x00000000000032c4                hwlib::pin_oc_dummy_t::write(bool)
 .text._ZN5hwlib14pin_oc_dummy_t4readEv
                0x00000000000032c6        0x4 hwlib.o
                0x00000000000032c6                hwlib::pin_oc_dummy_t::read()
 .text._ZN5hwlib14pin_oc_dummy_t5flushEv
                0x00000000000032ca        0x2 hwlib.o
                0x00000000000032ca                hwlib::pin_oc_dummy_t::flush()
 .text._ZN5hwlib14pin_oc_dummy_t7refreshEv
                0x00000000000032cc        0x2 hwlib.o
                0x00000000000032cc                hwlib::pin_oc_dummy_t::refresh()
 .text._ZN5hwlib19port_in_from_pins_t14number_of_pinsEv
                0x00000000000032ce        0x4 hwlib.o
                0x00000000000032ce                hwlib::port_in_from_pins_t::number_of_pins()
 .text._ZN5hwlib19port_in_from_pins_t4readEv
                0x00000000000032d2       0x2a hwlib.o
                0x00000000000032d2                hwlib::port_in_from_pins_t::read()
 .text._ZN5hwlib19port_in_from_pins_t7refreshEv
                0x00000000000032fc       0x20 hwlib.o
                0x00000000000032fc                hwlib::port_in_from_pins_t::refresh()
 .text._ZN5hwlib19port_oc_from_pins_t14number_of_pinsEv
                0x000000000000331c        0x4 hwlib.o
                0x000000000000331c                hwlib::port_oc_from_pins_t::number_of_pins()
 .text._ZN5hwlib19port_oc_from_pins_t4readEv
                0x0000000000003320       0x2a hwlib.o
                0x0000000000003320                hwlib::port_oc_from_pins_t::read()
 .text._ZN5hwlib19port_oc_from_pins_t5writeEj
                0x000000000000334a       0x28 hwlib.o
                0x000000000000334a                hwlib::port_oc_from_pins_t::write(unsigned int)
 .text._ZN5hwlib19port_oc_from_pins_t7refreshEv
                0x0000000000003372       0x20 hwlib.o
                0x0000000000003372                hwlib::port_oc_from_pins_t::refresh()
 .text._ZN5hwlib19port_oc_from_pins_t5flushEv
                0x0000000000003392       0x20 hwlib.o
                0x0000000000003392                hwlib::port_oc_from_pins_t::flush()
 .text._ZN5hwlib20cout_using_uart_putc5flushEv
                0x00000000000033b2        0x2 hwlib.o
                0x00000000000033b2                hwlib::cout_using_uart_putc::flush()
 .text._ZNK5hwlib9image_8x819read_implementationENS_2xyE
                0x00000000000033b4       0x44 hwlib.o
                0x00000000000033b4                hwlib::image_8x8::read_implementation(hwlib::xy) const
 .text._ZN5hwlib13window_part_t5flushEv
                0x00000000000033f8        0x8 hwlib.o
                0x00000000000033f8                hwlib::window_part_t::flush()
 .text._ZN5hwlib5panicEPKcj
                0x0000000000003400        0x2 hwlib.o
                0x0000000000003400                hwlib::panic(char const*, unsigned int)
 *fill*         0x0000000000003402        0x2 
 .text._ZN5hwlib10background18do_background_workEv
                0x0000000000003404       0x3c hwlib.o
                0x0000000000003404                hwlib::background::do_background_work()
 .text._ZN5hwlib3allENS_2xyE
                0x0000000000003440       0x16 hwlib.o
                0x0000000000003440                hwlib::all(hwlib::xy)
 .text._ZNK5hwlib5colorngEv
                0x0000000000003456       0x2e hwlib.o
                0x0000000000003456                hwlib::color::operator-() const
 .text._ZN5hwlib12port_in_fromERNS_6pin_inES1_S1_S1_S1_S1_S1_S1_S1_S1_S1_S1_S1_S1_S1_S1_
                0x0000000000003484       0x68 hwlib.o
                0x0000000000003484                hwlib::port_in_from(hwlib::pin_in&, hwlib::pin_in&, hwlib::pin_in&, hwlib::pin_in&, hwlib::pin_in&, hwlib::pin_in&, hwlib::pin_in&, hwlib::pin_in&, hwlib::pin_in&, hwlib::pin_in&, hwlib::pin_in&, hwlib::pin_in&, hwlib::pin_in&, hwlib::pin_in&, hwlib::pin_in&, hwlib::pin_in&)
 .text._ZN5hwlib12port_oc_fromERNS_6pin_ocES1_S1_S1_S1_S1_S1_S1_S1_S1_S1_S1_S1_S1_S1_S1_
                0x00000000000034ec       0x68 hwlib.o
                0x00000000000034ec                hwlib::port_oc_from(hwlib::pin_oc&, hwlib::pin_oc&, hwlib::pin_oc&, hwlib::pin_oc&, hwlib::pin_oc&, hwlib::pin_oc&, hwlib::pin_oc&, hwlib::pin_oc&, hwlib::pin_oc&, hwlib::pin_oc&, hwlib::pin_oc&, hwlib::pin_oc&, hwlib::pin_oc&, hwlib::pin_oc&, hwlib::pin_oc&, hwlib::pin_oc&)
 .text._ZNK5hwlib5image4readENS_2xyE
                0x0000000000003554       0x3a hwlib.o
                0x0000000000003554                hwlib::image::read(hwlib::xy) const
 .text._ZNK5hwlib14image_invert_t19read_implementationENS_2xyE
                0x000000000000358e       0x64 hwlib.o
                0x000000000000358e                hwlib::image_invert_t::read_implementation(hwlib::xy) const
 *fill*         0x00000000000035f2        0x2 
 .text._ZN5hwlib6invertERKNS_5imageE
                0x00000000000035f4       0x18 hwlib.o
                0x00000000000035f4                hwlib::invert(hwlib::image const&)
 .text._ZN5hwlib13window_part_t20write_implementationENS_2xyENS_5colorE
                0x000000000000360c       0x2e hwlib.o
                0x000000000000360c                hwlib::window_part_t::write_implementation(hwlib::xy, hwlib::color)
 *fill*         0x000000000000363a        0x2 
 .text._ZN5hwlib4partERNS_6windowENS_2xyES2_
                0x000000000000363c       0x5c hwlib.o
                0x000000000000363c                hwlib::part(hwlib::window&, hwlib::xy, hwlib::xy)
 .text._ZN3due9uart_initEv
                0x0000000000003698       0x60 hwlib.o
                0x0000000000003698                due::uart_init()
 .text._ZN3due9uart_putcEc
                0x00000000000036f8       0x20 hwlib.o
                0x00000000000036f8                due::uart_putc(char)
 .text._ZN5hwlib20cout_using_uart_putc4putcEc
                0x0000000000003718        0xa hwlib.o
                0x0000000000003718                hwlib::cout_using_uart_putc::putc(char)
 .text._ZN5hwlib6now_usEv
                0x0000000000003722       0x1c hwlib.o
                0x0000000000003722                hwlib::now_us()
 .text._ZN5hwlib12wait_us_busyEi
                0x000000000000373e       0x1c hwlib.o
                0x000000000000373e                hwlib::wait_us_busy(int)
 .text._ZN3due7pin_out5writeEb
                0x000000000000375a        0xe main.o
                0x000000000000375a                due::pin_out::write(bool)
 .text._ZN3due7pin_out5flushEv
                0x0000000000003768        0x2 main.o
                0x0000000000003768                due::pin_out::flush()
 *fill*         0x000000000000376a        0x2 
 .text._ZN3due8d2_36kHz5writeEb
                0x000000000000376c       0x18 main.o
                0x000000000000376c                due::d2_36kHz::write(bool)
 .text._ZN3due8d2_36kHz5flushEv
                0x0000000000003784        0x2 main.o
                0x0000000000003784                due::d2_36kHz::flush()
 .text._ZN4rtos7channelI11TypeMessageLi10EE5clearEv
                0x0000000000003786       0x10 main.o
                0x0000000000003786                rtos::channel<TypeMessage, 10>::clear()
 .text._ZN4rtos7channelIcLi18EE5clearEv
                0x0000000000003796       0x10 main.o
                0x0000000000003796                rtos::channel<char, 18>::clear()
 .text._ZN4rtos7channelI8buttonidLi10EE5clearEv
                0x00000000000037a6       0x10 main.o
                0x00000000000037a6                rtos::channel<buttonid, 10>::clear()
 .text.startup._ZN10ButtonTaak4mainEv
                0x00000000000037b6       0x64 main.o
                0x00000000000037b6                ButtonTaak::main()
 *fill*         0x000000000000381a        0x2 
 .text._ZN3due7pin_outC2ENS_4pinsE
                0x000000000000381c       0x34 main.o
                0x000000000000381c                due::pin_out::pin_out(due::pins)
                0x000000000000381c                due::pin_out::pin_out(due::pins)
 .text._ZN4rtos8callbackD2Ev
                0x0000000000003850       0x30 main.o
                0x0000000000003850                rtos::callback::~callback()
                0x0000000000003850                rtos::callback::~callback()
 .text._ZN4rtos4taskILi4096EEC2EPKc
                0x0000000000003880       0x58 main.o
                0x0000000000003880                rtos::task<4096>::task(char const*)
                0x0000000000003880                rtos::task<4096>::task(char const*)
 .text.startup.main
                0x00000000000038d8      0x3b4 main.o
                0x00000000000038d8                main
 .text.__startup
                0x0000000000003c8c       0x48 bmptk_cortex.o
                0x0000000000003c8c                __startup
 .text.__cxa_pure_virtual
                0x0000000000003cd4        0x2 bmptk_cortex.o
                0x0000000000003cd4                __cxa_pure_virtual
 *fill*         0x0000000000003cd6        0x2 
 .text.malloc   0x0000000000003cd8       0x24 bmptk_heap_bmptk.o
                0x0000000000003cd8                malloc
 .text          0x0000000000003cfc       0xa0 /usr/bin/../lib/gcc/arm-none-eabi/7.3.1/thumb/v7-m/libgcc.a(_aeabi_ldivmod.o)
                0x0000000000003cfc                __aeabi_ldivmod
 .text          0x0000000000003d9c       0x30 /usr/bin/../lib/gcc/arm-none-eabi/7.3.1/thumb/v7-m/libgcc.a(_aeabi_uldivmod.o)
                0x0000000000003d9c                __aeabi_uldivmod
 .text          0x0000000000003dcc      0x2d0 /usr/bin/../lib/gcc/arm-none-eabi/7.3.1/thumb/v7-m/libgcc.a(_udivmoddi4.o)
                0x0000000000003dcc                __udivmoddi4
 .text          0x000000000000409c        0x4 /usr/bin/../lib/gcc/arm-none-eabi/7.3.1/thumb/v7-m/libgcc.a(_dvmd_tls.o)
                0x000000000000409c                __aeabi_ldiv0
 .text          0x00000000000040a0       0xec /usr/bin/../lib/gcc/arm-none-eabi/7.3.1/../../../../arm-none-eabi/lib/thumb/v7-m/libc.a(lib_a-memcpy.o)
                0x00000000000040a0                memcpy
 .text.memset   0x000000000000418c       0x94 /usr/bin/../lib/gcc/arm-none-eabi/7.3.1/../../../../arm-none-eabi/lib/thumb/v7-m/libc.a(lib_a-memset.o)
                0x000000000000418c                memset
                0x0000000000004220                . = ALIGN (0x4)
 *(.glue_7t .glue_7)
 .glue_7        0x0000000000004220        0x0 linker stubs
 .glue_7t       0x0000000000004220        0x0 linker stubs
                0x0000000000004220                . = ALIGN (0x4)
 *(.rodata .rodata.* .gnu.linkonce.r.*)
 .rodata._ZTVN5hwlib26i2c_bus_bit_banged_scl_sdaE
                0x0000000000004220       0x34 DisplayTaak.o
                0x0000000000004220                vtable for hwlib::i2c_bus_bit_banged_scl_sda
 .rodata._ZTVN5hwlib4lineE
                0x0000000000004254        0xc DisplayTaak.o
                0x0000000000004254                vtable for hwlib::line
 .rodata._ZTVN5hwlib13terminal_fromE
                0x0000000000004260       0x20 DisplayTaak.o
                0x0000000000004260                vtable for hwlib::terminal_from
 .rodata._ZTVN5hwlib16font_default_8x8E
                0x0000000000004280        0xc DisplayTaak.o
                0x0000000000004280                vtable for hwlib::font_default_8x8
 .rodata._ZTVN5hwlib29glcd_oled_i2c_128x64_bufferedE
                0x000000000000428c       0x18 DisplayTaak.o
                0x000000000000428c                vtable for hwlib::glcd_oled_i2c_128x64_buffered
 .rodata._ZTVN3due6pin_ocE
                0x00000000000042a4       0x18 DisplayTaak.o
                0x00000000000042a4                vtable for due::pin_oc
 .rodata._ZN11DisplayTaak4mainEv.str1.1
                0x00000000000042bc       0x3f DisplayTaak.o
                                         0x41 (size before relaxing)
 .rodata._ZN3due8pin_infoENS_4pinsE.str1.1
                0x00000000000042fb       0x33 DisplayTaak.o
 .rodata._ZN5hwlibL11unspecifiedE
                0x000000000000432e        0x4 DisplayTaak.o
 .rodata._ZN5hwlibL22ssd1306_initializationE
                0x0000000000004332       0x29 DisplayTaak.o
 *fill*         0x000000000000435b        0x1 
 .rodata._ZTV11DisplayTaak
                0x000000000000435c       0x14 DisplayTaak.o
                0x000000000000435c                vtable for DisplayTaak
 .rodata._ZZN3due8pin_infoENS_4pinsEE14pin_info_array
                0x0000000000004370       0xa4 DisplayTaak.o
 .rodata._ZN16InputControlTaak4mainEv.str1.1
                0x0000000000004414       0x34 InputControlTaak.o
 .rodata._ZTV16InputControlTaak
                0x0000000000004414       0x24 InputControlTaak.o
                0x0000000000004414                vtable for InputControlTaak
 .rodata._ZTVN5hwlib21port_direct_from_in_tE
                0x0000000000004438       0x14 KeypadTaak.o
                0x0000000000004438                vtable for hwlib::port_direct_from_in_t
 .rodata._ZTVN5hwlib21port_direct_from_oc_tE
                0x000000000000444c       0x1c KeypadTaak.o
                0x000000000000444c                vtable for hwlib::port_direct_from_oc_t
 .rodata._ZTVN3due6pin_inE
                0x0000000000004468       0x10 KeypadTaak.o
                0x0000000000004468                vtable for due::pin_in
 .rodata._ZTVN5hwlib6keypadILi16EEE
                0x0000000000004478       0x14 KeypadTaak.o
                0x0000000000004478                vtable for hwlib::keypad<16>
 .rodata._ZN10KeypadTaak4mainEv.str1.1
                0x000000000000448c       0x12 KeypadTaak.o
 *fill*         0x000000000000449e        0x2 
 .rodata._ZTV10KeypadTaak
                0x00000000000044a0       0x14 KeypadTaak.o
                0x00000000000044a0                vtable for KeypadTaak
 .rodata._ZN11RunGameTaak4mainEv.str1.1
                0x00000000000044b4       0xad runGameTaak.o
 .rodata._ZN4rtos7channelI8buttonidLi10EE4readEv.str1.1
                0x0000000000004561       0x34 runGameTaak.o
 *fill*         0x0000000000004561        0x3 
 .rodata._ZTV11RunGameTaak
                0x0000000000004564       0x34 runGameTaak.o
                0x0000000000004564                vtable for RunGameTaak
 .rodata._ZTV8SendTask
                0x0000000000004598       0x14 SendTask.o
                0x0000000000004598                vtable for SendTask
 .rodata._ZN23TransferHitsControlTaak4mainEv.str1.1
                0x00000000000045ac       0x3b TransferHitsControlTaak.o
                                         0x3d (size before relaxing)
 *fill*         0x00000000000045e7        0x1 
 .rodata._ZTV23TransferHitsControlTaak
                0x00000000000045e8       0x14 TransferHitsControlTaak.o
                0x00000000000045e8                vtable for TransferHitsControlTaak
 .rodata._ZTVN4rtos8waitableE
                0x00000000000045fc        0xc rtos.o
                0x00000000000045fc                vtable for rtos::waitable
 .rodata._ZTVN4rtos4flagE
                0x0000000000004608        0xc rtos.o
                0x0000000000004608                vtable for rtos::flag
 .rodata._ZTVN4rtos8callbackE
                0x0000000000004614       0x10 rtos.o
                0x0000000000004614                vtable for rtos::callback
 .rodata._ZTVN4rtos12channel_baseE
                0x0000000000004624        0xc rtos.o
                0x0000000000004624                vtable for rtos::channel_base
 .rodata._Z15task_trampolinev.str1.1
                0x0000000000004630       0x2e rtos.o
 .rodata._ZN4rtos12waitable_set17waitable_allocateEv.str1.1
                0x000000000000465e       0x1b rtos.o
 .rodata._ZN4rtos3addEPNS_9task_baseE.str1.1
                0x0000000000004679       0x2e rtos.o
 .rodata._ZN4rtos3runEv.str1.1
                0x00000000000046a7       0x11 rtos.o
 .rodata._ZN4rtos4beatEv.str1.1
                0x00000000000046b8       0x3e rtos.o
 .rodata._ZN4rtos5printERN5hwlib7ostreamE.str1.1
                0x00000000000046f6       0x83 rtos.o
 .rodata._ZN4rtos9task_base5blockEv.str1.1
                0x0000000000004779       0x37 rtos.o
                                         0x4b (size before relaxing)
 .rodata._ZN4rtos9task_baseC2ER9coroutineILl0EEjPKc.str1.1
                0x00000000000047b0        0x8 rtos.o
 .rodata._ZNK4rtos12channel_base5printERN5hwlib7ostreamEb.str1.1
                0x00000000000047b8       0x23 rtos.o
 .rodata._ZNK4rtos12mailbox_base5printERN5hwlib7ostreamEb.str1.1
                0x00000000000047db       0x1b rtos.o
 .rodata._ZNK4rtos4flag5printERN5hwlib7ostreamEb.str1.1
                0x00000000000047f6       0x1e rtos.o
 .rodata._ZNK4rtos5clock5printERN5hwlib7ostreamEb.str1.1
                0x0000000000004814       0x1d rtos.o
 .rodata._ZNK4rtos5eventeqERKS0_.str1.1
                0x0000000000004831       0x21 rtos.o
 .rodata._ZNK4rtos5eventplERKS0_.str1.1
                0x0000000000004852       0x1e rtos.o
 .rodata._ZNK4rtos5mutex5printERN5hwlib7ostreamEb.str1.1
                0x0000000000004870       0x29 rtos.o
 .rodata._ZNK4rtos5timer5printERN5hwlib7ostreamEb.str1.1
                0x0000000000004899       0x13 rtos.o
 .rodata._ZNK4rtos9pool_base5printERN5hwlib7ostreamEb.str1.1
                0x00000000000048ac       0x10 rtos.o
 .rodata._ZNK4rtos9task_base5printERN5hwlib7ostreamEb.str1.1
                0x00000000000048bc       0x39 rtos.o
 *fill*         0x00000000000048f5        0x3 
 .rodata._ZTVN4rtos5clockE
                0x00000000000048f8       0x20 rtos.o
                0x00000000000048f8                vtable for rtos::clock
 .rodata._ZTVN4rtos5timerE
                0x0000000000004918       0x24 rtos.o
                0x0000000000004918                vtable for rtos::timer
 .rodata._ZTVN4rtos9task_baseE
                0x000000000000493c       0x14 rtos.o
                0x000000000000493c                vtable for rtos::task_base
 .rodata._ZTVN5hwlib14pin_in_dummy_tE
                0x0000000000004950       0x10 hwlib.o
                0x0000000000004950                vtable for hwlib::pin_in_dummy_t
 .rodata._ZTVN5hwlib14pin_oc_dummy_tE
                0x0000000000004960       0x18 hwlib.o
                0x0000000000004960                vtable for hwlib::pin_oc_dummy_t
 .rodata._ZTVN5hwlib19port_in_from_pins_tE
                0x0000000000004978       0x14 hwlib.o
                0x0000000000004978                vtable for hwlib::port_in_from_pins_t
 .rodata._ZTVN5hwlib19port_oc_from_pins_tE
                0x000000000000498c       0x1c hwlib.o
                0x000000000000498c                vtable for hwlib::port_oc_from_pins_t
 .rodata._ZTVN5hwlib20cout_using_uart_putcE
                0x00000000000049a8       0x10 hwlib.o
                0x00000000000049a8                vtable for hwlib::cout_using_uart_putc
 .rodata._ZTVN5hwlib9image_8x8E
                0x00000000000049b8        0xc hwlib.o
                0x00000000000049b8                vtable for hwlib::image_8x8
 .rodata._ZTVN5hwlib14image_invert_tE
                0x00000000000049c4        0xc hwlib.o
                0x00000000000049c4                vtable for hwlib::image_invert_t
 .rodata._ZTVN5hwlib13window_part_tE
                0x00000000000049d0       0x18 hwlib.o
                0x00000000000049d0                vtable for hwlib::window_part_t
 .rodata._ZN5hwlib16font_default_8x86imagesE
                0x00000000000049e8      0xa00 hwlib.o
                0x00000000000049e8                hwlib::font_default_8x8::images
 .rodata._ZN5hwlibL5blackE
                0x00000000000053e8        0x4 hwlib.o
 .rodata._ZN5hwlibL5whiteE
                0x00000000000053ec        0x4 hwlib.o
 .rodata._ZTVN3due7pin_outE
                0x00000000000053f0       0x10 main.o
                0x00000000000053f0                vtable for due::pin_out
 .rodata._ZTVN3due8d2_36kHzE
                0x0000000000005400       0x10 main.o
                0x0000000000005400                vtable for due::d2_36kHz
 .rodata._ZTVN4rtos4taskILi4096EEE
                0x0000000000005410       0x14 main.o
                0x0000000000005410                vtable for rtos::task<4096>
 .rodata._ZTVN4rtos7channelI11TypeMessageLi10EEE
                0x0000000000005424        0xc main.o
                0x0000000000005424                vtable for rtos::channel<TypeMessage, 10>
 .rodata._ZTV10ButtonTaak
                0x0000000000005430       0x14 main.o
                0x0000000000005430                vtable for ButtonTaak
 .rodata._ZTVN4rtos7channelIcLi18EEE
                0x0000000000005444        0xc main.o
                0x0000000000005444                vtable for rtos::channel<char, 18>
 .rodata._ZTVN4rtos7channelI8buttonidLi10EEE
                0x0000000000005450        0xc main.o
                0x0000000000005450                vtable for rtos::channel<buttonid, 10>
 .rodata._ZN4rtos8callbackD2Ev.str1.1
                0x000000000000545c       0x21 main.o
                                         0x35 (size before relaxing)
 .rodata.main.str1.1
                0x000000000000547d       0xf2 main.o
                0x0000000000005570                . = ALIGN (0x4)
 *fill*         0x000000000000556f        0x1 
 *(.ARM.extab* .gnu.linkonce.armextab.*)
                0x0000000000005570                . = ALIGN (0x4)
 *(.gcc_except_table)
                0x0000000000005570                . = ALIGN (0x4)
 *(.eh_frame_hdr)
                0x0000000000005570                . = ALIGN (0x4)
 *(.eh_frame)
                0x0000000000005570                . = ALIGN (0x4)
                0x0000000000005570                __text_end = .
                [!provide]                        PROVIDE (__text_end = __text_end)

.vfp11_veneer   0x0000000000005570        0x0
 .vfp11_veneer  0x0000000000005570        0x0 linker stubs

.v4_bx          0x0000000000005570        0x0
 .v4_bx         0x0000000000005570        0x0 linker stubs

.iplt           0x0000000000005570        0x0
 .iplt          0x0000000000005570        0x0 DisplayTaak.o

.IF_YOU_SEE_THIS_YOU_HAVE_ONE_OR_MORE_GLOBAL_OBJECT_CONSTRUCTORS
 *(.init)
 *(.preinit_array)
 *(SORT_BY_NAME(.init_array.*))
 *(.init_array)
                0x0000000000005570                . = ALIGN (0x4)
                0x0000000000005570                __exidx_start = .
                [!provide]                        PROVIDE (__exidx_start = __exidx_start)

.ARM.exidx      0x0000000000005570        0x8
 *(.ARM.exidx* .gnu.linkonce.armexidx.*)
 .ARM.exidx     0x0000000000005570        0x8 /usr/bin/../lib/gcc/arm-none-eabi/7.3.1/thumb/v7-m/libgcc.a(_udivmoddi4.o)

.rel.dyn        0x0000000000005578        0x0
 .rel.iplt      0x0000000000005578        0x0 DisplayTaak.o
                0x0000000000005578                . = ALIGN (0x4)
                0x0000000000005578                __exidx_end = .
                [!provide]                        PROVIDE (__exidx_end = __exidx_end)

.bss            0x0000000020000000    0x1405c
                0x0000000020000000                . = ALIGN (0x4)
                0x0000000020000000                __stack_start = .
                [!provide]                        PROVIDE (__stack_start = __stack_start)
                0x0000000020000000                . = ALIGN (0x4)
 *(.bmptk_stack)
 .bmptk_stack   0x0000000020000000    0x14000 bmptk_fixed_size_stack.o
                0x0000000020000000                bmptk_stack
                0x0000000020014000                . = ALIGN (0x8)
                0x0000000020014000                __main_stack_end = .
                [!provide]                        PROVIDE (__main_stack_end = __main_stack_end)
                0x0000000020014000                . = ALIGN (0x4)
                0x0000000020014000                __stack_end = .
                [!provide]                        PROVIDE (__stack_end = __stack_end)
                0x0000000020014000                . = ALIGN (0x4)
                0x0000000020014000                __bss_start = .
                [!provide]                        PROVIDE (__bss_start = __bss_start)
                0x0000000020014000                . = ALIGN (0x4)
 *(.bss .bss.* .gnu.linkonce.b.*)
 .bss._ZZN3due9now_ticksEvE4high
                0x0000000020014000        0x8 DisplayTaak.o
 .bss._ZZN3due9now_ticksEvE8last_low
                0x0000000020014008        0x4 DisplayTaak.o
 .bss._ZZN3due9now_ticksEvE9init_done
                0x000000002001400c        0x1 DisplayTaak.o
 *fill*         0x000000002001400d        0x3 
 .bss._ZN17coroutine_context7main_spE
                0x0000000020014010        0x4 coroutine.o
                0x0000000020014010                coroutine_context::main_sp
 .bss._ZN4rtos10must_clearE
                0x0000000020014014        0x1 rtos.o
                0x0000000020014014                rtos::must_clear
 *fill*         0x0000000020014015        0x3 
 .bss._ZN4rtos17rtos_current_taskE
                0x0000000020014018        0x4 rtos.o
                0x0000000020014018                rtos::rtos_current_task
 .bss._ZN4rtos17scheduler_runningE
                0x000000002001401c        0x1 rtos.o
                0x000000002001401c                rtos::scheduler_running
 *fill*         0x000000002001401d        0x3 
 .bss._ZN4rtos5flagsE
                0x0000000020014020        0x4 rtos.o
                0x0000000020014020                rtos::flags
 .bss._ZN4rtos5poolsE
                0x0000000020014024        0x4 rtos.o
                0x0000000020014024                rtos::pools
 .bss._ZN4rtos6clocksE
                0x0000000020014028        0x4 rtos.o
                0x0000000020014028                rtos::clocks
 .bss._ZN4rtos6timersE
                0x000000002001402c        0x4 rtos.o
                0x000000002001402c                rtos::timers
 .bss._ZN4rtos7mutexesE
                0x0000000020014030        0x4 rtos.o
                0x0000000020014030                rtos::mutexes
 .bss._ZN4rtos8channelsE
                0x0000000020014034        0x4 rtos.o
                0x0000000020014034                rtos::channels
 .bss._ZN4rtos8taskListE
                0x0000000020014038        0x4 rtos.o
                0x0000000020014038                rtos::taskList
 .bss._ZN4rtos9mailboxesE
                0x000000002001403c        0x4 rtos.o
                0x000000002001403c                rtos::mailboxes
 .bss._ZN4rtos9timerListE
                0x0000000020014040        0x4 rtos.o
                0x0000000020014040                rtos::timerList
 *fill*         0x0000000020014044        0x4 
 .bss.last_run_time
                0x0000000020014048        0x8 rtos.o
                0x0000000020014048                last_run_time
 .bss._ZN5hwlib10background5firstE
                0x0000000020014050        0x4 hwlib.o
                0x0000000020014050                hwlib::background::first
 .bss._ZN5hwlib10background7currentE
                0x0000000020014054        0x4 hwlib.o
                0x0000000020014054                hwlib::background::current
 .bss._ZN5hwlib10background7runningE
                0x0000000020014058        0x1 hwlib.o
                0x0000000020014058                hwlib::background::running
 .bss._ZZN3due9uart_initEvE9init_done
                0x0000000020014059        0x1 hwlib.o
                0x000000002001405c                . = ALIGN (0x4)
 *fill*         0x000000002001405a        0x2 
 *(COMMON)
                0x000000002001405c                . = ALIGN (0x4)
                0x000000002001405c                __bss_end = .
                [!provide]                        PROVIDE (__bss_end = __bss_end)

.data           0x000000002001405c       0x30 load address 0x0000000000005578
                0x000000002001405c                . = ALIGN (0x4)
                0x0000000000005578                __data_init_start = LOADADDR (.data)
                [!provide]                        PROVIDE (__data_init_start = __data_init_start)
                0x000000002001405c                __data_start = .
                [!provide]                        PROVIDE (__data_start = __data_start)
                0x000000002001405c                . = ALIGN (0x4)
 *(.data .data.* .gnu.linkonce.d.*)
 .data._ZN6sam3xa15SystemCoreClockE
                0x000000002001405c        0x4 DisplayTaak.o
                0x000000002001405c                sam3xa::SystemCoreClock
 .data._ZN17coroutine_context24current_coroutine_sp_ptrE
                0x0000000020014060        0x4 coroutine.o
                0x0000000020014060                coroutine_context::current_coroutine_sp_ptr
 .data._ZN3due7hw_uartE
                0x0000000020014064        0x4 hwlib.o
                0x0000000020014064                due::hw_uart
 .data._ZN5hwlib12pin_in_dummyE
                0x0000000020014068        0x4 hwlib.o
                0x0000000020014068                hwlib::pin_in_dummy
 .data._ZN5hwlib12pin_oc_dummyE
                0x000000002001406c        0x4 hwlib.o
                0x000000002001406c                hwlib::pin_oc_dummy
 .data._ZN5hwlib4coutE
                0x0000000020014070       0x14 hwlib.o
                0x0000000020014070                hwlib::cout
 .data._first_free
                0x0000000020014084        0x4 bmptk_heap_bmptk.o
                0x0000000020014084                _first_free
 .data._last_free
                0x0000000020014088        0x4 bmptk_heap_bmptk.o
                0x0000000020014088                _last_free
                0x000000002001408c                . = ALIGN (0x4)
                0x000000002001408c                __data_end = .
                [!provide]                        PROVIDE (__data_end = __data_end)
                0x0000000000005578                __data_init_end = LOADADDR (.data)
                [!provide]                        PROVIDE (__data_init_end = __data_init_end)
                [!provide]                        PROVIDE (__data_size = (__data_end - __data_start))
                [!provide]                        PROVIDE (__data_init_size = __data_size)
                [!provide]                        PROVIDE (__data_init_end = (__data_init_start + __data_init_size))

.igot.plt       0x000000002001408c        0x0 load address 0x00000000000055a8
 .igot.plt      0x000000002001408c        0x0 DisplayTaak.o
                0x000000002001408c                . = ALIGN (0x4)
                0x000000002001408c                __heap_start = .
                [!provide]                        PROVIDE (__heap_start = __heap_start)
                0x000000002001408c                . = ALIGN (0x4)
                0x0000000020018000                __heap_end = __ram_end
                [!provide]                        PROVIDE (__heap_end = __heap_end)

.stab
 *(.stab)

.stabstr
 *(.stabstr)

.debug
 *(.debug)

.line
 *(.line)

.debug_srcinfo
 *(.debug_srcinfo)

.debug_sfnames
 *(.debug_sfnames)

.debug_aranges
 *(.debug_aranges)

.debug_pubnames
 *(.debug_pubnames)

.debug_info
 *(.debug_info .gnu.linkonce.wi.*)

.debug_abbrev
 *(.debug_abbrev)

.debug_line
 *(.debug_line)

.debug_frame    0x0000000000000000       0xdc
 *(.debug_frame)
 .debug_frame   0x0000000000000000       0x44 /usr/bin/../lib/gcc/arm-none-eabi/7.3.1/thumb/v7-m/libgcc.a(_aeabi_ldivmod.o)
 .debug_frame   0x0000000000000044       0x2c /usr/bin/../lib/gcc/arm-none-eabi/7.3.1/thumb/v7-m/libgcc.a(_aeabi_uldivmod.o)
 .debug_frame   0x0000000000000070       0x34 /usr/bin/../lib/gcc/arm-none-eabi/7.3.1/thumb/v7-m/libgcc.a(_udivmoddi4.o)
 .debug_frame   0x00000000000000a4       0x38 /usr/bin/../lib/gcc/arm-none-eabi/7.3.1/../../../../arm-none-eabi/lib/thumb/v7-m/libc.a(lib_a-memset.o)

.comment        0x0000000000000000       0x7f
 .comment       0x0000000000000000       0x7f DisplayTaak.o
                                         0x80 (size before relaxing)
 .comment       0x000000000000007f       0x80 InputControlTaak.o
 .comment       0x000000000000007f       0x80 KeypadTaak.o
 .comment       0x000000000000007f       0x80 PlayerInfo.o
 .comment       0x000000000000007f       0x80 runGameTaak.o
 .comment       0x000000000000007f       0x80 SendTask.o
 .comment       0x000000000000007f       0x80 TransferHitsControlTaak.o
 .comment       0x000000000000007f       0x80 coroutine.o
 .comment       0x000000000000007f       0x80 rtos.o
 .comment       0x000000000000007f       0x80 hwlib.o
 .comment       0x000000000000007f       0x80 main.o
 .comment       0x000000000000007f       0x80 bmptk_cortex.o
 .comment       0x000000000000007f       0x80 bmptk_heap_bmptk.o
 .comment       0x000000000000007f       0x80 bmptk_fixed_size_stack.o

.debug_str
 *(.debug_str)

.debug_loc
 *(.debug_loc)

.debug_macinfo
 *(.debug_macinfo)

.debug_weaknames
 *(.debug_weaknames)

.debug_funcnames
 *(.debug_funcnames)

.debug_typenames
 *(.debug_typenames)

.debug_varnames
 *(.debug_varnames)

.note.gnu.arm.ident
 *(.note.gnu.arm.ident)

.ARM.attributes
                0x0000000000000000       0x31
 *(.ARM.attributes)
 .ARM.attributes
                0x0000000000000000       0x33 DisplayTaak.o
 .ARM.attributes
                0x0000000000000033       0x33 InputControlTaak.o
 .ARM.attributes
                0x0000000000000066       0x33 KeypadTaak.o
 .ARM.attributes
                0x0000000000000099       0x33 PlayerInfo.o
 .ARM.attributes
                0x00000000000000cc       0x33 runGameTaak.o
 .ARM.attributes
                0x00000000000000ff       0x33 SendTask.o
 .ARM.attributes
                0x0000000000000132       0x33 TransferHitsControlTaak.o
 .ARM.attributes
                0x0000000000000165       0x21 switch_to.o
 .ARM.attributes
                0x0000000000000186       0x33 coroutine.o
 .ARM.attributes
                0x00000000000001b9       0x33 rtos.o
 .ARM.attributes
                0x00000000000001ec       0x33 hwlib.o
 .ARM.attributes
                0x000000000000021f       0x33 main.o
 .ARM.attributes
                0x0000000000000252       0x33 bmptk_cortex.o
 .ARM.attributes
                0x0000000000000285       0x33 bmptk_heap_bmptk.o
 .ARM.attributes
                0x00000000000002b8       0x33 bmptk_fixed_size_stack.o
 .ARM.attributes
                0x00000000000002eb       0x1d /usr/bin/../lib/gcc/arm-none-eabi/7.3.1/thumb/v7-m/libgcc.a(_aeabi_ldivmod.o)
 .ARM.attributes
                0x0000000000000308       0x1d /usr/bin/../lib/gcc/arm-none-eabi/7.3.1/thumb/v7-m/libgcc.a(_aeabi_uldivmod.o)
 .ARM.attributes
                0x0000000000000325       0x2d /usr/bin/../lib/gcc/arm-none-eabi/7.3.1/thumb/v7-m/libgcc.a(_udivmoddi4.o)
 .ARM.attributes
                0x0000000000000352       0x1d /usr/bin/../lib/gcc/arm-none-eabi/7.3.1/thumb/v7-m/libgcc.a(_dvmd_tls.o)
 .ARM.attributes
                0x000000000000036f       0x1b /usr/bin/../lib/gcc/arm-none-eabi/7.3.1/../../../../arm-none-eabi/lib/thumb/v7-m/libc.a(lib_a-memcpy.o)
 .ARM.attributes
                0x000000000000038a       0x2d /usr/bin/../lib/gcc/arm-none-eabi/7.3.1/../../../../arm-none-eabi/lib/thumb/v7-m/libc.a(lib_a-memset.o)

/DISCARD/
 *(.note.GNU-stack)
                [!provide]                        PROVIDE (__text_size = (__text_end - __text_start))
                [!provide]                        PROVIDE (__exidx_size = (__exidx_end - __exidx_start))
                [!provide]                        PROVIDE (__bss_size = (__bss_end - __bss_start))
                [!provide]                        PROVIDE (__stack_size = (__stack_end - __stack_start))
                [!provide]                        PROVIDE (__heap_size = (__heap_end - __heap_start))
OUTPUT(main.elf elf32-littlearm)
